172.24.222.138 - - [06/Aug/2007:00:05:29 -0700] "GET /media/img/techtalk_logo.png HTTP/1.1" 200 18840 "-" "googlebot-mscrawl-moma (Enterprise; GIX-03752; gnat@google.com,kat@google.com,mattg@google.com,gopinath@google.com)"
172.19.243.193 - - [06/Aug/2007:00:05:41 -0700] "GET /talks/3033/ HTTP/1.0" 200 528 "-" "Mozilla/5.0 (Windows; U; Windows NT 5.1; en-US; rv:1.8.1.6) Gecko/20070725 Firefox/2.0.0.6"
172.19.252.112 - - [06/Aug/2007:00:13:28 -0700] "GET /~nparlante/puzzle/place-bbbe-bbbi.jpg HTTP/1.0" 200 4284 "-" "googlebot-mscrawl-moma (Enterprise; C5-JFHFMDWZ6UJJS; gnat@google.com,kat@google.com,mattg@google.com,tjd@google.com)"
172.25.132.28 - - [06/Aug/2007:00:14:26 -0700] "GET /talks/1049/ HTTP/1.0" 200 528 "-" "Mozilla/5.0 (Windows; U; Windows NT 5.1; en-US; rv:1.8.1.6) Gecko/20070725 Firefox/2.0.0.6"
172.25.132.28 - - [06/Aug/2007:00:06:30 -0700] "GET /~nparlante/puzzle/place-bdag-baff.jpg HTTP/1.0" 302 18124 "-" "googlebot-mscrawl-moma (Enterprise; GIX-03752; gnat@google.com,kat@google.com,mattg@google.com,gopinath@google.com)"
172.30.60.53 - - [06/Aug/2007:00:09:22 -0700] "GET /~nparlante/puzzle/place-bfib-bbbd.jpg HTTP/1.0" 404 10496 "-" "Mozilla/5.0 (Windows; U; Windows NT 5.1; en-US; rv:1.8.1.6) Gecko/20070725 Firefox/2.0.0.6"
172.25.132.28 - - [06/Aug/2007:00:13:52 -0700] "GET /~nparlante/puzzle/place-bdcg-baeg.jpg HTTP/1.0" 302 513 "-" "googlebot-mscrawl-moma (Enterprise; GIX-03752; gnat@google.com,kat@google.com,mattg@google.com,gopinath@google.com)"
172.30.18.57 - - [06/Aug/2007:00:13:41 -0700] "GET /talks/391/ HTTP/1.0" 200 4681 "-" "googlebot-mscrawl-moma (Enterprise; S4-GH7K4HW9PSNAA; tjd@google.com)"
172.24.222.138 - - [06/Aug/2007:00:06:17 -0700] "GET /talks/3824/ HTTP/1.0" 200 10496 "-" "Mozilla/5.0 (Windows; U; Windows NT 5.1; en-US; rv:1.8.1.6) Gecko/20070725 Firefox/2.0.0.6"
172.24.222.138 - - [06/Aug/2007:00:12:19 -0700] "GET /talks/914/ HTTP/1.0" 200 414 "-" "Mozilla/5.0 (Macintosh; U; Intel Mac OS X; en; rv:1.8.1.4) Gecko/20070509 Camino/1.5"
172.19.250.81 - - [06/Aug/2007:00:21:13 -0700] "GET /media/img/rss.png HTTP/1.0" 200 1823 "-" "Mozilla/5.0 (Macintosh; U; Intel Mac OS X; en; rv:1.8.1.4) Gecko/20070509 Camino/1.5"
172.19.250.29 - - [06/Aug/2007:00:12:18 -0700] "GET /robots.txt HTTP/1.0" 404 414 "-" "googlebot-mscrawl-moma (Enterprise; GIX-03752; gnat@google.com,kat@google.com,mattg@google.com,gopinath@google.com)"
172.24.222.138 - - [06/Aug/2007:00:18:55 -0700] "GET /media/img/no_picture.jpg HTTP/1.1" 302 10496 "-" "googlebot-mscrawl-moma (Enterprise; C5-JFHFMDWZ6UJJS; gnat@google.com,kat@google.com,mattg@google.com,tjd@google.com)"
172.24.6.63 - - [06/Aug/2007:00:21:12 -0700] "GET /?page=5 HTTP/1.0" 200 414 "-" "Mozilla/5.0 (X11; U; Linux i686 (x86_64); en-US; rv:1.8.1.4) Gecko/20070515 Firefox/2.0.0.4"
172.19.243.193 - - [06/Aug/2007:00:06:22 -0700] "GET /~nparlante/puzzle/place-bcgd-baig.jpg HTTP/1.0" 404 525 "-" "Mozilla/5.0 (Windows; U; Windows NT 5.1; en-US; rv:1.8.1.6) Gecko/20070725 Firefox/2.0.0.6"
172.24.222.138 - - [06/Aug/2007:00:18:53 -0700] "GET /~nparlante/puzzle/place-bhch-bbaf.jpg HTTP/1.0" 302 528 "-" "Mozilla/5.0 (Windows; U; Windows NT 5.1; en-US; rv:1.8) Gecko/20051111 Firefox/1.5"
172.19.250.120 - - [06/Aug/2007:00:20:27 -0700] "GET /~nparlante/puzzle/place-bjfd-bbcd.jpg HTTP/1.0" 200 6267 "-" "googlebot-mscrawl-moma (Enterprise; C5-JFHFMDWZ6UJJS; gnat@google.com,kat@google.com,mattg@google.com,tjd@google.com)"
172.25.226.66 - - [06/Aug/2007:00:14:53 -0700] "GET /talks/4884 HTTP/1.0" 302 414 "-" "googlebot-mscrawl-moma (Enterprise; C5-JFHFMDWZ6UJJS; gnat@google.com,kat@google.com,mattg@google.com,tjd@google.com)"
172.25.132.28 - - [06/Aug/2007:00:16:35 -0700] "GET /media/js_events/search.js HTTP/1.1" 302 2309 "-" "googlebot-mscrawl-moma (Enterprise; C5-JFHFMDWZ6UJJS; gnat@google.com,kat@google.com,mattg@google.com,tjd@google.com)"
10.1.40.113 - - [06/Aug/2007:00:10:06 -0700] "GET /talks/search/gloal%20infrastructure/?q=gloal+infrastructure&proxystylesheet=internal&hq=talks&site=internal&access=a&client=internal&words=&output=xml_no_dtd HTTP/1.1" 302 3341 "-" "Mozilla/5.0 (Windows; U; Windows NT 5.1; en-US; rv:1.8.1.6) Gecko/20070725 Firefox/2.0.0.6"
172.25.132.28 - - [06/Aug/2007:00:05:41 -0700] "GET /~nparlante/puzzle/place-bfhi-baai.jpg HTTP/1.0" 302 5694 "-" "googlebot-mscrawl-moma (Enterprise; C5-JFHFMDWZ6UJJS; gnat@google.com,kat@google.com,mattg@google.com,tjd@google.com)"
172.25.132.28 - - [06/Aug/2007:00:06:42 -0700] "GET /~nparlante/puzzle/place-becj-baea.jpg HTTP/1.0" 404 4971 "-" "Mozilla/5.0 (X11; U; Linux i686 (x86_64); en-US; rv:1.8.1.4) Gecko/20070515 Firefox/2.0.0.4"
10.1.40.113 - - [06/Aug/2007:00:06:16 -0700] "GET /talks/4959 HTTP/1.1" 200 402 "-" "Mozilla/5.0 (Macintosh; U; PPC Mac OS X Mach-O; en-US; rv:1.8.0.1) Gecko/20060111 Firefox/1.5.0.1"
172.24.222.138 - - [06/Aug/2007:00:11:13 -0700] "GET /~nparlante/puzzle/place-bfhi-bbea.jpg HTTP/1.0" 200 513 "-" "Mozilla/5.0 (X11; U; Linux i686 (x86_64); en-US; rv:1.8.1.4) Gecko/20070515 Firefox/2.0.0.4"
10.1.40.113 - - [06/Aug/2007:00:20:28 -0700] "GET /talks/4962/ HTTP/1.1" 200 528 "-" "Mozilla/5.0 (Windows; U; Windows NT 5.1; en-US; rv:1.8.0.12) Gecko/20070508 Firefox/1.5.0.12"
172.18.90.28 - - [06/Aug/2007:00:17:13 -0700] "GET /media/js_events/search.js HTTP/1.1" 200 527 "-" "googlebot-mscrawl-moma (Enterprise; C5-JFHFMDWZ6UJJS; gnat@google.com,kat@google.com,mattg@google.com,tjd@google.com)"
172.25.199.56 - - [06/Aug/2007:00:16:35 -0700] "GET /~nparlante/puzzle/place-bhfi-bahi.jpg HTTP/1.0" 404 528 "-" "googlebot-mscrawl-moma (Enterprise; GIX-03752; gnat@google.com,kat@google.com,mattg@google.com,gopinath@google.com)"
172.30.84.85 - - [06/Aug/2007:00:06:22 -0700] "GET /talks/3266/ HTTP/1.0" 200 1823 "-" "googlebot-mscrawl-moma (Enterprise; GIX-03752; gnat@google.com,kat@google.com,mattg@google.com,gopinath@google.com)"
172.18.90.28 - - [06/Aug/2007:00:06:51 -0700] "GET /talks/4931/ HTTP/1.0" 200 3404 "-" "Mozilla/5.0 (Windows; U; Windows NT 5.1; en-US; rv:1.8.1.6) Gecko/20070725 Firefox/2.0.0.6"
172.19.250.29 - - [06/Aug/2007:00:19:09 -0700] "GET /favicon.ico HTTP/1.0" 200 6589 "-" "Mozilla/5.0 (Windows; U; Windows NT 5.1; en-US; rv:1.8.1.6) Gecko/20070725 Firefox/2.0.0.6"
172.24.6.65 - - [06/Aug/2007:00:17:08 -0700] "GET /talks/2139/ HTTP/1.0" 200 6962 "-" "googlebot-mscrawl-moma (Enterprise; C5-JFHFMDWZ6UJJS; gnat@google.com,kat@google.com,mattg@google.com,tjd@google.com)"
172.24.6.38 - - [06/Aug/2007:00:05:39 -0700] "GET /~nparlante/puzzle/place-bfib-bbbd.jpg HTTP/1.0" 200 402 "-" "Mozilla/5.0 (Windows; U; Windows NT 5.1; en-US; rv:1.8.1.6; Google-TR-5.1.706.29690-en) Gecko/20070725 Firefox/2.0.0.6"
172.22.105.74 - - [06/Aug/2007:00:13:28 -0700] "GET /?qdetail=1&qid=1298 HTTP/1.0" 302 12969 "-" "googlebot-mscrawl-moma (Enterprise; GIX-03752; gnat@google.com,kat@google.com,mattg@google.com,gopinath@google.com)"
172.25.199.58 - - [06/Aug/2007:00:13:40 -0700] "GET /talks/3072/ HTTP/1.0" 302 6962 "-" "googlebot-mscrawl-moma (Enterprise; S4-GH7K4HW9PSNAA; tjd@google.com)"
10.1.40.113 - - [06/Aug/2007:00:07:05 -0700] "GET /media/img/powered_by_engedu.png HTTP/1.1" 302 528 "-" "Mozilla/5.0 (X11; U; Linux i686 (x86_64); en-US; rv:1.8.1.4) Gecko/20070515 Firefox/2.0.0.4"
172.18.90.28 - - [06/Aug/2007:00:13:48 -0700] "GET / HTTP/1.0" 200 18840 "-" "googlebot-mscrawl-moma (Enterprise; GIX-03752; gnat@google.com,kat@google.com,mattg@google.com,gopinath@google.com)"
172.24.222.138 - - [06/Aug/2007:00:06:51 -0700] "GET / HTTP/1.1" 200 3404 "-" "Mozilla/5.0 (X11; U; Linux i686 (x86_64); en-US; rv:1.8.1.4) Gecko/20070515 Firefox/2.0.0.4"
172.24.222.138 - - [06/Aug/2007:00:17:12 -0700] "GET /~nparlante/puzzle/place-bfbd-bagi.jpg HTTP/1.0" 200 414 "-" "Mozilla/5.0 (X11; U; Linux i686 (x86_64); en-US; rv:1.8.1.4) Gecko/20070515 Firefox/2.0.0.4"
172.18.117.242 - - [06/Aug/2007:00:20:11 -0700] "GET /feeds/talks/ HTTP/1.1" 404 6267 "-" "Mozilla/5.0 (Macintosh; U; Intel Mac OS X; en; rv:1.8.1.4) Gecko/20070509 Camino/1.5"
172.24.6.38 - - [06/Aug/2007:00:06:30 -0700] "GET /~nparlante/puzzle/place-bdea-bafa.jpg HTTP/1.0" 200 528 "-" "Mozilla/5.0 (Macintosh; U; Intel Mac OS X; en; rv:1.8.1.4) Gecko/20070509 Camino/1.5"
172.18.117.242 - - [06/Aug/2007:00:14:00 -0700] "GET / HTTP/1.0" 200 18124 "-" "Mozilla/5.0 (Windows; U; Windows NT 5.1; en-US; rv:1.8.1.6) Gecko/20070725 Firefox/2.0.0.6"
10.1.40.113 - - [06/Aug/2007:00:17:07 -0700] "GET /talks/4660 HTTP/1.0" 404 528 "-" "googlebot-mscrawl-moma (Enterprise; GIX-03752; gnat@google.com,kat@google.com,mattg@google.com,gopinath@google.com)"
172.18.90.28 - - [06/Aug/2007:00:18:53 -0700] "GET /~nparlante/puzzle/place-bgib-bach.jpg HTTP/1.0" 200 6583 "-" "Mozilla/5.0 (X11; U; Linux i686 (x86_64); en-US; rv:1.8.1.4) Gecko/20070515 Firefox/2.0.0.4"
10.1.40.113 - - [06/Aug/2007:00:19:22 -0700] "GET /~nparlante/puzzle/place-bjeh-baei.jpg HTTP/1.0" 200 414 "-" "Mozilla/5.0 (Windows; U; Windows NT 5.1; en-US; rv:1.8.1.6) Gecko/20070725 Firefox/2.0.0.6"
172.24.6.38 - - [06/Aug/2007:00:09:55 -0700] "GET /~nparlante/puzzle/place-bded-bbbj.jpg HTTP/1.0" 302 526 "-" "Mozilla/5.0 (X11; U; Linux i686 (x86_64); en-US; rv:1.8.1.4) Gecko/20070515 Firefox/2.0.0.4"
10.1.40.113 - - [06/Aug/2007:00:12:20 -0700] "GET /talks/3367/ HTTP/1.0" 302 402 "-" "Mozilla/5.0 (Windows; U; Windows NT 5.1; en-US; rv:1.8) Gecko/20051111 Firefox/1.5"
172.24.6.63 - - [06/Aug/2007:00:20:14 -0700] "GET /talks/4938/ HTTP/1.1" 302 414 "-" "Mozilla/5.0 (Macintosh; U; Intel Mac OS X; en; rv:1.8.1.4) Gecko/20070509 Camino/1.5"
172.24.222.138 - - [06/Aug/2007:00:13:28 -0700] "GET /~nparlante/puzzle/place-bfhi-baai.jpg HTTP/1.0" 302 528 "-" "googlebot-mscrawl-moma (Enterprise; GIX-03752; gnat@google.com,kat@google.com,mattg@google.com,gopinath@google.com)"
172.24.222.138 - - [06/Aug/2007:00:16:34 -0700] "GET /~nparlante/puzzle/place-bfja-bagj.jpg HTTP/1.0" 302 10496 "-" "Mozilla/5.0 (Macintosh; U; PPC Mac OS X Mach-O; en-US; rv:1.8.1.6) Gecko/20070725 Firefox/2.0.0.6"
172.25.132.28 - - [06/Aug/2007:00:13:47 -0700] "GET /talks/4827 HTTP/1.1" 200 3404 "-" "Mozilla/5.0 (Windows; U; Windows NT 5.1; en-US; rv:1.8.1.6) Gecko/20070725 Firefox/2.0.0.6"
172.29.248.42 - - [06/Aug/2007:00:13:47 -0700] "GET /talks/4417/ HTTP/1.0" 200 528 "-" "googlebot-mscrawl-moma (Enterprise; GIX-03752; gnat@google.com,kat@google.com,mattg@google.com,gopinath@google.com)"
172.25.199.58 - - [06/Aug/2007:00:09:55 -0700] "GET /~nparlante/puzzle/place-bdib-bafj.jpg HTTP/1.0" 302 528 "-" "googlebot-mscrawl-moma (Enterprise; C5-JFHFMDWZ6UJJS; gnat@google.com,kat@google.com,mattg@google.com,tjd@google.com)"
172.19.250.29 - - [06/Aug/2007:00:06:07 -0700] "GET / HTTP/1.0" 200 10496 "-" "googlebot-mscrawl-moma (Enterprise; C5-JFHFMDWZ6UJJS; gnat@google.com,kat@google.com,mattg@google.com,tjd@google.com)"
10.1.40.113 - - [06/Aug/2007:00:16:34 -0700] "GET /talks/3679/ HTTP/1.0" 302 527 "-" "Mozilla/5.0 (Windows; U; Windows NT 5.1; en-US; rv:1.8) Gecko/20051111 Firefox/1.5"
172.25.199.56 - - [06/Aug/2007:00:06:15 -0700] "GET /media/css/fish.css HTTP/1.1" 200 526 "-" "googlebot-mscrawl-moma (Enterprise; S4-GH7K4HW9PSNAA; tjd@google.com)"
172.19.243.193 - - [06/Aug/2007:00:13:47 -0700] "GET /media/img/no_picture.jpg HTTP/1.1" 200 6583 "-" "googlebot-mscrawl-moma (Enterprise; C5-JFHFMDWZ6UJJS; gnat@google.com,kat@google.com,mattg@google.com,tjd@google.com)"
172.24.6.65 - - [06/Aug/2007:00:13:41 -0700] "GET /?qdetail=1&qid=243 HTTP/1.0" 302 682 "-" "googlebot-mscrawl-moma (Enterprise; GIX-03752; gnat@google.com,kat@google.com,mattg@google.com,gopinath@google.com)"
172.24.6.65 - - [06/Aug/2007:00:13:48 -0700] "GET /talks/2754/ HTTP/1.0" 200 6962 "-" "googlebot-mscrawl-moma (Enterprise; C5-JFHFMDWZ6UJJS; gnat@google.com,kat@google.com,mattg@google.com,tjd@google.com)"
172.25.132.28 - - [06/Aug/2007:00:15:01 -0700] "GET /talks/4938/ HTTP/1.1" 302 528 "-" "Mozilla/5.0 (Windows; U; Windows NT 5.1; en-US; rv:1.8.1.6) Gecko/20070725 Firefox/2.0.0.6"
172.25.199.56 - - [06/Aug/2007:00:13:27 -0700] "GET /media/js_events/search.js HTTP/1.1" 404 528 "-" "googlebot-mscrawl-moma (Enterprise; GIX-03752; gnat@google.com,kat@google.com,mattg@google.com,gopinath@google.com)"
172.25.226.66 - - [06/Aug/2007:00:20:29 -0700] "GET /talks/4535/ HTTP/1.0" 302 1823 "-" "Mozilla/5.0 (Windows; U; Windows NT 5.1; en-US; rv:1.8.1.6) Gecko/20070725 Firefox/2.0.0.6"
172.24.6.65 - - [06/Aug/2007:00:18:53 -0700] "GET /feeds/talks/ HTTP/1.1" 302 3404 "-" "Mozilla/5.0 (Macintosh; U; Intel Mac OS X; en; rv:1.8.1.4) Gecko/20070509 Camino/1.5"
172.25.132.28 - - [06/Aug/2007:00:12:18 -0700] "GET /talks/172/ HTTP/1.0" 302 12969 "-" "googlebot-mscrawl-moma (Enterprise; C5-JFHFMDWZ6UJJS; gnat@google.com,kat@google.com,mattg@google.com,tjd@google.com)"
172.25.199.56 - - [06/Aug/2007:00:20:27 -0700] "GET /favicon.ico HTTP/1.1" 200 1823 "-" "Mozilla/5.0 (Macintosh; U; Intel Mac OS X; en; rv:1.8.1.4) Gecko/20070509 Camino/1.5"
172.25.132.28 - - [06/Aug/2007:00:20:27 -0700] "GET /talks/3907/ HTTP/1.0" 200 528 "-" "googlebot-mscrawl-moma (Enterprise; C5-JFHFMDWZ6UJJS; gnat@google.com,kat@google.com,mattg@google.com,tjd@google.com)"
172.18.117.242 - - [06/Aug/2007:00:11:14 -0700] "GET /media/js_events/search.js HTTP/1.1" 302 528 "-" "googlebot-mscrawl-moma (Enterprise; GIX-03752; gnat@google.com,kat@google.com,mattg@google.com,gopinath@google.com)"
172.25.132.28 - - [06/Aug/2007:00:13:41 -0700] "GET /media/img/techtalk_logo.png HTTP/1.1" 302 3404 "-" "googlebot-mscrawl-moma (Enterprise; GIX-03752; gnat@google.com,kat@google.com,mattg@google.com,gopinath@google.com)"
172.24.222.138 - - [06/Aug/2007:00:20:27 -0700] "GET /feeds/talks/ HTTP/1.1" 302 402 "-" "Mozilla/5.0 (Windows; U; Windows NT 5.1; en-US; rv:1.8) Gecko/20051111 Firefox/1.5"
172.24.6.65 - - [06/Aug/2007:00:06:52 -0700] "GET /~nparlante/puzzle/place-bhfi-bahi.jpg HTTP/1.0" 200 3404 "-" "Mozilla/5.0 (X11; U; Linux i686 (x86_64); en-US; rv:1.8.1.4) Gecko/20070515 Firefox/2.0.0.4"
172.25.132.28 - - [06/Aug/2007:00:12:19 -0700] "GET / HTTP/1.0" 200 6583 "-" "Mozilla/5.0 (Windows; U; Windows NT 5.1; en-US; rv:1.8.1.6) Gecko/20070725 Firefox/2.0.0.6"
10.1.40.113 - - [06/Aug/2007:00:21:13 -0700] "GET /talks/4938 HTTP/1.1" 200 528 "-" "Mozilla/5.0 (X11; U; Linux i686 (x86_64); en-US; rv:1.8.1.4) Gecko/20070515 Firefox/2.0.0.4"
10.1.40.113 - - [06/Aug/2007:00:12:18 -0700] "GET /favicon.ico HTTP/1.0" 302 528 "-" "googlebot-mscrawl-moma (Enterprise; GIX-03752; gnat@google.com,kat@google.com,mattg@google.com,gopinath@google.com)"
172.24.6.38 - - [06/Aug/2007:00:13:28 -0700] "GET /media/js_events/search.js HTTP/1.1" 200 402 "-" "Mozilla/5.0 (Windows; U; Windows NT 5.1; en-US; rv:1.8.1.6) Gecko/20070725 Firefox/2.0.0.6"
172.19.243.193 - - [06/Aug/2007:00:16:34 -0700] "GET /media/js_events/search.js HTTP/1.1" 302 402 "-" "googlebot-mscrawl-moma (Enterprise; C5-JFHFMDWZ6UJJS; gnat@google.com,kat@google.com,mattg@google.com,tjd@google.com)"
172.18.117.242 - - [06/Aug/2007:00:11:14 -0700] "GET /talks/4947 HTTP/1.0" 302 4294 "-" "googlebot-mscrawl-moma (Enterprise; C5-JFHFMDWZ6UJJS; gnat@google.com,kat@google.com,mattg@google.com,tjd@google.com)"
172.25.132.28 - - [06/Aug/2007:00:12:19 -0700] "GET /media/img/techtalk_logo.png HTTP/1.1" 200 2309 "-" "googlebot-mscrawl-moma (Enterprise; C5-JFHFMDWZ6UJJS; gnat@google.com,kat@google.com,mattg@google.com,tjd@google.com)"
172.24.222.138 - - [06/Aug/2007:00:14:03 -0700] "GET /~nparlante/puzzle/place-bbae-bbcb.jpg HTTP/1.0" 200 15617 "-" "googlebot-mscrawl-moma (Enterprise; GIX-03752; gnat@google.com,kat@google.com,mattg@google.com,gopinath@google.com)"
172.24.6.37 - - [06/Aug/2007:00:06:16 -0700] "GET /favicon.ico HTTP/1.0" 302 528 "-" "googlebot-mscrawl-moma (Enterprise; S4-GH7K4HW9PSNAA; tjd@google.com)"
172.19.243.193 - - [06/Aug/2007:00:20:27 -0700] "GET /~nparlante/puzzle/place-bjhc-bafg.jpg HTTP/1.0" 404 414 "-" "googlebot-mscrawl-moma (Enterprise; GIX-03752; gnat@google.com,kat@google.com,mattg@google.com,gopinath@google.com)"
10.1.40.113 - - [06/Aug/2007:00:13:29 -0700] "GET /~nparlante/puzzle/place-bifg-bahj.jpg HTTP/1.0" 404 525 "-" "googlebot-mscrawl-moma"
172.22.105.112 - - [06/Aug/2007:00:16:27 -0700] "GET /media/img/techtalk_logo.png HTTP/1.1" 404 6962 "-" "Mozilla/5.0 (Windows; U; Windows NT 5.1; en-US; rv:1.8.1.6) Gecko/20070725 Firefox/2.0.0.6"
172.19.252.112 - - [06/Aug/2007:00:21:12 -0700] "GET /talks/298/ HTTP/1.0" 200 527 "-" "googlebot-mscrawl-moma (Enterprise; S4-GH7K4HW9PSNAA; tjd@google.com)"
172.18.117.242 - - [06/Aug/2007:00:13:41 -0700] "GET /media/css/fish.css HTTP/1.1" 200 1823 "-" "Mozilla/5.0 (Windows; U; Windows NT 5.1; en-US; rv:1.8.1.6) Gecko/20070725 Firefox/2.0.0.6"
172.24.222.138 - - [06/Aug/2007:00:07:05 -0700] "GET /talks/4932/ HTTP/1.1" 302 5330 "-" "Mozilla/5.0 (Windows; U; Windows NT 5.1; en-US; rv:1.8.1.6) Gecko/20070725 Firefox/2.0.0.6"
172.24.222.138 - - [06/Aug/2007:00:21:11 -0700] "GET /~nparlante/puzzle/place-bihg-baed.jpg HTTP/1.0" 200 6267 "-" "googlebot-mscrawl-moma (Enterprise; GIX-03752; gnat@google.com,kat@google.com,mattg@google.com,gopinath@google.com)"
172.24.222.138 - - [06/Aug/2007:00:18:53 -0700] "GET /media/css/fish.css HTTP/1.1" 200 18124 "-" "Mozilla/5.0 (Macintosh; U; Intel Mac OS X; en; rv:1.8.1.4) Gecko/20070509 Camino/1.5"
172.24.222.138 - - [06/Aug/2007:00:14:26 -0700] "GET /robots.txt HTTP/1.0" 200 528 "-" "Mozilla/5.0 (Windows; U; Windows NT 5.1; en-US; rv:1.8.1.6) Gecko/20070725 Firefox/2.0.0.6"
172.29.248.42 - - [06/Aug/2007:00:13:27 -0700] "GET /~nparlante/puzzle/place-bhdh-baje.jpg HTTP/1.0" 302 18840 "-" "Mozilla/5.0 (Windows; U; Windows NT 5.1; en-US; rv:1.8.1.6; Google-TR-5.1.706.29690-en) Gecko/20070725 Firefox/2.0.0.6"
172.24.222.138 - - [06/Aug/2007:00:14:06 -0700] "GET /talks/4803/ HTTP/1.1" 302 16320 "-" "Mozilla/5.0 (Macintosh; U; Intel Mac OS X; en; rv:1.8.1.4) Gecko/20070509 Camino/1.5"
172.19.243.193 - - [06/Aug/2007:00:13:28 -0700] "GET /talks/4884/ HTTP/1.0" 200 22950 "-" "Mozilla/5.0 (Macintosh; U; PPC Mac OS X Mach-O; en-US; rv:1.8.1.6) Gecko/20070725 Firefox/2.0.0.6"
172.25.132.28 - - [06/Aug/2007:00:05:30 -0700] "GET /~nparlante/puzzle/place-bfjj-baab.jpg HTTP/1.0" 200 18840 "-" "googlebot-mscrawl-moma (Enterprise; C5-JFHFMDWZ6UJJS; gnat@google.com,kat@google.com,mattg@google.com,tjd@google.com)"
172.25.132.28 - - [06/Aug/2007:00:11:13 -0700] "GET /~nparlante/puzzle/place-bbff-bbbg.jpg HTTP/1.0" 200 525 "-" "Mozilla/5.0 (Macintosh; U; Intel Mac OS X; en; rv:1.8.1.4) Gecko/20070509 Camino/1.5"
172.24.222.138 - - [06/Aug/2007:00:09:49 -0700] "GET /talks/4841/ HTTP/1.0" 200 528 "-" "googlebot-mscrawl-moma (Enterprise; GIX-03752; gnat@google.com,kat@google.com,mattg@google.com,gopinath@google.com)"
172.25.226.66 - - [06/Aug/2007:00:06:30 -0700] "GET /favicon.ico HTTP/1.1" 404 3341 "-" "Mozilla/5.0 (Windows; U; Windows NT 5.1; en-US; rv:1.8.1.6) Gecko/20070725 Firefox/2.0.0.6"
172.24.222.138 - - [06/Aug/2007:00:16:34 -0700] "GET /feeds/talks/ HTTP/1.1" 206 3404 "-" "Mozilla/5.0 (Windows; U; Windows NT 5.1; en-US; rv:1.8) Gecko/20051111 Firefox/1.5"
172.18.90.28 - - [06/Aug/2007:00:17:11 -0700] "GET /talks/4727/ HTTP/1.1" 302 6583 "-" "Mozilla/5.0 (Windows; U; Windows NT 5.1; en-US; rv:1.8.1.6) Gecko/20070725 Firefox/2.0.0.6"
172.24.222.138 - - [06/Aug/2007:00:18:55 -0700] "GET /talks/3608/ HTTP/1.0" 404 306 "-" "googlebot-mscrawl-moma (Enterprise; GIX-03752; gnat@google.com,kat@google.com,mattg@google.com,gopinath@google.com)"
172.19.250.81 - - [06/Aug/2007:00:10:04 -0700] "GET /favicon.ico HTTP/1.1" 302 7450 "-" "googlebot-mscrawl-moma (Enterprise; GIX-03752; gnat@google.com,kat@google.com,mattg@google.com,gopinath@google.com)"
172.24.6.38 - - [06/Aug/2007:00:13:48 -0700] "GET /?qdetail=1&qid=889 HTTP/1.0" 302 4067 "-" "Mozilla/5.0 (X11; U; Linux i686 (x86_64); en-US; rv:1.8.1.4) Gecko/20070515 Firefox/2.0.0.4"
172.19.243.193 - - [06/Aug/2007:00:20:53 -0700] "GET /talks/4650/ HTTP/1.0" 200 402 "-" "Mozilla/5.0 (Windows; U; Windows NT 5.1; en-US; rv:1.8.1.6) Gecko/20070725 Firefox/2.0.0.6"
172.30.60.53 - - [06/Aug/2007:00:09:22 -0700] "GET /talks/4841/ HTTP/1.0" 302 414 "-" "Mozilla/5.0 (Windows; U; Windows NT 5.1; en-US; rv:1.8.1.6) Gecko/20070725 Firefox/2.0.0.6"
172.24.222.138 - - [06/Aug/2007:00:20:28 -0700] "GET /media/img/powered_by_engedu.png HTTP/1.1" 302 527 "-" "Mozilla/5.0 (Windows; U; Windows NT 5.1; en-US; rv:1.8) Gecko/20051111 Firefox/1.5"
172.24.222.138 - - [06/Aug/2007:00:05:38 -0700] "GET / HTTP/1.1" 302 417 "-" "Mozilla/5.0 (Windows; U; Windows NT 5.1; en-US; rv:1.8.1.6) Gecko/20070725 Firefox/2.0.0.6"
10.1.40.113 - - [06/Aug/2007:00:05:55 -0700] "GET /~nparlante/puzzle/place-bhdd-bajh.jpg HTTP/1.0" 302 18124 "-" "googlebot-mscrawl-moma (Enterprise; C5-JFHFMDWZ6UJJS; gnat@google.com,kat@google.com,mattg@google.com,tjd@google.com)"
172.24.222.138 - - [06/Aug/2007:00:20:11 -0700] "GET /feeds/talks/ HTTP/1.1" 200 414 "-" "Mozilla/5.0 (X11; U; Linux i686 (x86_64); en-US; rv:1.8.1.4) Gecko/20070515 Firefox/2.0.0.4"
172.19.243.193 - - [06/Aug/2007:00:11:14 -0700] "GET / HTTP/1.0" 200 6589 "-" "Mozilla/5.0 (X11; U; Linux i686 (x86_64); en-US; rv:1.8.1) Gecko/20061010 Firefox/2.0"
172.30.18.57 - - [06/Aug/2007:00:12:18 -0700] "GET /~nparlante/puzzle/place-bgig-bahg.jpg HTTP/1.0" 200 4288 "-" "Mozilla/5.0 (Macintosh; U; Intel Mac OS X; en; rv:1.8.1.4) Gecko/20070509 Camino/1.5"
172.24.222.138 - - [06/Aug/2007:00:13:48 -0700] "GET /talks/4029/ HTTP/1.0" 302 525 "-" "Mozilla/5.0 (X11; U; Linux i686 (x86_64); en-US; rv:1.8.1.4) Gecko/20070515 Firefox/2.0.0.4"
10.1.40.113 - - [06/Aug/2007:00:07:21 -0700] "GET / HTTP/1.0" 302 415 "-" "googlebot-mscrawl-moma (Enterprise; S4-GH7K4HW9PSNAA; tjd@google.com)"
172.25.132.28 - - [06/Aug/2007:00:13:41 -0700] "GET /~nparlante/puzzle/place-beid-bbad.jpg HTTP/1.0" 200 528 "-" "Mozilla/5.0 (Macintosh; U; Intel Mac OS X; en; rv:1.8.1.4) Gecko/20070509 Camino/1.5"
172.24.6.38 - - [06/Aug/2007:00:19:44 -0700] "GET /~nparlante/puzzle/place-bega-baad.jpg HTTP/1.0" 302 528 "-" "Mozilla/5.0 (Macintosh; U; Intel Mac OS X; en; rv:1.8.1.4) Gecko/20070509 Camino/1.5"
172.25.132.28 - - [06/Aug/2007:00:13:47 -0700] "GET /~nparlante/puzzle/place-bbfc-baji.jpg HTTP/1.0" 302 414 "-" "googlebot-mscrawl-moma (Enterprise; GIX-03752; gnat@google.com,kat@google.com,mattg@google.com,gopinath@google.com)"
172.19.250.81 - - [06/Aug/2007:00:20:11 -0700] "GET /?qdetail=1&qid=1999 HTTP/1.0" 302 528 "-" "Mozilla/5.0 (Macintosh; U; Intel Mac OS X; en; rv:1.8.1.4) Gecko/20070509 Camino/1.5"
172.25.199.58 - - [06/Aug/2007:00:15:57 -0700] "GET /talks/4827/ HTTP/1.1" 200 525 "-" "googlebot-mscrawl-moma (Enterprise; GIX-03752; gnat@google.com,kat@google.com,mattg@google.com,gopinath@google.com)"
172.24.6.65 - - [06/Aug/2007:00:20:53 -0700] "GET /feeds/talks/ HTTP/1.1" 302 402 "-" "Mozilla/5.0 (Macintosh; U; Intel Mac OS X; en; rv:1.8.1.4) Gecko/20070509 Camino/1.5"
172.18.117.242 - - [06/Aug/2007:00:12:17 -0700] "GET /talks/4917/ HTTP/1.0" 302 3404 "-" "Mozilla/5.0 (Windows; U; Windows NT 5.1; en-US; rv:1.8.0.12) Gecko/20070508 Firefox/1.5.0.12"
10.1.40.113 - - [06/Aug/2007:00:12:18 -0700] "GET /media/img/techtalk_logo.png HTTP/1.1" 200 342 "-" "Mozilla/5.0 (Windows; U; Windows NT 5.1; en-US; rv:1.8.1.6; Google-TR-5.1.706.29690-en) Gecko/20070725 Firefox/2.0.0.6"
172.19.250.81 - - [06/Aug/2007:00:12:18 -0700] "GET /talks/494/ HTTP/1.0" 200 4237 "-" "googlebot-mscrawl-moma (Enterprise; GIX-03752; gnat@google.com,kat@google.com,mattg@google.com,gopinath@google.com)"
10.1.40.113 - - [06/Aug/2007:00:20:00 -0700] "GET / HTTP/1.0" 404 18124 "-" "googlebot-mscrawl-moma (Enterprise; C5-JFHFMDWZ6UJJS; gnat@google.com,kat@google.com,mattg@google.com,tjd@google.com)"
172.24.222.138 - - [06/Aug/2007:00:17:13 -0700] "GET /talks/4938/ HTTP/1.1" 302 525 "-" "Mozilla/5.0 (X11; U; Linux i686 (x86_64); en-US; rv:1.8.1.4) Gecko/20070515 Firefox/2.0.0.4"
172.24.222.138 - - [06/Aug/2007:00:11:13 -0700] "GET /favicon.ico HTTP/1.0" 200 2309 "-" "Mozilla/5.0 (Windows; U; Windows NT 5.1; en-US; rv:1.8) Gecko/20051111 Firefox/1.5"
172.19.252.112 - - [06/Aug/2007:00:20:28 -0700] "GET /talks/3514 HTTP/1.0" 302 4880 "-" "Mozilla/5.0 (Macintosh; U; PPC Mac OS X Mach-O; en-US; rv:1.8.1.6) Gecko/20070725 Firefox/2.0.0.6"
172.19.250.29 - - [06/Aug/2007:00:06:27 -0700] "GET /media/img/powered_by_engedu.png HTTP/1.1" 302 10496 "-" "Mozilla/5.0 (Macintosh; U; Intel Mac OS X; en; rv:1.8.1.4) Gecko/20070509 Camino/1.5"
172.24.222.138 - - [06/Aug/2007:00:06:17 -0700] "GET /talks/3514 HTTP/1.0" 302 5330 "-" "googlebot-mscrawl-moma (Enterprise; C5-JFHFMDWZ6UJJS; gnat@google.com,kat@google.com,mattg@google.com,tjd@google.com)"
172.19.250.81 - - [06/Aug/2007:00:18:52 -0700] "GET /talks/4533/ HTTP/1.0" 302 3404 "-" "Mozilla/5.0 (Windows; U; Windows NT 5.1; en-US; rv:1.8) Gecko/20051111 Firefox/1.5"
172.18.117.242 - - [06/Aug/2007:00:20:27 -0700] "GET /feeds/talks/ HTTP/1.1" 302 5694 "-" "Mozilla/5.0 (Windows; U; Windows NT 5.1; en-US; rv:1.8.1.6) Gecko/20070725 Firefox/2.0.0.6"
172.18.117.242 - - [06/Aug/2007:00:12:19 -0700] "GET /talks/4533/ HTTP/1.1" 404 526 "-" "googlebot-mscrawl-moma (Enterprise; C5-JFHFMDWZ6UJJS; gnat@google.com,kat@google.com,mattg@google.com,tjd@google.com)"
172.24.6.65 - - [06/Aug/2007:00:12:19 -0700] "GET /~nparlante/puzzle/place-bdai-bbda.jpg HTTP/1.0" 302 417 "-" "googlebot-mscrawl-moma (Enterprise; GIX-03752; gnat@google.com,kat@google.com,mattg@google.com,gopinath@google.com)"
10.1.40.113 - - [06/Aug/2007:00:10:04 -0700] "GET /media/css/fish.css HTTP/1.1" 200 3404 "-" "googlebot-mscrawl-moma (Enterprise; C5-JFHFMDWZ6UJJS; gnat@google.com,kat@google.com,mattg@google.com,tjd@google.com)"
172.24.6.38 - - [06/Aug/2007:00:09:49 -0700] "GET /~nparlante/puzzle/place-bdfd-babd.jpg HTTP/1.0" 200 528 "-" "googlebot-mscrawl-moma (Enterprise; GIX-03752; gnat@google.com,kat@google.com,mattg@google.com,gopinath@google.com)"
172.19.243.193 - - [06/Aug/2007:00:12:19 -0700] "GET /talks/2359/ HTTP/1.0" 200 527 "-" "googlebot-mscrawl-moma"
172.19.250.81 - - [06/Aug/2007:00:10:06 -0700] "GET /media/js_events/search.js HTTP/1.1" 200 4237 "-" "Mozilla/5.0 (Windows; U; Windows NT 5.1; en-US; rv:1.8.1.6) Gecko/20070725 Firefox/2.0.0.6"
172.25.132.28 - - [06/Aug/2007:00:13:29 -0700] "GET /~nparlante/puzzle/place-bifg-bahj.jpg HTTP/1.0" 302 528 "-" "Mozilla/5.0 (Windows; U; Windows NT 5.1; en-US; rv:1.8.1.6) Gecko/20070725 Firefox/2.0.0.6"
172.18.117.242 - - [06/Aug/2007:00:12:20 -0700] "GET /talks/search/zurich/?q=zurich&proxystylesheet=internal&hq=talks&site=internal&access=a&client=internal&words=&output=xml_no_dtd HTTP/1.0" 302 528 "-" "Mozilla/5.0 (Macintosh; U; Intel Mac OS X; en; rv:1.8.1.4) Gecko/20070509 Camino/1.5"
172.24.222.138 - - [06/Aug/2007:00:06:27 -0700] "GET /talks/4827 HTTP/1.1" 302 5164 "-" "Mozilla/5.0 (Windows; U; Windows NT 5.1; en-US; rv:1.8.1.6) Gecko/20070725 Firefox/2.0.0.6"
172.24.6.65 - - [06/Aug/2007:00:13:48 -0700] "GET /~nparlante/puzzle/place-bdhi-baec.jpg HTTP/1.0" 302 306 "-" "Mozilla/5.0 (Windows; U; Windows NT 5.1; en-US; rv:1.8.0.12) Gecko/20070508 Firefox/1.5.0.12"
172.18.117.242 - - [06/Aug/2007:00:12:19 -0700] "GET /~nparlante/puzzle/place-bgdd-bacf.jpg HTTP/1.0" 200 3404 "-" "googlebot-mscrawl-moma (Enterprise; GIX-03752; gnat@google.com,kat@google.com,mattg@google.com,gopinath@google.com)"
172.19.250.29 - - [06/Aug/2007:00:20:27 -0700] "GET /talks/4947/ HTTP/1.0" 200 6702 "-" "Mozilla/5.0 (Macintosh; U; Intel Mac OS X; en; rv:1.8.1.4) Gecko/20070509 Camino/1.5"
172.25.132.28 - - [06/Aug/2007:00:13:41 -0700] "GET /?qdetail=1&qid=1894 HTTP/1.0" 302 528 "-" "Mozilla/5.0 (Macintosh; U; Intel Mac OS X; en; rv:1.8.1.4) Gecko/20070509 Camino/1.5"
172.19.250.81 - - [06/Aug/2007:00:18:55 -0700] "GET /~nparlante/puzzle/place-bdbi-baaa.jpg HTTP/1.0" 302 10496 "-" "googlebot-mscrawl-moma (Enterprise; GIX-03752; gnat@google.com,kat@google.com,mattg@google.com,gopinath@google.com)"
172.24.6.38 - - [06/Aug/2007:00:12:18 -0700] "GET /~nparlante/puzzle/place-bigb-badb.jpg HTTP/1.0" 302 414 "-" "Mozilla/5.0 (Macintosh; U; Intel Mac OS X; en; rv:1.8.1.4) Gecko/20070509 Camino/1.5"
172.25.226.66 - - [06/Aug/2007:00:18:20 -0700] "GET /talks/4962 HTTP/1.1" 302 3404 "-" "googlebot-mscrawl-moma (Enterprise; C5-JFHFMDWZ6UJJS; gnat@google.com,kat@google.com,mattg@google.com,tjd@google.com)"
172.29.16.52 - - [06/Aug/2007:00:08:12 -0700] "GET /favicon.ico HTTP/1.0" 302 3341 "-" "Mozilla/5.0 (Windows; U; Windows NT 5.1; en-US; rv:1.8.1.6) Gecko/20070725 Firefox/2.0.0.6"
172.19.252.112 - - [06/Aug/2007:00:06:17 -0700] "GET /media/img/techtalk_logo.png HTTP/1.1" 200 18840 "-" "Mozilla/5.0 (Macintosh; U; Intel Mac OS X; en; rv:1.8.1.4) Gecko/20070509 Camino/1.5"
172.28.125.176 - - [06/Aug/2007:00:18:55 -0700] "GET /~nparlante/puzzle/place-bfgb-bbej.jpg HTTP/1.0" 302 528 "-" "googlebot-mscrawl-moma (Enterprise; C5-JFHFMDWZ6UJJS; gnat@google.com,kat@google.com,mattg@google.com,tjd@google.com)"
172.18.117.242 - - [06/Aug/2007:00:11:14 -0700] "GET /talks/4708/ HTTP/1.0" 302 6338 "-" "googlebot-mscrawl-moma (Enterprise; C5-JFHFMDWZ6UJJS; gnat@google.com,kat@google.com,mattg@google.com,tjd@google.com)"
172.19.252.112 - - [06/Aug/2007:00:21:13 -0700] "GET /media/img/no_picture.jpg HTTP/1.1" 302 1823 "-" "Mozilla/5.0 (X11; U; Linux i686 (x86_64); en-US; rv:1.8.1.4) Gecko/20070515 Firefox/2.0.0.4"
172.24.222.138 - - [06/Aug/2007:00:13:40 -0700] "GET /media/img/techtalk_logo.png HTTP/1.1" 200 18124 "-" "googlebot-mscrawl-moma (Enterprise; S4-GH7K4HW9PSNAA; tjd@google.com)"
172.25.132.28 - - [06/Aug/2007:00:06:08 -0700] "GET /feeds/talks/ HTTP/1.1" 302 3936 "-" "Mozilla/5.0 (Windows; U; Windows NT 5.1; en-US; rv:1.8.1.6) Gecko/20070725 Firefox/2.0.0.6"
172.25.226.66 - - [06/Aug/2007:00:13:47 -0700] "GET / HTTP/1.0" 302 12969 "-" "Mozilla/5.0 (Windows; U; Windows NT 5.1; en-US; rv:1.8) Gecko/20051111 Firefox/1.5"
172.25.132.28 - - [06/Aug/2007:00:06:52 -0700] "GET /talks/1049/ HTTP/1.0" 302 402 "-" "Mozilla/5.0 (X11; U; Linux i686 (x86_64); en-US; rv:1.8.1.4) Gecko/20070515 Firefox/2.0.0.4"
172.24.6.65 - - [06/Aug/2007:00:17:11 -0700] "GET /~nparlante/puzzle/place-bigg-badj.jpg HTTP/1.0" 200 18124 "-" "Mozilla/5.0 (Windows; U; Windows NT 5.1; en-US; rv:1.8) Gecko/20051111 Firefox/1.5"
172.25.226.66 - - [06/Aug/2007:00:07:05 -0700] "GET /media/img/rss.png HTTP/1.1" 200 12969 "-" "Mozilla/5.0 (X11; U; Linux i686 (x86_64); en-US; rv:1.8.1.4) Gecko/20070515 Firefox/2.0.0.4"
172.24.6.65 - - [06/Aug/2007:00:13:47 -0700] "GET /favicon.ico HTTP/1.1" 200 19130 "-" "googlebot-mscrawl-moma (Enterprise; C5-JFHFMDWZ6UJJS; gnat@google.com,kat@google.com,mattg@google.com,tjd@google.com)"
10.1.40.113 - - [06/Aug/2007:00:16:34 -0700] "GET /talks/3667 HTTP/1.0" 302 527 "-" "Mozilla/5.0 (X11; U; Linux i686 (x86_64); en-US; rv:1.8.1.4) Gecko/20070515 Firefox/2.0.0.4"
172.24.222.138 - - [06/Aug/2007:00:11:14 -0700] "GET /talks/4354/ HTTP/1.0" 200 19134 "-" "Mozilla/5.0 (Windows; U; Windows NT 5.1; en-US; rv:1.8.1.6; Google-TR-5.1.706.29690-en) Gecko/20070725 Firefox/2.0.0.6"
172.24.6.37 - - [06/Aug/2007:00:06:27 -0700] "GET /favicon.ico HTTP/1.1" 302 2309 "-" "googlebot-mscrawl-moma (Enterprise; GIX-03752; gnat@google.com,kat@google.com,mattg@google.com,gopinath@google.com)"
172.25.132.28 - - [06/Aug/2007:00:20:27 -0700] "GET / HTTP/1.0" 301 402 "-" "Mozilla/5.0 (Windows; U; Windows NT 5.1; en-US; rv:1.8.1.6) Gecko/20070725 Firefox/2.0.0.6"
172.25.226.66 - - [06/Aug/2007:00:13:27 -0700] "GET /talks/4727 HTTP/1.1" 404 528 "-" "googlebot-mscrawl-moma (Enterprise; C5-JFHFMDWZ6UJJS; gnat@google.com,kat@google.com,mattg@google.com,tjd@google.com)"
172.24.222.138 - - [06/Aug/2007:00:06:01 -0700] "GET /~nparlante/puzzle/place-bjii-bbcc.jpg HTTP/1.0" 200 528 "-" "-"
172.24.222.138 - - [06/Aug/2007:00:13:47 -0700] "GET /talks/4938 HTTP/1.1" 200 12969 "-" "googlebot-mscrawl-moma (Enterprise; GIX-03752; gnat@google.com,kat@google.com,mattg@google.com,gopinath@google.com)"
172.19.250.81 - - [06/Aug/2007:00:11:13 -0700] "GET /favicon.ico HTTP/1.0" 200 414 "-" "Mozilla/5.0 (Macintosh; U; Intel Mac OS X; en; rv:1.8.1.4) Gecko/20070509 Camino/1.5"
172.24.222.138 - - [06/Aug/2007:00:14:08 -0700] "GET /talks/4967/ HTTP/1.0" 302 12969 "-" "googlebot-mscrawl-moma (Enterprise; GIX-03752; gnat@google.com,kat@google.com,mattg@google.com,gopinath@google.com)"
172.24.6.38 - - [06/Aug/2007:00:11:08 -0700] "GET /talks/1049/ HTTP/1.0" 302 528 "-" "googlebot-mscrawl-moma (Enterprise; C5-JFHFMDWZ6UJJS; gnat@google.com,kat@google.com,mattg@google.com,tjd@google.com)"
172.24.6.65 - - [06/Aug/2007:00:21:12 -0700] "GET /talks/4650/ HTTP/1.0" 200 528 "-" "Mozilla/5.0 (Windows; U; Windows NT 5.1; en-US; rv:1.8.1.6) Gecko/20070725 Firefox/2.0.0.6"
10.1.40.113 - - [06/Aug/2007:00:13:49 -0700] "GET /feeds/courses/ HTTP/1.1" 302 6962 "-" "googlebot-mscrawl-moma (Enterprise; GIX-03752; gnat@google.com,kat@google.com,mattg@google.com,gopinath@google.com)"
172.19.252.112 - - [06/Aug/2007:00:11:13 -0700] "GET /~nparlante/puzzle/place-bjhi-bbcf.jpg HTTP/1.0" 302 3341 "-" "googlebot-mscrawl-moma (Enterprise; S4-GH7K4HW9PSNAA; tjd@google.com)"
172.25.132.28 - - [06/Aug/2007:00:20:02 -0700] "GET /talks/1890/ HTTP/1.0" 302 22950 "-" "Mozilla/5.0 (Windows; U; Windows NT 5.1; en-US; rv:1.8.1.6) Gecko/20070725 Firefox/2.0.0.6"
172.25.132.28 - - [06/Aug/2007:00:09:55 -0700] "GET /talks/4947 HTTP/1.0" 302 6962 "-" "googlebot-mscrawl-moma (Enterprise; C5-JFHFMDWZ6UJJS; gnat@google.com,kat@google.com,mattg@google.com,tjd@google.com)"
172.19.250.81 - - [06/Aug/2007:00:19:44 -0700] "GET /talks/4947/ HTTP/1.0" 200 414 "-" "Mozilla/5.0 (Windows; U; Windows NT 5.1; en-US; rv:1.8.0.12) Gecko/20070508 Firefox/1.5.0.12"
172.24.6.65 - - [06/Aug/2007:00:06:52 -0700] "GET /onebox/?apiMaj=1&apiMin=0&oneboxName=techtalks&lang=en&ipAddr=172.30.62.67&dateTime=2007-08-06%3A00%3A18%3A22&query=tech%20talks&p0=&p1=tech&authType=none HTTP/1.1" 302 2309 "-" "googlebot-mscrawl-moma (Enterprise; GIX-03752; gnat@google.com,kat@google.com,mattg@google.com,gopinath@google.com)"
172.28.125.176 - - [06/Aug/2007:00:14:53 -0700] "GET /media/js_events/search.js HTTP/1.1" 302 527 "-" "Mozilla/5.0 (X11; U; Linux i686 (x86_64); en-US; rv:1.8.1.4) Gecko/20070515 Firefox/2.0.0.4"
172.28.125.176 - - [06/Aug/2007:00:16:34 -0700] "GET /talks/4650/ HTTP/1.0" 200 3404 "-" "googlebot-mscrawl-moma (Enterprise; C5-JFHFMDWZ6UJJS; gnat@google.com,kat@google.com,mattg@google.com,tjd@google.com)"
172.30.37.137 - - [06/Aug/2007:00:05:38 -0700] "GET /talks/4760/ HTTP/1.0" 200 12969 "-" "googlebot-mscrawl-moma (Enterprise; C5-JFHFMDWZ6UJJS; gnat@google.com,kat@google.com,mattg@google.com,tjd@google.com)"
172.25.199.56 - - [06/Aug/2007:00:20:28 -0700] "GET /favicon.ico HTTP/1.0" 200 18124 "-" "Mozilla/5.0 (Macintosh; U; Intel Mac OS X; en; rv:1.8.1.4) Gecko/20070509 Camino/1.5"
172.24.222.138 - - [06/Aug/2007:00:11:08 -0700] "GET /talks/4967/ HTTP/1.0" 302 527 "-" "Mozilla/5.0 (Windows; U; Windows NT 5.1; en-US; rv:1.8.1.6) Gecko/20070725 Firefox/2.0.0.6"
172.24.222.138 - - [06/Aug/2007:00:16:34 -0700] "GET /favicon.ico HTTP/1.0" 302 540 "-" "googlebot-mscrawl-moma (Enterprise; GIX-03752; gnat@google.com,kat@google.com,mattg@google.com,gopinath@google.com)"
10.1.40.113 - - [06/Aug/2007:00:20:14 -0700] "GET /talks/879/ HTTP/1.0" 302 342 "-" "googlebot-mscrawl-moma (Enterprise; C5-JFHFMDWZ6UJJS; gnat@google.com,kat@google.com,mattg@google.com,tjd@google.com)"
172.28.125.176 - - [06/Aug/2007:00:09:10 -0700] "GET /talks/391/ HTTP/1.0" 302 414 "-" "Mozilla/5.0 (Windows; U; Windows NT 5.1; en-US; rv:1.8.1.6) Gecko/20070725 Firefox/2.0.0.6"
172.25.132.28 - - [06/Aug/2007:00:18:22 -0700] "GET /talks/3805 HTTP/1.0" 200 414 "-" "Mozilla/5.0 (Windows; U; Windows NT 5.1; en-US; rv:1.8.1.6) Gecko/20070725 Firefox/2.0.0.6"
172.30.18.57 - - [06/Aug/2007:00:08:12 -0700] "GET /talks/3969/ HTTP/1.0" 302 402 "-" "Mozilla/5.0 (Windows; U; Windows NT 5.1; en-US; rv:1.8.1.6) Gecko/20070725 Firefox/2.0.0.6"
172.24.6.38 - - [06/Aug/2007:00:06:27 -0700] "GET /media/img/powered_by_engedu.png HTTP/1.1" 200 5910 "-" "Mozilla/5.0 (Windows; U; Windows NT 5.1; en-US; rv:1.8.1.6) Gecko/20070725 Firefox/2.0.0.6"
172.25.199.58 - - [06/Aug/2007:00:13:47 -0700] "GET /~nparlante/puzzle/place-bbff-badc.jpg HTTP/1.0" 200 6267 "-" "googlebot-mscrawl-moma (Enterprise; C5-JFHFMDWZ6UJJS; gnat@google.com,kat@google.com,mattg@google.com,tjd@google.com)"
172.25.199.58 - - [06/Aug/2007:00:06:01 -0700] "GET /~nparlante/puzzle/place-bhjg-bbef.jpg HTTP/1.0" 302 1823 "-" "googlebot-mscrawl-moma (Enterprise; C5-JFHFMDWZ6UJJS; gnat@google.com,kat@google.com,mattg@google.com,tjd@google.com)"
172.19.252.112 - - [06/Aug/2007:00:20:29 -0700] "GET /media/img/techtalk_logo.png HTTP/1.1" 302 19124 "-" "googlebot-mscrawl-moma (Enterprise; GIX-03752; gnat@google.com,kat@google.com,mattg@google.com,gopinath@google.com)"
172.25.199.58 - - [06/Aug/2007:00:05:31 -0700] "GET /media/css/fish.css HTTP/1.1" 302 540 "-" "googlebot-mscrawl-moma (Enterprise; GIX-03752; gnat@google.com,kat@google.com,mattg@google.com,gopinath@google.com)"
172.29.248.42 - - [06/Aug/2007:00:17:12 -0700] "GET /talks/4803/ HTTP/1.1" 200 19130 "-" "googlebot-mscrawl-moma (Enterprise; GIX-03752; gnat@google.com,kat@google.com,mattg@google.com,gopinath@google.com)"
172.24.6.63 - - [06/Aug/2007:00:06:15 -0700] "GET /~nparlante/puzzle/place-bbgh-bbeb.jpg HTTP/1.0" 200 5910 "-" "googlebot-mscrawl-moma (Enterprise; GIX-03752; gnat@google.com,kat@google.com,mattg@google.com,gopinath@google.com)"
172.18.90.28 - - [06/Aug/2007:00:13:48 -0700] "GET /talks/4884 HTTP/1.0" 200 10496 "-" "googlebot-mscrawl-moma (Enterprise; GIX-03752; gnat@google.com,kat@google.com,mattg@google.com,gopinath@google.com)"
172.25.132.28 - - [06/Aug/2007:00:09:18 -0700] "GET /talks/4533/ HTTP/1.0" 302 402 "-" "googlebot-mscrawl-moma (Enterprise; GIX-03752; gnat@google.com,kat@google.com,mattg@google.com,gopinath@google.com)"
172.24.6.38 - - [06/Aug/2007:00:12:19 -0700] "GET / HTTP/1.0" 302 528 "-" "Mozilla/5.0 (Windows; U; Windows NT 5.1; en-US; rv:1.8.1.6) Gecko/20070725 Firefox/2.0.0.6"
172.24.222.138 - - [06/Aug/2007:00:18:20 -0700] "GET /media/css/fish.css HTTP/1.1" 302 528 "-" "googlebot-mscrawl-moma (Enterprise; GIX-03752; gnat@google.com,kat@google.com,mattg@google.com,gopinath@google.com)"
172.24.6.65 - - [06/Aug/2007:00:19:53 -0700] "GET /media/css/fish.css HTTP/1.1" 200 10496 "-" "googlebot-mscrawl-moma (Enterprise; C5-JFHFMDWZ6UJJS; gnat@google.com,kat@google.com,mattg@google.com,tjd@google.com)"
172.18.117.242 - - [06/Aug/2007:00:13:48 -0700] "GET /talks/2139/ HTTP/1.0" 200 18124 "-" "Mozilla/5.0 (Macintosh; U; PPC Mac OS X Mach-O; en-US; rv:1.8.0.1; Google-TR-3) Gecko/20060111 Firefox/1.5.0.1"
172.25.226.66 - - [06/Aug/2007:00:12:18 -0700] "GET /~nparlante/puzzle/place-becj-baea.jpg HTTP/1.0" 200 3404 "-" "googlebot-mscrawl-moma (Enterprise; GIX-03752; gnat@google.com,kat@google.com,mattg@google.com,gopinath@google.com)"
172.24.6.37 - - [06/Aug/2007:00:21:13 -0700] "GET /media/js_events/search.js HTTP/1.1" 200 19130 "-" "googlebot-mscrawl-moma (Enterprise; GIX-03752; gnat@google.com,kat@google.com,mattg@google.com,gopinath@google.com)"
172.25.132.28 - - [06/Aug/2007:00:17:08 -0700] "GET /feeds/talks/ HTTP/1.1" 302 513 "-" "Mozilla/5.0 (Windows; U; Windows NT 5.1; en-US; rv:1.8.1.6) Gecko/20070725 Firefox/2.0.0.6"
172.24.6.65 - - [06/Aug/2007:00:14:53 -0700] "GET /media/img/no_picture.jpg HTTP/1.1" 302 528 "-" "googlebot-mscrawl-moma (Enterprise; S4-GH7K4HW9PSNAA; tjd@google.com)"
172.25.199.58 - - [06/Aug/2007:00:11:13 -0700] "GET /talks/4417/ HTTP/1.0" 302 1823 "-" "Mozilla/5.0 (Windows; U; Windows NT 5.1; en-US; rv:1.8.1.6) Gecko/20070725 Firefox/2.0.0.6"
172.25.132.28 - - [06/Aug/2007:00:06:52 -0700] "GET /talks/3514 HTTP/1.0" 200 525 "-" "Mozilla/5.0 (X11; U; Linux i686 (x86_64); en-US; rv:1.8.1.4) Gecko/20070515 Firefox/2.0.0.4"
172.25.199.58 - - [06/Aug/2007:00:13:29 -0700] "GET /talks/2621/ HTTP/1.1" 200 6583 "-" "Mozilla/5.0 (Windows; U; Windows NT 5.1; en-US; rv:1.8.1.6) Gecko/20070725 Firefox/2.0.0.6"
172.24.222.138 - - [06/Aug/2007:00:20:14 -0700] "GET /~nparlante/puzzle/place-bfbh-baca.jpg HTTP/1.0" 302 5164 "-" "googlebot-mscrawl-moma (Enterprise; GIX-03752; gnat@google.com,kat@google.com,mattg@google.com,gopinath@google.com)"
172.24.222.138 - - [06/Aug/2007:00:05:41 -0700] "GET /talks/2621/ HTTP/1.1" 302 527 "-" "Mozilla/5.0 (Macintosh; U; Intel Mac OS X; en; rv:1.8.1.4) Gecko/20070509 Camino/1.5"
172.30.18.57 - - [06/Aug/2007:00:21:12 -0700] "GET /media/img/no_picture.jpg HTTP/1.1" 200 1823 "-" "Mozilla/5.0 (Macintosh; U; Intel Mac OS X; en; rv:1.8.1.4) Gecko/20070509 Camino/1.5"
172.24.6.65 - - [06/Aug/2007:00:20:19 -0700] "GET /talks/4884/ HTTP/1.1" 302 528 "-" "Mozilla/5.0 (Windows; U; Windows NT 5.1; en-US; rv:1.8.1.6) Gecko/20070725 Firefox/2.0.0.6"
172.24.222.138 - - [06/Aug/2007:00:10:03 -0700] "GET /talks/4931/ HTTP/1.0" 301 6267 "-" "Mozilla/5.0 (Windows; U; Windows NT 5.1; en-US; rv:1.8.1.6) Gecko/20070725 Firefox/2.0.0.6"
172.24.222.138 - - [06/Aug/2007:00:20:28 -0700] "GET / HTTP/1.0" 200 4977 "-" "Mozilla/5.0 (Windows; U; Windows NT 5.1; en-US; rv:1.8.1.6) Gecko/20070725 Firefox/2.0.0.6"
172.19.250.29 - - [06/Aug/2007:00:05:29 -0700] "GET /talks/search/metric%20system/?q=metric+system&proxystylesheet=internal&hq=talks&site=internal&access=a&client=internal&words=&output=xml_no_dtd HTTP/1.1" 302 682 "-" "googlebot-mscrawl-moma"
10.1.40.113 - - [06/Aug/2007:00:11:15 -0700] "GET /feeds/talks/ HTTP/1.1" 200 417 "-" "googlebot-mscrawl-moma (Enterprise; GIX-03752; gnat@google.com,kat@google.com,mattg@google.com,gopinath@google.com)"
172.25.226.66 - - [06/Aug/2007:00:14:53 -0700] "GET /talks/3906/ HTTP/1.0" 200 4290 "-" "Mozilla/5.0 (Windows; U; Windows NT 5.1; en-US; rv:1.8.0.12) Gecko/20070508 Firefox/1.5.0.12"
172.30.37.137 - - [06/Aug/2007:00:05:31 -0700] "GET / HTTP/1.1" 302 10496 "-" "googlebot-mscrawl-moma (Enterprise; S4-GH7K4HW9PSNAA; tjd@google.com)"
172.24.6.65 - - [06/Aug/2007:00:13:49 -0700] "GET /talks/4533/ HTTP/1.0" 200 414 "-" "googlebot-mscrawl-moma (Enterprise; GIX-03752; gnat@google.com,kat@google.com,mattg@google.com,gopinath@google.com)"
172.24.222.138 - - [06/Aug/2007:00:06:07 -0700] "GET /~nparlante/puzzle/place-beff-bbdd.jpg HTTP/1.0" 200 528 "-" "googlebot-mscrawl-moma (Enterprise; GIX-03752; gnat@google.com,kat@google.com,mattg@google.com,gopinath@google.com)"
10.1.40.113 - - [06/Aug/2007:00:11:14 -0700] "GET /~nparlante/puzzle/place-bijh-bade.jpg HTTP/1.0" 302 3404 "-" "Mozilla/5.0 (Windows; U; Windows NT 5.1; en-US; rv:1.8.1.6) Gecko/20070725 Firefox/2.0.0.6"
172.19.250.29 - - [06/Aug/2007:00:12:19 -0700] "GET / HTTP/1.0" 302 3940 "-" "googlebot-mscrawl-moma (Enterprise; C5-JFHFMDWZ6UJJS; gnat@google.com,kat@google.com,mattg@google.com,tjd@google.com)"
172.22.72.49 - - [06/Aug/2007:00:20:11 -0700] "GET / HTTP/1.0" 200 414 "-" "googlebot-mscrawl-moma (Enterprise; GIX-03752; gnat@google.com,kat@google.com,mattg@google.com,gopinath@google.com)"
172.25.132.28 - - [06/Aug/2007:00:20:14 -0700] "GET / HTTP/1.0" 302 3404 "-" "Mozilla/5.0 (X11; U; Linux i686 (x86_64); en-US; rv:1.8.1.4) Gecko/20070515 Firefox/2.0.0.4"
10.1.40.113 - - [06/Aug/2007:00:06:49 -0700] "GET / HTTP/1.0" 404 3404 "-" "Mozilla/5.0 (X11; U; Linux i686 (x86_64); en-US; rv:1.8.1) Gecko/20061010 Firefox/2.0"
172.24.222.138 - - [06/Aug/2007:00:13:47 -0700] "GET /~nparlante/puzzle/place-bghb-badf.jpg HTTP/1.0" 200 19124 "-" "Mozilla/5.0 (X11; U; Linux i686 (x86_64); en-US; rv:1.8.1.4) Gecko/20070515 Firefox/2.0.0.4"
172.25.132.28 - - [06/Aug/2007:00:06:52 -0700] "GET / HTTP/1.0" 200 2309 "-" "Mozilla/5.0 (Macintosh; U; Intel Mac OS X; en; rv:1.8.1.4) Gecko/20070509 Camino/1.5"
172.25.199.56 - - [06/Aug/2007:00:13:48 -0700] "GET /favicon.ico HTTP/1.1" 302 513 "-" "FeedTools/0.2.24 +http://www.sporkmonger.com/projects/feedtools/"
172.25.132.28 - - [06/Aug/2007:00:12:20 -0700] "GET /favicon.ico HTTP/1.1" 302 7450 "-" "googlebot-mscrawl-moma (Enterprise; GIX-03752; gnat@google.com,kat@google.com,mattg@google.com,gopinath@google.com)"
172.24.6.65 - - [06/Aug/2007:00:12:20 -0700] "GET /favicon.ico HTTP/1.0" 302 6275 "-" "Mozilla/5.0 (Windows; U; Windows NT 5.1; en-US; rv:1.8.1.6) Gecko/20070725 Firefox/2.0.0.6"
172.25.129.1 - - [06/Aug/2007:00:11:13 -0700] "GET /media/img/rss.png HTTP/1.0" 302 10496 "-" "Mozilla/5.0 (Windows; U; Windows NT 5.1; en-US; rv:1.8.1.6) Gecko/20070725 Firefox/2.0.0.6"
172.24.222.138 - - [06/Aug/2007:00:09:22 -0700] "GET /talks/2904/ HTTP/1.0" 200 1823 "-" "googlebot-mscrawl-moma (Enterprise; C5-JFHFMDWZ6UJJS; gnat@google.com,kat@google.com,mattg@google.com,tjd@google.com)"
172.24.6.38 - - [06/Aug/2007:00:11:14 -0700] "GET /talks/4827/ HTTP/1.0" 302 513 "-" "Mozilla/5.0 (Windows; U; Windows NT 5.1; en-US; rv:1.8.1.6) Gecko/20070725 Firefox/2.0.0.6"
172.19.252.112 - - [06/Aug/2007:00:14:54 -0700] "GET /talks/4660 HTTP/1.0" 404 1823 "-" "Mozilla/5.0 (Macintosh; U; Intel Mac OS X; en; rv:1.8.1.4) Gecko/20070509 Camino/1.5"
172.22.105.74 - - [06/Aug/2007:00:11:05 -0700] "GET /~nparlante/puzzle/place-bdda-bahb.jpg HTTP/1.0" 404 539 "-" "Mozilla/5.0 (X11; U; Linux i686 (x86_64); en-US; rv:1.8.1.4) Gecko/20070515 Firefox/2.0.0.4"
172.24.222.138 - - [06/Aug/2007:00:06:17 -0700] "GET /media/img/no_picture.jpg HTTP/1.1" 200 528 "-" "googlebot-mscrawl-moma (Enterprise; C5-JFHFMDWZ6UJJS; gnat@google.com,kat@google.com,mattg@google.com,tjd@google.com)"
172.24.6.37 - - [06/Aug/2007:00:13:27 -0700] "GET /?qdetail=1&qid=243 HTTP/1.0" 302 526 "-" "googlebot-mscrawl-moma (Enterprise; S4-GH7K4HW9PSNAA; tjd@google.com)"
172.25.199.58 - - [06/Aug/2007:00:05:54 -0700] "GET /talks/4884/ HTTP/1.1" 404 3404 "-" "googlebot-mscrawl-moma (Enterprise; GIX-03752; gnat@google.com,kat@google.com,mattg@google.com,gopinath@google.com)"
172.25.132.28 - - [06/Aug/2007:00:20:14 -0700] "GET /talks/4519/ HTTP/1.0" 200 5694 "-" "Mozilla/5.0 (Macintosh; U; Intel Mac OS X; en; rv:1.8.1.4) Gecko/20070509 Camino/1.5"
172.24.6.38 - - [06/Aug/2007:00:17:13 -0700] "GET / HTTP/1.0" 302 528 "-" "Mozilla/5.0 (Windows; U; Windows NT 5.1; en-US; rv:1.8.1.6) Gecko/20070725 Firefox/2.0.0.6"
172.24.6.38 - - [06/Aug/2007:00:11:08 -0700] "GET /~nparlante/puzzle/place-bafc-babh.jpg HTTP/1.0" 200 6702 "-" "googlebot-mscrawl-moma (Enterprise; C5-JFHFMDWZ6UJJS; gnat@google.com,kat@google.com,mattg@google.com,tjd@google.com)"
172.25.132.28 - - [06/Aug/2007:00:11:15 -0700] "GET /~nparlante/puzzle/place-bbfa-baie.jpg HTTP/1.0" 200 5910 "-" "Mozilla/5.0 (X11; U; Linux i686 (x86_64); en-US; rv:1.8.1.4) Gecko/20070515 Firefox/2.0.0.4"
172.19.250.29 - - [06/Aug/2007:00:18:55 -0700] "GET /onebox/?apiMaj=1&apiMin=0&oneboxName=techtalks&lang=en&ipAddr=172.30.62.67&dateTime=2007-08-06%3A00%3A18%3A22&query=tech%20talks&p0=&p1=tech&authType=none HTTP/1.1" 200 6962 "-" "googlebot-mscrawl-moma (Enterprise; C5-JFHFMDWZ6UJJS; gnat@google.com,kat@google.com,mattg@google.com,tjd@google.com)"
172.24.6.38 - - [06/Aug/2007:00:12:18 -0700] "GET /media/js_events/search.js HTTP/1.1" 302 4610 "-" "googlebot-mscrawl-moma (Enterprise; GIX-03752; gnat@google.com,kat@google.com,mattg@google.com,gopinath@google.com)"
172.25.226.66 - - [06/Aug/2007:00:14:53 -0700] "GET /talks/3667 HTTP/1.0" 404 539 "-" "Mozilla/5.0 (X11; U; Linux i686 (x86_64); en-US; rv:1.8.1) Gecko/20061010 Firefox/2.0"
172.24.6.37 - - [06/Aug/2007:00:13:52 -0700] "GET /~nparlante/puzzle/place-bbjh-bbeh.jpg HTTP/1.0" 301 20040 "-" "Mozilla/5.0 (Windows; U; Windows NT 5.1; en-US; rv:1.8) Gecko/20051111 Firefox/1.5"
172.24.6.38 - - [06/Aug/2007:00:06:49 -0700] "GET /robots.txt HTTP/1.0" 200 528 "-" "googlebot-mscrawl-moma (Enterprise; GIX-03752; gnat@google.com,kat@google.com,mattg@google.com,gopinath@google.com)"
172.24.222.138 - - [06/Aug/2007:00:05:38 -0700] "GET /feeds/talks/ HTTP/1.1" 200 2309 "-" "Mozilla/5.0 (Windows; U; Windows NT 5.1; en-US; rv:1.8) Gecko/20051111 Firefox/1.5"
172.19.250.81 - - [06/Aug/2007:00:20:19 -0700] "GET /?page=3 HTTP/1.0" 200 414 "-" "Mozilla/5.0 (Windows; U; Windows NT 5.1; en-US; rv:1.8.1.6) Gecko/20070725 Firefox/2.0.0.6"
172.25.132.28 - - [06/Aug/2007:00:13:49 -0700] "GET /favicon.ico HTTP/1.0" 404 528 "-" "Mozilla/5.0 (Windows; U; Windows NT 5.1; en-US; rv:1.8.1.6; Google-TR-5.1.706.29690-en) Gecko/20070725 Firefox/2.0.0.6"
172.25.132.8 - - [06/Aug/2007:00:10:03 -0700] "GET /media/img/no_picture.jpg HTTP/1.1" 302 540 "-" "Mozilla/5.0 (Windows; U; Windows NT 5.1; en-US; rv:1.8.1.6) Gecko/20070725 Firefox/2.0.0.6"
172.24.6.65 - - [06/Aug/2007:00:12:19 -0700] "GET /onebox/?apiMaj=1&apiMin=0&oneboxName=techtalks&lang=en&ipAddr=172.30.62.67&dateTime=2007-08-06%3A00%3A18%3A22&query=tech%20talks&p0=&p1=tech&authType=none HTTP/1.1" 200 527 "-" "googlebot-mscrawl-moma (Enterprise; C5-JFHFMDWZ6UJJS; gnat@google.com,kat@google.com,mattg@google.com,tjd@google.com)"
172.24.222.138 - - [06/Aug/2007:00:17:12 -0700] "GET /talks/3907/ HTTP/1.0" 302 3404 "-" "Mozilla/5.0 (Windows; U; Windows NT 5.1; en-US; rv:1.8.1.6) Gecko/20070725 Firefox/2.0.0.6"
172.24.222.138 - - [06/Aug/2007:00:12:19 -0700] "GET /~nparlante/puzzle/place-bidb-bafd.jpg HTTP/1.0" 200 5910 "-" "Mozilla/5.0 (Windows; U; Windows NT 5.1; en-US; rv:1.8.1.6) Gecko/20070725 Firefox/2.0.0.6"
172.30.84.85 - - [06/Aug/2007:00:06:22 -0700] "GET /talks/3367/ HTTP/1.0" 200 417 "-" "Mozilla/5.0 (Windows; U; Windows NT 5.1; en-US; rv:1.8.1.6) Gecko/20070725 Firefox/2.0.0.6"
172.24.222.138 - - [06/Aug/2007:00:11:12 -0700] "GET /talks/3403 HTTP/1.0" 302 526 "-" "Mozilla/5.0 (Windows; U; Windows NT 5.1; en-US; rv:1.8.1.6) Gecko/20070725 Firefox/2.0.0.6"
172.24.6.38 - - [06/Aug/2007:00:20:27 -0700] "GET /talks/2139/ HTTP/1.0" 200 525 "-" "Mozilla/5.0 (X11; U; Linux i686 (x86_64); en-US; rv:1.8.1.4) Gecko/20070515 Firefox/2.0.0.4"
172.19.250.29 - - [06/Aug/2007:00:06:07 -0700] "GET /favicon.ico HTTP/1.0" 200 402 "-" "Mozilla/5.0 (Macintosh; U; PPC Mac OS X Mach-O; en-US; rv:1.8.0.1; Google-TR-3) Gecko/20060111 Firefox/1.5.0.1"
172.25.132.28 - - [06/Aug/2007:00:12:18 -0700] "GET /media/css/fish.css HTTP/1.1" 302 402 "-" "Mozilla/5.0 (X11; U; Linux i686 (x86_64); en-US; rv:1.8.1.4) Gecko/20070515 Firefox/2.0.0.4"
