172.28.125.176 - - [06/Aug/2007:00:15:57 -0700] "GET /talks/3608/ HTTP/1.0" 200 12969 "-" "googlebot-mscrawl-moma (Enterprise; C5-JFHFMDWZ6UJJS; gnat@google.com,kat@google.com,mattg@google.com,tjd@google.com)"
172.24.222.138 - - [06/Aug/2007:00:20:02 -0700] "GET /media/img/rss.png HTTP/1.1" 302 682 "-" "Mozilla/5.0 (X11; U; Linux i686 (x86_64); en-US; rv:1.8.1.4) Gecko/20070515 Firefox/2.0.0.4"
172.25.199.58 - - [06/Aug/2007:00:10:04 -0700] "GET /talks/4966/ HTTP/1.1" 200 415 "-" "Mozilla/5.0 (Macintosh; U; Intel Mac OS X; en; rv:1.8.1.4) Gecko/20070509 Camino/1.5"
172.24.222.138 - - [06/Aug/2007:00:10:03 -0700] "GET /?page=5 HTTP/1.0" 200 402 "-" "googlebot-mscrawl-moma (Enterprise; C5-JFHFMDWZ6UJJS; gnat@google.com,kat@google.com,mattg@google.com,tjd@google.com)"
172.19.250.81 - - [06/Aug/2007:00:11:08 -0700] "GET /media/img/techtalk_logo.png HTTP/1.1" 200 528 "-" "googlebot-mscrawl-moma (Enterprise; C5-JFHFMDWZ6UJJS; gnat@google.com,kat@google.com,mattg@google.com,tjd@google.com)"
172.30.18.57 - - [06/Aug/2007:00:06:51 -0700] "GET /talks/3403 HTTP/1.0" 302 18124 "-" "googlebot-mscrawl-moma (Enterprise; GIX-03752; gnat@google.com,kat@google.com,mattg@google.com,gopinath@google.com)"
172.25.199.56 - - [06/Aug/2007:00:21:12 -0700] "GET /~nparlante/puzzle/place-bbgi-bbdh.jpg HTTP/1.0" 302 1823 "-" "googlebot-mscrawl-moma (Enterprise; S4-GH7K4HW9PSNAA; tjd@google.com)"
172.24.6.38 - - [06/Aug/2007:00:20:27 -0700] "GET / HTTP/1.0" 302 402 "-" "googlebot-mscrawl-moma (Enterprise; GIX-03752; gnat@google.com,kat@google.com,mattg@google.com,gopinath@google.com)"
10.1.40.113 - - [06/Aug/2007:00:14:53 -0700] "GET /talks/3906/ HTTP/1.0" 200 527 "-" "Mozilla/5.0 (Windows; U; Windows NT 5.1; en-US; rv:1.8) Gecko/20051111 Firefox/1.5"
172.22.105.74 - - [06/Aug/2007:00:13:47 -0700] "GET /talks/172/ HTTP/1.0" 200 402 "-" "Mozilla/5.0 (Windows; U; Windows NT 5.1; en-US; rv:1.8.1.6) Gecko/20070725 Firefox/2.0.0.6"
172.25.132.28 - - [06/Aug/2007:00:12:17 -0700] "GET /~nparlante/puzzle/place-bedh-baif.jpg HTTP/1.0" 404 1 "-" "Mozilla/5.0 (Windows; U; Windows NT 5.1; en-US; rv:1.8.0.12) Gecko/20070508 Firefox/1.5.0.12"
172.24.222.138 - - [06/Aug/2007:00:13:49 -0700] "GET / HTTP/1.0" 302 4284 "-" "Mozilla/5.0 (Windows; U; Windows NT 5.1; en-US; rv:1.8.1.6) Gecko/20070725 Firefox/2.0.0.6"
172.24.6.65 - - [06/Aug/2007:00:10:04 -0700] "GET /~nparlante/puzzle/place-baii-bafc.jpg HTTP/1.0" 302 4067 "-" "Mozilla/5.0 (X11; U; Linux i686 (x86_64); en-US; rv:1.8.1.4) Gecko/20070515 Firefox/2.0.0.4"
10.1.40.113 - - [06/Aug/2007:00:06:42 -0700] "GET /media/img/no_picture.jpg HTTP/1.1" 302 528 "-" "Mozilla/5.0 (Windows; U; Windows NT 5.1; en-US; rv:1.8.0.12) Gecko/20070508 Firefox/1.5.0.12"
172.24.222.138 - - [06/Aug/2007:00:15:30 -0700] "GET /?qdetail=1&qid=1999 HTTP/1.0" 404 3404 "-" "googlebot-mscrawl-moma (Enterprise; GIX-03752; gnat@google.com,kat@google.com,mattg@google.com,gopinath@google.com)"
172.24.6.65 - - [06/Aug/2007:00:18:20 -0700] "GET / HTTP/1.1" 200 12969 "-" "googlebot-mscrawl-moma (Enterprise; GIX-03752; gnat@google.com,kat@google.com,mattg@google.com,gopinath@google.com)"
172.24.6.65 - - [06/Aug/2007:00:05:39 -0700] "GET /~nparlante/puzzle/place-bajg-bbdi.jpg HTTP/1.0" 302 6962 "-" "Mozilla/5.0 (Macintosh; U; Intel Mac OS X; en; rv:1.8.1.4) Gecko/20070509 Camino/1.5"
172.19.243.193 - - [06/Aug/2007:00:08:12 -0700] "GET /talks/298/ HTTP/1.0" 200 414 "-" "googlebot-mscrawl-moma (Enterprise; GIX-03752; gnat@google.com,kat@google.com,mattg@google.com,gopinath@google.com)"
172.24.6.38 - - [06/Aug/2007:00:13:29 -0700] "GET /talks/3679/ HTTP/1.0" 404 525 "-" "Mozilla/5.0 (Windows; U; Windows NT 5.1; en-US; rv:1.8.1.6) Gecko/20070725 Firefox/2.0.0.6"
172.18.90.28 - - [06/Aug/2007:00:12:19 -0700] "GET /talks/4937/ HTTP/1.0" 302 2309 "-" "Mozilla/5.0 (Windows; U; Windows NT 5.1; en-US; rv:1.8.1.6) Gecko/20070725 Firefox/2.0.0.6"
172.24.6.38 - - [06/Aug/2007:00:13:28 -0700] "GET /feeds/courses/ HTTP/1.1" 302 4294 "-" "googlebot-mscrawl-moma (Enterprise; GIX-03752; gnat@google.com,kat@google.com,mattg@google.com,gopinath@google.com)"
172.19.250.29 - - [06/Aug/2007:00:06:08 -0700] "GET /~nparlante/puzzle/place-bgdd-bacf.jpg HTTP/1.0" 200 20040 "-" "Mozilla/5.0 (Windows; U; Windows NT 5.1; en-US; rv:1.8.1.6; Google-TR-5.1.707.6657-en) Gecko/20070725 Firefox/2.0.0.6"
172.24.222.138 - - [06/Aug/2007:00:05:31 -0700] "GET /talks/3442/ HTTP/1.0" 302 513 "-" "Mozilla/5.0 (X11; U; Linux i686 (x86_64); en-US; rv:1.8.1.4) Gecko/20070515 Firefox/2.0.0.4"
172.24.222.138 - - [06/Aug/2007:00:12:19 -0700] "GET /talks/4884/ HTTP/1.1" 200 18124 "-" "Mozilla/5.0 (Windows; U; Windows NT 5.1; en-US; rv:1.8.1.6) Gecko/20070725 Firefox/2.0.0.6"
172.19.252.112 - - [06/Aug/2007:00:20:19 -0700] "GET /talks/2877/ HTTP/1.0" 200 528 "-" "googlebot-mscrawl-moma (Enterprise; C5-JFHFMDWZ6UJJS; gnat@google.com,kat@google.com,mattg@google.com,tjd@google.com)"
172.24.222.138 - - [06/Aug/2007:00:20:27 -0700] "GET /~nparlante/puzzle/place-bfdi-baib.jpg HTTP/1.0" 200 5694 "-" "googlebot-mscrawl-moma (Enterprise; S4-GH7K4HW9PSNAA; tjd@google.com)"
172.25.132.8 - - [06/Aug/2007:00:14:26 -0700] "GET /talks/2612/ HTTP/1.0" 302 2309 "-" "googlebot-mscrawl-moma (Enterprise; GIX-03752; gnat@google.com,kat@google.com,mattg@google.com,gopinath@google.com)"
172.25.226.66 - - [06/Aug/2007:00:14:53 -0700] "GET /~nparlante/puzzle/place-bbed-babb.jpg HTTP/1.0" 200 3404 "-" "Mozilla/5.0 (X11; U; Linux i686 (x86_64); en-US; rv:1.8.1.4) Gecko/20070515 Firefox/2.0.0.4"
172.18.117.143 - - [06/Aug/2007:00:13:41 -0700] "GET /talks/4884/ HTTP/1.1" 200 3341 "-" "googlebot-mscrawl-moma (Enterprise; C5-JFHFMDWZ6UJJS; gnat@google.com,kat@google.com,mattg@google.com,tjd@google.com)"
172.30.18.57 - - [06/Aug/2007:00:05:38 -0700] "GET /~nparlante/puzzle/place-bjee-bahf.jpg HTTP/1.0" 200 528 "-" "Mozilla/5.0 (X11; U; Linux i686 (x86_64); en-US; rv:1.8.1.4) Gecko/20070515 Firefox/2.0.0.4"
172.19.252.112 - - [06/Aug/2007:00:13:28 -0700] "GET /favicon.ico HTTP/1.0" 302 414 "-" "Mozilla/5.0 (Windows; U; Windows NT 5.1; en-US; rv:1.8.1.6) Gecko/20070725 Firefox/2.0.0.6"
172.19.250.120 - - [06/Aug/2007:00:06:08 -0700] "GET / HTTP/1.0" 302 3341 "-" "googlebot-mscrawl-moma (Enterprise; C5-JFHFMDWZ6UJJS; gnat@google.com,kat@google.com,mattg@google.com,tjd@google.com)"
172.29.16.52 - - [06/Aug/2007:00:10:03 -0700] "GET / HTTP/1.0" 302 513 "-" "Mozilla/5.0 (Windows; U; Windows NT 5.1; en-US; rv:1.8.1.6) Gecko/20070725 Firefox/2.0.0.6"
172.24.82.149 - - [06/Aug/2007:00:14:08 -0700] "GET /~nparlante/puzzle/place-bdeh-baha.jpg HTTP/1.0" 302 528 "-" "Mozilla/5.0 (Windows; U; Windows NT 5.1; en-US; rv:1.8) Gecko/20051111 Firefox/1.5"
172.25.132.28 - - [06/Aug/2007:00:21:13 -0700] "GET /~nparlante/puzzle/place-bici-bahh.jpg HTTP/1.0" 200 12969 "-" "Mozilla/5.0 (Windows; U; Windows NT 5.1; en-US; rv:1.8.1.6) Gecko/20070725 Firefox/2.0.0.6"
172.25.199.58 - - [06/Aug/2007:00:18:22 -0700] "GET /~nparlante/puzzle/place-beih-baac.jpg HTTP/1.0" 200 3341 "-" "Mozilla/5.0 (Windows; U; Windows NT 5.1; en-US; rv:1.8.1.6) Gecko/20070725 Firefox/2.0.0.6"
172.25.132.28 - - [06/Aug/2007:00:16:35 -0700] "GET /favicon.ico HTTP/1.0" 301 5694 "-" "googlebot-mscrawl-moma (Enterprise; GIX-03752; gnat@google.com,kat@google.com,mattg@google.com,gopinath@google.com)"
172.19.243.193 - - [06/Aug/2007:00:20:29 -0700] "GET /talks/4827 HTTP/1.1" 302 306 "-" "Mozilla/5.0 (X11; U; Linux i686 (x86_64); en-US; rv:1.8.1.4) Gecko/20070515 Firefox/2.0.0.4"
172.24.222.138 - - [06/Aug/2007:00:14:53 -0700] "GET /~nparlante/puzzle/place-biag-bbdj.jpg HTTP/1.0" 200 18124 "-" "Mozilla/5.0 (Windows; U; Windows NT 5.1; en-US; rv:1.8.1.6) Gecko/20070725 Firefox/2.0.0.6"
172.24.222.138 - - [06/Aug/2007:00:12:19 -0700] "GET /media/js_events/search.js HTTP/1.1" 404 5694 "-" "googlebot-mscrawl-moma (Enterprise; GIX-03752; gnat@google.com,kat@google.com,mattg@google.com,gopinath@google.com)"
172.18.90.28 - - [06/Aug/2007:00:19:34 -0700] "GET /favicon.ico HTTP/1.0" 200 528 "-" "Mozilla/5.0 (Macintosh; U; PPC Mac OS X Mach-O; en-US; rv:1.8.0.1; Google-TR-3) Gecko/20060111 Firefox/1.5.0.1"
172.24.6.38 - - [06/Aug/2007:00:12:17 -0700] "GET /talks/2342 HTTP/1.0" 302 306 "-" "Mozilla/5.0 (Macintosh; U; Intel Mac OS X; en; rv:1.8.1.4) Gecko/20070509 Camino/1.5"
172.25.132.28 - - [06/Aug/2007:00:13:27 -0700] "GET /media/css/fish.css HTTP/1.1" 302 19124 "-" "googlebot-mscrawl-moma (Enterprise; C5-JFHFMDWZ6UJJS; gnat@google.com,kat@google.com,mattg@google.com,tjd@google.com)"
172.19.250.120 - - [06/Aug/2007:00:17:08 -0700] "GET / HTTP/1.1" 200 3404 "-" "googlebot-mscrawl-moma"
172.29.16.52 - - [06/Aug/2007:00:21:13 -0700] "GET /~nparlante/puzzle/place-bcid-bbbb.jpg HTTP/1.0" 302 528 "-" "Mozilla/5.0 (Macintosh; U; Intel Mac OS X; en; rv:1.8.1.4) Gecko/20070509 Camino/1.5"
10.1.40.113 - - [06/Aug/2007:00:06:16 -0700] "GET /media/js_events/search.js HTTP/1.1" 200 3404 "-" "googlebot-mscrawl-moma (Enterprise; GIX-03752; gnat@google.com,kat@google.com,mattg@google.com,gopinath@google.com)"
172.30.37.137 - - [06/Aug/2007:00:05:54 -0700] "GET /talks/4827 HTTP/1.1" 302 3936 "-" "googlebot-mscrawl-moma (Enterprise; C5-JFHFMDWZ6UJJS; gnat@google.com,kat@google.com,mattg@google.com,tjd@google.com)"
10.1.40.113 - - [06/Aug/2007:00:06:52 -0700] "GET /media/img/powered_by_engedu.png HTTP/1.1" 200 10496 "-" "Mozilla/5.0 (X11; U; Linux i686 (x86_64); en-US; rv:1.8.1.4) Gecko/20070515 Firefox/2.0.0.4"
172.19.243.193 - - [06/Aug/2007:00:11:14 -0700] "GET /media/img/rss.png HTTP/1.1" 302 527 "-" "Mozilla/5.0 (X11; U; Linux i686 (x86_64); en-US; rv:1.8.1.4) Gecko/20070515 Firefox/2.0.0.4"
172.25.132.28 - - [06/Aug/2007:00:14:53 -0700] "GET /talks/4947/ HTTP/1.0" 200 414 "-" "googlebot-mscrawl-moma (Enterprise; C5-JFHFMDWZ6UJJS; gnat@google.com,kat@google.com,mattg@google.com,tjd@google.com)"
172.24.222.138 - - [06/Aug/2007:00:14:53 -0700] "GET /talks/4760/ HTTP/1.0" 302 6962 "-" "Mozilla/5.0 (Windows; U; Windows NT 5.1; en-US; rv:1.8.1.6) Gecko/20070725 Firefox/2.0.0.6"
172.18.117.242 - - [06/Aug/2007:00:16:35 -0700] "GET / HTTP/1.0" 404 528 "-" "Mozilla/5.0 (Windows; U; Windows NT 5.1; en-US; rv:1.8.0.12) Gecko/20070508 Firefox/1.5.0.12"
172.29.16.52 - - [06/Aug/2007:00:21:12 -0700] "GET /~nparlante/puzzle/place-bjee-bahf.jpg HTTP/1.0" 200 4067 "-" "Mozilla/5.0 (Windows; U; Windows NT 5.1; en-US; rv:1.8.1.6) Gecko/20070725 Firefox/2.0.0.6"
172.19.250.81 - - [06/Aug/2007:00:16:35 -0700] "GET /~nparlante/puzzle/place-bibd-bajb.jpg HTTP/1.0" 302 18124 "-" "googlebot-mscrawl-moma (Enterprise; GIX-03752; gnat@google.com,kat@google.com,mattg@google.com,gopinath@google.com)"
172.28.125.176 - - [06/Aug/2007:00:19:19 -0700] "GET /feeds/talks/ HTTP/1.1" 302 4237 "-" "googlebot-mscrawl-moma (Enterprise; C5-JFHFMDWZ6UJJS; gnat@google.com,kat@google.com,mattg@google.com,tjd@google.com)"
172.19.250.81 - - [06/Aug/2007:00:20:29 -0700] "GET /talks/2139/ HTTP/1.0" 302 2309 "-" "Mozilla/5.0 (Windows; U; Windows NT 5.1; en-US; rv:1.8.1.6; Google-TR-5.1.706.29690-en) Gecko/20070725 Firefox/2.0.0.6"
10.1.40.113 - - [06/Aug/2007:00:12:19 -0700] "GET /~nparlante/puzzle/place-bhjc-bbdg.jpg HTTP/1.0" 200 525 "-" "Mozilla/5.0 (X11; U; Linux i686 (x86_64); en-US; rv:1.8.1.4) Gecko/20070515 Firefox/2.0.0.4"
172.24.222.138 - - [06/Aug/2007:00:09:49 -0700] "GET /talks/4708/ HTTP/1.0" 302 528 "-" "googlebot-mscrawl-moma (Enterprise; GIX-03752; gnat@google.com,kat@google.com,mattg@google.com,gopinath@google.com)"
172.19.250.81 - - [06/Aug/2007:00:07:21 -0700] "GET /media/js_events/search.js HTTP/1.1" 302 3404 "-" "Mozilla/5.0 (Windows; U; Windows NT 5.1; en-US; rv:1.8.0.12) Gecko/20070508 Firefox/1.5.0.12"
172.25.135.103 - - [06/Aug/2007:00:07:22 -0700] "GET /talks/4884 HTTP/1.0" 302 6485 "-" "Mozilla/5.0 (X11; U; Linux i686 (x86_64); en-US; rv:1.8.1.4) Gecko/20070515 Firefox/2.0.0.4"
172.24.222.138 - - [06/Aug/2007:00:13:47 -0700] "GET /talks/3367/ HTTP/1.0" 200 3404 "-" "googlebot-mscrawl-moma (Enterprise; GIX-03752; gnat@google.com,kat@google.com,mattg@google.com,gopinath@google.com)"
172.24.6.65 - - [06/Aug/2007:00:17:08 -0700] "GET /talks/4931/ HTTP/1.0" 302 6962 "-" "Mozilla/5.0 (Macintosh; U; Intel Mac OS X; en; rv:1.8.1.4) Gecko/20070509 Camino/1.5"
172.18.117.242 - - [06/Aug/2007:00:12:19 -0700] "GET /~nparlante/puzzle/place-beji-baga.jpg HTTP/1.0" 302 19130 "-" "googlebot-mscrawl-moma (Enterprise; C5-JFHFMDWZ6UJJS; gnat@google.com,kat@google.com,mattg@google.com,tjd@google.com)"
172.25.132.28 - - [06/Aug/2007:00:13:48 -0700] "GET /~nparlante/puzzle/place-bbff-badc.jpg HTTP/1.0" 200 6267 "-" "googlebot-mscrawl-moma (Enterprise; C5-JFHFMDWZ6UJJS; gnat@google.com,kat@google.com,mattg@google.com,tjd@google.com)"
172.29.248.42 - - [06/Aug/2007:00:11:15 -0700] "GET /talks/3667 HTTP/1.0" 302 682 "-" "Mozilla/5.0 (Macintosh; U; PPC Mac OS X Mach-O; en-US; rv:1.8.1.6) Gecko/20070725 Firefox/2.0.0.6"
172.29.16.52 - - [06/Aug/2007:00:10:05 -0700] "GET / HTTP/1.1" 200 540 "-" "Mozilla/5.0 (Windows; U; Windows NT 5.1; en-US; rv:1.8.1.6; Google-TR-5.1.706.29690-en) Gecko/20070725 Firefox/2.0.0.6"
172.22.105.74 - - [06/Aug/2007:00:09:10 -0700] "GET /talks/4650/ HTTP/1.0" 200 528 "-" "-"
172.19.243.193 - - [06/Aug/2007:00:20:27 -0700] "GET /talks/4189/ HTTP/1.0" 200 527 "-" "Mozilla/5.0 (Windows; U; Windows NT 5.1; en-US; rv:1.8.1.6) Gecko/20070725 Firefox/2.0.0.6"
10.1.40.113 - - [06/Aug/2007:00:09:21 -0700] "GET /media/img/techtalk_logo.png HTTP/1.1" 302 528 "-" "Mozilla/5.0 (X11; U; Linux i686 (x86_64); en-US; rv:1.8.1.4) Gecko/20070515 Firefox/2.0.0.4"
172.25.132.28 - - [06/Aug/2007:00:13:48 -0700] "GET /feeds/talks/ HTTP/1.1" 200 414 "-" "Mozilla/5.0 (Windows; U; Windows NT 5.1; en-US; rv:1.8.1.6) Gecko/20070725 Firefox/2.0.0.6"
172.19.243.193 - - [06/Aug/2007:00:20:28 -0700] "GET /~nparlante/puzzle/place-biag-bbdj.jpg HTTP/1.0" 200 3341 "-" "googlebot-mscrawl-moma (Enterprise; C5-JFHFMDWZ6UJJS; gnat@google.com,kat@google.com,mattg@google.com,tjd@google.com)"
172.24.222.138 - - [06/Aug/2007:00:18:52 -0700] "GET /talks/4914/ HTTP/1.0" 200 528 "-" "googlebot-mscrawl-moma (Enterprise; GIX-03752; gnat@google.com,kat@google.com,mattg@google.com,gopinath@google.com)"
172.19.252.112 - - [06/Aug/2007:00:20:11 -0700] "GET /talks/4917/ HTTP/1.0" 200 18124 "-" "Mozilla/5.0 (X11; U; Linux i686 (x86_64); en-US; rv:1.8.1.4) Gecko/20070515 Firefox/2.0.0.4"
10.1.40.113 - - [06/Aug/2007:00:11:12 -0700] "GET /~nparlante/puzzle/place-bghc-bacc.jpg HTTP/1.0" 302 539 "-" "Mozilla/5.0 (Windows; U; Windows NT 5.1; en-US; rv:1.8.1.6) Gecko/20070725 Firefox/2.0.0.6"
172.24.6.65 - - [06/Aug/2007:00:20:14 -0700] "GET /~nparlante/puzzle/place-bbci-bagf.jpg HTTP/1.0" 200 4971 "-" "googlebot-mscrawl-moma (Enterprise; C5-JFHFMDWZ6UJJS; gnat@google.com,kat@google.com,mattg@google.com,tjd@google.com)"
172.19.243.193 - - [06/Aug/2007:00:13:48 -0700] "GET /media/js_events/search.js HTTP/1.1" 200 528 "-" "googlebot-mscrawl-moma (Enterprise; GIX-03752; gnat@google.com,kat@google.com,mattg@google.com,gopinath@google.com)"
10.1.40.42 - - [06/Aug/2007:00:10:05 -0700] "GET /media/css/fish.css HTTP/1.1" 404 6267 "-" "Mozilla/5.0 (X11; U; Linux i686 (x86_64); en-US; rv:1.8.1.4) Gecko/20070515 Firefox/2.0.0.4"
172.19.252.112 - - [06/Aug/2007:00:13:40 -0700] "GET /feeds/talks/ HTTP/1.0" 200 526 "-" "googlebot-mscrawl-moma (Enterprise; C5-JFHFMDWZ6UJJS; gnat@google.com,kat@google.com,mattg@google.com,tjd@google.com)"
172.24.6.65 - - [06/Aug/2007:00:12:18 -0700] "GET /media/css/fish.css HTTP/1.1" 404 12969 "-" "Mozilla/5.0 (Macintosh; U; Intel Mac OS X; en; rv:1.8.1.4) Gecko/20070509 Camino/1.5"
172.30.60.53 - - [06/Aug/2007:00:06:08 -0700] "GET /talks/2621/ HTTP/1.1" 302 3404 "-" "googlebot-mscrawl-moma (Enterprise; C5-JFHFMDWZ6UJJS; gnat@google.com,kat@google.com,mattg@google.com,tjd@google.com)"
172.29.16.52 - - [06/Aug/2007:00:09:48 -0700] "GET /media/img/techtalk_logo.png HTTP/1.1" 302 3341 "-" "googlebot-mscrawl-moma (Enterprise; GIX-03752; gnat@google.com,kat@google.com,mattg@google.com,gopinath@google.com)"
172.30.18.57 - - [06/Aug/2007:00:13:52 -0700] "GET / HTTP/1.0" 200 513 "-" "Mozilla/5.0 (Windows; U; Windows NT 5.1; en-US; rv:1.8.1.6) Gecko/20070725 Firefox/2.0.0.6"
172.19.243.193 - - [06/Aug/2007:00:11:14 -0700] "GET /favicon.ico HTTP/1.1" 302 6962 "-" "Mozilla/5.0 (Windows; U; Windows NT 5.1; en-US; rv:1.8.1.6; Google-TR-5.1.706.29690-en) Gecko/20070725 Firefox/2.0.0.6"
172.24.6.65 - - [06/Aug/2007:00:18:55 -0700] "GET /media/css/fish.css HTTP/1.1" 200 3404 "-" "FeedTools/0.2.24 +http://www.sporkmonger.com/projects/feedtools/"
172.24.6.65 - - [06/Aug/2007:00:13:48 -0700] "GET /media/img/powered_by_engedu.png HTTP/1.1" 302 4880 "-" "googlebot-mscrawl-moma (Enterprise; GIX-03752; gnat@google.com,kat@google.com,mattg@google.com,gopinath@google.com)"
172.19.250.81 - - [06/Aug/2007:00:12:18 -0700] "GET /~nparlante/puzzle/place-bjeb-badh.jpg HTTP/1.0" 200 528 "-" "googlebot-mscrawl-moma (Enterprise; C5-JFHFMDWZ6UJJS; gnat@google.com,kat@google.com,mattg@google.com,tjd@google.com)"
10.1.40.113 - - [06/Aug/2007:00:12:18 -0700] "GET /~nparlante/puzzle/place-bhjj-bbac.jpg HTTP/1.0" 404 414 "-" "Mozilla/5.0 (Macintosh; U; PPC Mac OS X Mach-O; en-US; rv:1.8.0.1; Google-TR-3) Gecko/20060111 Firefox/1.5.0.1"
172.24.222.138 - - [06/Aug/2007:00:13:49 -0700] "GET / HTTP/1.0" 200 528 "-" "Mozilla/5.0 (Macintosh; U; PPC Mac OS X Mach-O; en-US; rv:1.8.1.6) Gecko/20070725 Firefox/2.0.0.6"
172.25.132.28 - - [06/Aug/2007:00:12:19 -0700] "GET /media/css/fish.css HTTP/1.1" 200 16320 "-" "googlebot-mscrawl-moma (Enterprise; C5-JFHFMDWZ6UJJS; gnat@google.com,kat@google.com,mattg@google.com,tjd@google.com)"
172.24.222.138 - - [06/Aug/2007:00:15:01 -0700] "GET /media/img/techtalk_logo.png HTTP/1.1" 404 3404 "-" "googlebot-mscrawl-moma (Enterprise; C5-JFHFMDWZ6UJJS; gnat@google.com,kat@google.com,mattg@google.com,tjd@google.com)"
172.29.16.52 - - [06/Aug/2007:00:15:01 -0700] "GET /media/img/no_picture.jpg HTTP/1.1" 302 3404 "-" "Mozilla/5.0 (Windows; U; Windows NT 5.1; en-US; rv:1.8) Gecko/20051111 Firefox/1.5"
172.25.132.28 - - [06/Aug/2007:00:20:27 -0700] "GET /media/img/techtalk_logo.png HTTP/1.1" 302 528 "-" "Mozilla/5.0 (X11; U; Linux i686 (x86_64); en-US; rv:1.8.1.4) Gecko/20070515 Firefox/2.0.0.4"
172.25.132.28 - - [06/Aug/2007:00:19:53 -0700] "GET /~nparlante/puzzle/place-bceg-baid.jpg HTTP/1.0" 302 3341 "-" "Mozilla/5.0 (X11; U; Linux i686 (x86_64); en-US; rv:1.8.1.4) Gecko/20070515 Firefox/2.0.0.4"
10.1.40.113 - - [06/Aug/2007:00:19:34 -0700] "GET / HTTP/1.1" 302 10496 "-" "Mozilla/5.0 (Windows; U; Windows NT 5.1; en-US; rv:1.8) Gecko/20051111 Firefox/1.5"
172.24.6.65 - - [06/Aug/2007:00:11:25 -0700] "GET /?page=5 HTTP/1.0" 200 18124 "-" "Mozilla/5.0 (Windows; U; Windows NT 5.1; en-US; rv:1.8.0.12) Gecko/20070508 Firefox/1.5.0.12"
172.25.132.28 - - [06/Aug/2007:00:19:34 -0700] "GET /media/img/techtalk_logo.png HTTP/1.1" 302 18124 "-" "googlebot-mscrawl-moma (Enterprise; C5-JFHFMDWZ6UJJS; gnat@google.com,kat@google.com,mattg@google.com,tjd@google.com)"
172.25.135.103 - - [06/Aug/2007:00:05:31 -0700] "GET /talks/4827/ HTTP/1.1" 200 402 "-" "Mozilla/5.0 (Macintosh; U; PPC Mac OS X Mach-O; en-US; rv:1.8.0.1; Google-TR-3) Gecko/20060111 Firefox/1.5.0.1"
172.25.132.28 - - [06/Aug/2007:00:18:53 -0700] "GET / HTTP/1.0" 200 402 "-" "Mozilla/5.0 (Windows; U; Windows NT 5.1; en-US; rv:1.8.1.6) Gecko/20070725 Firefox/2.0.0.6"
172.18.90.28 - - [06/Aug/2007:00:20:19 -0700] "GET /talks/4533/ HTTP/1.1" 404 4290 "-" "-"
172.25.132.28 - - [06/Aug/2007:00:13:29 -0700] "GET /media/img/no_picture.jpg HTTP/1.1" 302 525 "-" "Mozilla/5.0 (Macintosh; U; Intel Mac OS X; en; rv:1.8.1.4) Gecko/20070509 Camino/1.5"
172.19.252.112 - - [06/Aug/2007:00:14:53 -0700] "GET /robots.txt HTTP/1.0" 302 414 "-" "Mozilla/5.0 (Macintosh; U; Intel Mac OS X; en; rv:1.8.1.4) Gecko/20070509 Camino/1.5"
172.25.132.28 - - [06/Aug/2007:00:13:29 -0700] "GET /talks/4827/ HTTP/1.0" 200 528 "-" "Mozilla/5.0 (Macintosh; U; Intel Mac OS X; en; rv:1.8.1.4) Gecko/20070509 Camino/1.5"
172.30.84.85 - - [06/Aug/2007:00:18:52 -0700] "GET /talks/3824/ HTTP/1.0" 200 414 "-" "googlebot-mscrawl-moma (Enterprise; GIX-03752; gnat@google.com,kat@google.com,mattg@google.com,gopinath@google.com)"
172.24.222.138 - - [06/Aug/2007:00:11:14 -0700] "GET /~nparlante/puzzle/place-bafa-bbag.jpg HTTP/1.0" 200 5164 "-" "Mozilla/5.0 (X11; U; Linux i686 (x86_64); en-US; rv:1.8.1.4) Gecko/20070515 Firefox/2.0.0.4"
172.25.226.66 - - [06/Aug/2007:00:13:47 -0700] "GET /media/img/techtalk_logo.png HTTP/1.1" 200 4681 "-" "Mozilla/5.0 (Windows; U; Windows NT 5.1; en-US; rv:1.8.1.6) Gecko/20070725 Firefox/2.0.0.6"
172.24.222.138 - - [06/Aug/2007:00:20:28 -0700] "GET /robots.txt HTTP/1.0" 302 3404 "-" "googlebot-mscrawl-moma (Enterprise; C5-JFHFMDWZ6UJJS; gnat@google.com,kat@google.com,mattg@google.com,tjd@google.com)"
172.24.222.138 - - [06/Aug/2007:00:05:55 -0700] "GET /~nparlante/puzzle/place-bbed-babb.jpg HTTP/1.0" 200 7450 "-" "googlebot-mscrawl-moma (Enterprise; C5-JFHFMDWZ6UJJS; gnat@google.com,kat@google.com,mattg@google.com,tjd@google.com)"
172.19.250.81 - - [06/Aug/2007:00:21:11 -0700] "GET /feeds/talks/ HTTP/1.1" 404 4284 "-" "googlebot-mscrawl-moma"
172.29.16.52 - - [06/Aug/2007:00:06:49 -0700] "GET /media/img/powered_by_engedu.png HTTP/1.1" 200 525 "-" "Mozilla/5.0 (Macintosh; U; Intel Mac OS X; en; rv:1.8.1.4) Gecko/20070509 Camino/1.5"
172.24.222.138 - - [06/Aug/2007:00:06:42 -0700] "GET /talks/4931/ HTTP/1.0" 302 4284 "-" "googlebot-mscrawl-moma (Enterprise; GIX-03752; gnat@google.com,kat@google.com,mattg@google.com,gopinath@google.com)"
172.24.6.38 - - [06/Aug/2007:00:12:19 -0700] "GET /talks/3667 HTTP/1.0" 200 18124 "-" "Mozilla/5.0 (Windows; U; Windows NT 5.1; en-US; rv:1.8.0.12) Gecko/20070508 Firefox/1.5.0.12"
172.29.16.52 - - [06/Aug/2007:00:17:13 -0700] "GET /talks/4934/ HTTP/1.0" 200 3404 "-" "googlebot-mscrawl-moma (Enterprise; S4-GH7K4HW9PSNAA; tjd@google.com)"
172.25.199.58 - - [06/Aug/2007:00:21:13 -0700] "GET /talks/4966/ HTTP/1.1" 302 4290 "-" "Mozilla/5.0 (Windows; U; Windows NT 5.1; en-US; rv:1.8.1.6) Gecko/20070725 Firefox/2.0.0.6"
172.30.60.53 - - [06/Aug/2007:00:21:12 -0700] "GET /?page=3 HTTP/1.0" 200 6583 "-" "Mozilla/5.0 (Windows; U; Windows NT 5.1; en-US; rv:1.8.1.6) Gecko/20070725 Firefox/2.0.0.6"
172.19.252.112 - - [06/Aug/2007:00:21:12 -0700] "GET /favicon.ico HTTP/1.1" 302 18124 "-" "Mozilla/5.0 (Windows; U; Windows NT 5.1; en-US; rv:1.8.1.6) Gecko/20070725 Firefox/2.0.0.6"
172.25.135.103 - - [06/Aug/2007:00:06:16 -0700] "GET /talks/4053/ HTTP/1.0" 302 402 "-" "googlebot-mscrawl-moma (Enterprise; GIX-03752; gnat@google.com,kat@google.com,mattg@google.com,gopinath@google.com)"
10.1.40.113 - - [06/Aug/2007:00:21:13 -0700] "GET /media/img/powered_by_engedu.png HTTP/1.1" 200 528 "-" "Mozilla/5.0 (Windows; U; Windows NT 5.1; en-US; rv:1.8.1.6) Gecko/20070725 Firefox/2.0.0.6"
172.24.6.63 - - [06/Aug/2007:00:18:22 -0700] "GET /talks/4938 HTTP/1.1" 302 528 "-" "googlebot-mscrawl-moma (Enterprise; C5-JFHFMDWZ6UJJS; gnat@google.com,kat@google.com,mattg@google.com,tjd@google.com)"
10.1.40.113 - - [06/Aug/2007:00:14:00 -0700] "GET /~nparlante/puzzle/place-bibe-baaj.jpg HTTP/1.0" 200 3404 "-" "googlebot-mscrawl-moma (Enterprise; C5-JFHFMDWZ6UJJS; gnat@google.com,kat@google.com,mattg@google.com,tjd@google.com)"
172.18.117.143 - - [06/Aug/2007:00:12:19 -0700] "GET /talks/4967/ HTTP/1.0" 302 525 "-" "googlebot-mscrawl-moma"
172.22.72.49 - - [06/Aug/2007:00:10:05 -0700] "GET /talks/2904/ HTTP/1.0" 200 4971 "-" "Mozilla/5.0 (Macintosh; U; Intel Mac OS X; en; rv:1.8.1.4) Gecko/20070509 Camino/1.5"
172.19.250.81 - - [06/Aug/2007:00:12:18 -0700] "GET /~nparlante/puzzle/place-bjbb-baba.jpg HTTP/1.0" 200 525 "-" "googlebot-mscrawl-moma (Enterprise; GIX-03752; gnat@google.com,kat@google.com,mattg@google.com,gopinath@google.com)"
172.25.132.28 - - [06/Aug/2007:00:10:04 -0700] "GET /~nparlante/puzzle/place-bbfi-bbbc.jpg HTTP/1.0" 200 3404 "-" "googlebot-mscrawl-moma (Enterprise; C5-JFHFMDWZ6UJJS; gnat@google.com,kat@google.com,mattg@google.com,tjd@google.com)"
172.19.252.112 - - [06/Aug/2007:00:19:53 -0700] "GET /~nparlante/puzzle/place-bbci-bagf.jpg HTTP/1.0" 200 402 "-" "googlebot-mscrawl-moma (Enterprise; C5-JFHFMDWZ6UJJS; gnat@google.com,kat@google.com,mattg@google.com,tjd@google.com)"
172.25.132.28 - - [06/Aug/2007:00:10:05 -0700] "GET /media/css/fish.css HTTP/1.1" 302 540 "-" "Mozilla/5.0 (X11; U; Linux i686 (x86_64); en-US; rv:1.8.1.4) Gecko/20070515 Firefox/2.0.0.4"
172.30.60.53 - - [06/Aug/2007:00:06:16 -0700] "GET / HTTP/1.0" 200 414 "-" "googlebot-mscrawl-moma (Enterprise; C5-JFHFMDWZ6UJJS; gnat@google.com,kat@google.com,mattg@google.com,tjd@google.com)"
172.24.222.138 - - [06/Aug/2007:00:06:15 -0700] "GET /~nparlante/puzzle/place-bjaj-badg.jpg HTTP/1.0" 302 3404 "-" "Mozilla/5.0 (Windows; U; Windows NT 5.1; en-US; rv:1.8.1.6) Gecko/20070725 Firefox/2.0.0.6"
172.24.222.138 - - [06/Aug/2007:00:17:12 -0700] "GET /favicon.ico HTTP/1.1" 302 19134 "-" "Mozilla/5.0 (X11; U; Linux i686 (x86_64); en-US; rv:1.8.1.4) Gecko/20070515 Firefox/2.0.0.4"
172.24.222.138 - - [06/Aug/2007:00:09:21 -0700] "GET /~nparlante/puzzle/place-bieg-babi.jpg HTTP/1.0" 302 3341 "-" "Mozilla/5.0 (Windows; U; Windows NT 5.1; en-US; rv:1.8.1.6; Google-TR-5.1.706.29690-en) Gecko/20070725 Firefox/2.0.0.6"
172.24.222.138 - - [06/Aug/2007:00:19:34 -0700] "GET /~nparlante/puzzle/place-bbea-bacj.jpg HTTP/1.0" 404 3404 "-" "Mozilla/5.0 (X11; U; Linux i686 (x86_64); en-US; rv:1.8.1.4) Gecko/20070515 Firefox/2.0.0.4"
172.18.117.242 - - [06/Aug/2007:00:09:22 -0700] "GET /feeds/talks/ HTTP/1.1" 200 3404 "-" "Mozilla/5.0 (X11; U; Linux i686 (x86_64); en-US; rv:1.8.1.4) Gecko/20070515 Firefox/2.0.0.4"
172.24.222.138 - - [06/Aug/2007:00:11:13 -0700] "GET /media/css/fish.css HTTP/1.1" 302 414 "-" "Mozilla/5.0 (X11; U; Linux i686 (x86_64); en-US; rv:1.8.1.4) Gecko/20070515 Firefox/2.0.0.4"
172.30.18.57 - - [06/Aug/2007:00:20:29 -0700] "GET /talks/4884/ HTTP/1.1" 302 528 "-" "googlebot-mscrawl-moma (Enterprise; GIX-03752; gnat@google.com,kat@google.com,mattg@google.com,gopinath@google.com)"
172.24.222.138 - - [06/Aug/2007:00:06:15 -0700] "GET /talks/4947/ HTTP/1.0" 200 528 "-" "Mozilla/5.0 (Windows; U; Windows NT 5.1; en-US; rv:1.8) Gecko/20051111 Firefox/1.5"
172.25.132.28 - - [06/Aug/2007:00:21:11 -0700] "GET /favicon.ico HTTP/1.1" 206 6702 "-" "Mozilla/5.0 (X11; U; Linux i686 (x86_64); en-US; rv:1.8.1.4) Gecko/20070515 Firefox/2.0.0.4"
172.18.117.143 - - [06/Aug/2007:00:05:55 -0700] "GET /~nparlante/puzzle/place-bcej-baag.jpg HTTP/1.0" 200 539 "-" "googlebot-mscrawl-moma (Enterprise; GIX-03752; gnat@google.com,kat@google.com,mattg@google.com,gopinath@google.com)"
172.19.252.112 - - [06/Aug/2007:00:19:53 -0700] "GET /~nparlante/puzzle/place-bbge-baij.jpg HTTP/1.0" 200 4288 "-" "Mozilla/5.0 (X11; U; Linux i686; en-US; rv:1.8.1.4) Gecko/20070515 Firefox/2.0.0.4"
10.1.40.113 - - [06/Aug/2007:00:06:17 -0700] "GET /?page=5 HTTP/1.0" 200 528 "-" "googlebot-mscrawl-moma (Enterprise; GIX-03752; gnat@google.com,kat@google.com,mattg@google.com,gopinath@google.com)"
172.19.243.193 - - [06/Aug/2007:00:20:27 -0700] "GET /talks/4967/ HTTP/1.0" 200 16320 "-" "Mozilla/5.0 (Windows; U; Windows NT 5.1; en-US; rv:1.8.1.6) Gecko/20070725 Firefox/2.0.0.6"
172.25.135.103 - - [06/Aug/2007:00:14:08 -0700] "GET /talks/4029/ HTTP/1.0" 200 6589 "-" "Mozilla/5.0 (Windows; U; Windows NT 5.1; en-US; rv:1.8.1.6) Gecko/20070725 Firefox/2.0.0.6"
172.25.132.28 - - [06/Aug/2007:00:06:07 -0700] "GET /talks/4931/ HTTP/1.0" 200 3936 "-" "Mozilla/5.0 (Windows; U; Windows NT 5.1; en-US; rv:1.8.1.6) Gecko/20070725 Firefox/2.0.0.6"
172.24.6.65 - - [06/Aug/2007:00:12:19 -0700] "GET /talks/2612/ HTTP/1.0" 200 513 "-" "Mozilla/5.0 (Windows; U; Windows NT 5.1; en-US; rv:1.8) Gecko/20051111 Firefox/1.5"
10.1.40.113 - - [06/Aug/2007:00:11:14 -0700] "GET /~nparlante/puzzle/place-bafa-bbag.jpg HTTP/1.0" 302 342 "-" "googlebot-mscrawl-moma (Enterprise; GIX-03752; gnat@google.com,kat@google.com,mattg@google.com,gopinath@google.com)"
172.25.135.103 - - [06/Aug/2007:00:10:05 -0700] "GET /media/css/fish.css HTTP/1.1" 302 2309 "-" "Mozilla/5.0 (Windows; U; Windows NT 5.1; en-US; rv:1.8.1.6) Gecko/20070725 Firefox/2.0.0.6"
172.24.222.138 - - [06/Aug/2007:00:06:07 -0700] "GET /talks/4650/ HTTP/1.0" 200 4284 "-" "Mozilla/5.0 (Windows; U; Windows NT 5.1; en-US; rv:1.8.1.6) Gecko/20070725 Firefox/2.0.0.6"
172.25.132.28 - - [06/Aug/2007:00:13:56 -0700] "GET /media/img/rss.png HTTP/1.1" 200 18124 "-" "googlebot-mscrawl-moma (Enterprise; C5-JFHFMDWZ6UJJS; gnat@google.com,kat@google.com,mattg@google.com,tjd@google.com)"
172.18.117.242 - - [06/Aug/2007:00:06:15 -0700] "GET / HTTP/1.1" 200 539 "-" "Mozilla/5.0 (X11; U; Linux i686 (x86_64); en-US; rv:1.8.1.4) Gecko/20070515 Firefox/2.0.0.4"
172.25.132.28 - - [06/Aug/2007:00:12:18 -0700] "GET /~nparlante/puzzle/place-bchb-bbbf.jpg HTTP/1.0" 200 528 "-" "googlebot-mscrawl-moma (Enterprise; GIX-03752; gnat@google.com,kat@google.com,mattg@google.com,gopinath@google.com)"
172.19.252.112 - - [06/Aug/2007:00:11:15 -0700] "GET /talks/4914/ HTTP/1.0" 302 3404 "-" "Mozilla/5.0 (Windows; U; Windows NT 5.1; en-US; rv:1.8.0.12) Gecko/20070508 Firefox/1.5.0.12"
172.18.90.28 - - [06/Aug/2007:00:05:30 -0700] "GET /robots.txt HTTP/1.0" 200 525 "-" "Mozilla/5.0 (Macintosh; U; PPC Mac OS X Mach-O; en-US; rv:1.8.0.1; Google-TR-3) Gecko/20060111 Firefox/1.5.0.1"
172.18.117.242 - - [06/Aug/2007:00:09:22 -0700] "GET /talks/3263/ HTTP/1.0" 302 3940 "-" "Mozilla/5.0 (Windows; U; Windows NT 5.1; en-US; rv:1.8) Gecko/20051111 Firefox/1.5"
172.25.132.28 - - [06/Aug/2007:00:12:18 -0700] "GET /feeds/talks/ HTTP/1.1" 200 18124 "-" "Mozilla/5.0 (Windows; U; Windows NT 5.1; en-US; rv:1.8.1.6) Gecko/20070725 Firefox/2.0.0.6"
10.1.40.113 - - [06/Aug/2007:00:17:08 -0700] "GET /talks/4760/ HTTP/1.0" 302 10496 "-" "googlebot-mscrawl-moma (Enterprise; C5-JFHFMDWZ6UJJS; gnat@google.com,kat@google.com,mattg@google.com,tjd@google.com)"
172.24.6.37 - - [06/Aug/2007:00:13:48 -0700] "GET /talks/3263/ HTTP/1.0" 200 6338 "-" "googlebot-mscrawl-moma (Enterprise; C5-JFHFMDWZ6UJJS; gnat@google.com,kat@google.com,mattg@google.com,tjd@google.com)"
172.25.199.56 - - [06/Aug/2007:00:09:49 -0700] "GET /talks/4914/ HTTP/1.0" 302 12969 "-" "Mozilla/5.0 (Windows; U; Windows NT 5.1; en-US; rv:1.8.1.6) Gecko/20070725 Firefox/2.0.0.6"
172.25.226.66 - - [06/Aug/2007:00:12:19 -0700] "GET /talks/past/ HTTP/1.1" 200 6267 "-" "googlebot-mscrawl-moma (Enterprise; C5-JFHFMDWZ6UJJS; gnat@google.com,kat@google.com,mattg@google.com,tjd@google.com)"
172.19.250.81 - - [06/Aug/2007:00:06:15 -0700] "GET /talks/47/ HTTP/1.0" 302 528 "-" "Mozilla/5.0 (Windows; U; Windows NT 5.1; en-US; rv:1.8) Gecko/20051111 Firefox/1.5"
172.25.132.28 - - [06/Aug/2007:00:05:29 -0700] "GET /media/img/powered_by_engedu.png HTTP/1.1" 200 2309 "-" "Mozilla/5.0 (Windows; U; Windows NT 5.1; en-US; rv:1.8) Gecko/20051111 Firefox/1.5"
172.25.132.28 - - [06/Aug/2007:00:12:17 -0700] "GET /~nparlante/puzzle/place-bbfa-baie.jpg HTTP/1.0" 302 527 "-" "Mozilla/5.0 (Windows; U; Windows NT 5.1; en-US; rv:1.8) Gecko/20051111 Firefox/1.5"
172.30.37.137 - - [06/Aug/2007:00:20:53 -0700] "GET /media/img/no_picture.jpg HTTP/1.1" 302 525 "-" "Mozilla/5.0 (X11; U; Linux i686 (x86_64); en-US; rv:1.8.1.4) Gecko/20070515 Firefox/2.0.0.4"
172.24.222.138 - - [06/Aug/2007:00:17:11 -0700] "GET /talks/4947/ HTTP/1.0" 200 6589 "-" "googlebot-mscrawl-moma (Enterprise; GIX-03752; gnat@google.com,kat@google.com,mattg@google.com,gopinath@google.com)"
172.24.6.65 - - [06/Aug/2007:00:14:11 -0700] "GET /~nparlante/puzzle/place-beji-baga.jpg HTTP/1.0" 302 6962 "-" "Mozilla/5.0 (Windows; U; Windows NT 5.1; en-US; rv:1.8.1.6) Gecko/20070725 Firefox/2.0.0.6"
172.24.6.65 - - [06/Aug/2007:00:16:35 -0700] "GET /?page=6 HTTP/1.0" 404 528 "-" "Mozilla/5.0 (Macintosh; U; Intel Mac OS X; en; rv:1.8.1.4) Gecko/20070509 Camino/1.5"
172.25.199.56 - - [06/Aug/2007:00:09:21 -0700] "GET /talks/4884/ HTTP/1.0" 302 10496 "-" "Mozilla/5.0 (X11; U; Linux i686 (x86_64); en-US; rv:1.8.1.4) Gecko/20070515 Firefox/2.0.0.4"
172.19.243.193 - - [06/Aug/2007:00:10:06 -0700] "GET /talks/172/ HTTP/1.0" 200 402 "-" "Mozilla/5.0 (Macintosh; U; Intel Mac OS X; en; rv:1.8.1.4) Gecko/20070509 Camino/1.5"
172.24.6.38 - - [06/Aug/2007:00:13:48 -0700] "GET /~nparlante/puzzle/place-bjgg-baic.jpg HTTP/1.0" 200 4288 "-" "googlebot-mscrawl-moma (Enterprise; GIX-03752; gnat@google.com,kat@google.com,mattg@google.com,gopinath@google.com)"
172.24.222.138 - - [06/Aug/2007:00:11:08 -0700] "GET /~nparlante/puzzle/place-bbjh-bbeh.jpg HTTP/1.0" 302 4288 "-" "Mozilla/5.0 (Windows; U; Windows NT 5.1; en-US; rv:1.8.0.12) Gecko/20070508 Firefox/1.5.0.12"
172.19.250.81 - - [06/Aug/2007:00:18:55 -0700] "GET / HTTP/1.0" 302 5164 "-" "Mozilla/5.0 (Macintosh; U; Intel Mac OS X; en; rv:1.8.1.4) Gecko/20070509 Camino/1.5"
10.1.40.113 - - [06/Aug/2007:00:18:52 -0700] "GET /talks/4841/ HTTP/1.0" 301 402 "-" "googlebot-mscrawl-moma (Enterprise; GIX-03752; gnat@google.com,kat@google.com,mattg@google.com,gopinath@google.com)"
172.18.90.28 - - [06/Aug/2007:00:21:12 -0700] "GET /~nparlante/puzzle/place-bgeb-bafi.jpg HTTP/1.0" 200 5330 "-" "Mozilla/5.0 (Macintosh; U; Intel Mac OS X; en; rv:1.8.1.4) Gecko/20070509 Camino/1.5"
172.25.132.28 - - [06/Aug/2007:00:18:55 -0700] "GET /talks/3367/ HTTP/1.0" 302 525 "-" "Mozilla/5.0 (Windows; U; Windows NT 5.1; en-US; rv:1.8.1.6) Gecko/20070725 Firefox/2.0.0.6"
172.18.117.143 - - [06/Aug/2007:00:17:08 -0700] "GET /media/img/techtalk_logo.png HTTP/1.1" 302 6962 "-" "googlebot-mscrawl-moma (Enterprise; GIX-03752; gnat@google.com,kat@google.com,mattg@google.com,gopinath@google.com)"
172.29.248.42 - - [06/Aug/2007:00:20:29 -0700] "GET /talks/4827 HTTP/1.1" 404 4971 "-" "googlebot-mscrawl-moma (Enterprise; C5-JFHFMDWZ6UJJS; gnat@google.com,kat@google.com,mattg@google.com,tjd@google.com)"
172.24.222.138 - - [06/Aug/2007:00:10:04 -0700] "GET /media/img/powered_by_engedu.png HTTP/1.1" 200 3404 "-" "Mozilla/5.0 (Windows; U; Windows NT 5.1; en-US; rv:1.8) Gecko/20051111 Firefox/1.5"
172.24.6.37 - - [06/Aug/2007:00:09:22 -0700] "GET /~nparlante/puzzle/place-baeh-baae.jpg HTTP/1.0" 200 3940 "-" "googlebot-mscrawl-moma (Enterprise; GIX-03752; gnat@google.com,kat@google.com,mattg@google.com,gopinath@google.com)"
172.19.252.112 - - [06/Aug/2007:00:06:15 -0700] "GET /feeds/talks/ HTTP/1.0" 302 540 "-" "googlebot-mscrawl-moma (Enterprise; C5-JFHFMDWZ6UJJS; gnat@google.com,kat@google.com,mattg@google.com,tjd@google.com)"
172.18.117.242 - - [06/Aug/2007:00:06:16 -0700] "GET /favicon.ico HTTP/1.1" 404 528 "-" "Mozilla/5.0 (X11; U; Linux i686 (x86_64); en-US; rv:1.8.1.4) Gecko/20070515 Firefox/2.0.0.4"
172.24.222.138 - - [06/Aug/2007:00:06:15 -0700] "GET /talks/3907/ HTTP/1.0" 302 414 "-" "Mozilla/5.0 (Macintosh; U; Intel Mac OS X; en; rv:1.8.1.4) Gecko/20070509 Camino/1.5"
172.24.6.65 - - [06/Aug/2007:00:11:15 -0700] "GET /talks/2359/ HTTP/1.0" 200 3341 "-" "Mozilla/5.0 (Macintosh; U; Intel Mac OS X; en; rv:1.8.1.4) Gecko/20070509 Camino/1.5"
172.25.135.103 - - [06/Aug/2007:00:05:39 -0700] "GET / HTTP/1.0" 302 2309 "-" "Mozilla/5.0 (Windows; U; Windows NT 5.1; en-US; rv:1.8) Gecko/20051111 Firefox/1.5"
172.19.243.193 - - [06/Aug/2007:00:05:55 -0700] "GET /~nparlante/puzzle/place-bajg-bbdi.jpg HTTP/1.0" 302 402 "-" "Mozilla/5.0 (Windows; U; Windows NT 5.1; en-US; rv:1.8.1.6) Gecko/20070725 Firefox/2.0.0.6"
172.22.105.74 - - [06/Aug/2007:00:14:03 -0700] "GET /~nparlante/puzzle/place-bfbi-baef.jpg HTTP/1.0" 200 1823 "-" "googlebot-mscrawl-moma (Enterprise; C5-JFHFMDWZ6UJJS; gnat@google.com,kat@google.com,mattg@google.com,tjd@google.com)"
172.19.250.29 - - [06/Aug/2007:00:06:15 -0700] "GET /media/img/techtalk_logo.png HTTP/1.1" 200 3936 "-" "Mozilla/5.0 (Windows; U; Windows NT 5.1; en-US; rv:1.8.1.6) Gecko/20070725 Firefox/2.0.0.6"
172.25.132.28 - - [06/Aug/2007:00:05:29 -0700] "GET /~nparlante/puzzle/place-bjfd-bbcd.jpg HTTP/1.0" 302 415 "-" "googlebot-mscrawl-moma (Enterprise; C5-JFHFMDWZ6UJJS; gnat@google.com,kat@google.com,mattg@google.com,tjd@google.com)"
172.19.250.81 - - [06/Aug/2007:00:14:54 -0700] "GET /talks/4959 HTTP/1.1" 200 402 "-" "Mozilla/5.0 (X11; U; Linux i686; en-US; rv:1.8.1.4) Gecko/20070515 Firefox/2.0.0.4"
172.24.222.138 - - [06/Aug/2007:00:06:30 -0700] "GET /media/img/no_picture.jpg HTTP/1.1" 404 1823 "-" "Mozilla/5.0 (Windows; U; Windows NT 5.1; en-US; rv:1.8) Gecko/20051111 Firefox/1.5"
172.24.6.65 - - [06/Aug/2007:00:05:30 -0700] "GET /~nparlante/puzzle/place-bgdc-bbde.jpg HTTP/1.0" 200 4067 "-" "Mozilla/5.0 (X11; U; Linux i686 (x86_64); en-US; rv:1.8.1.4) Gecko/20070515 Firefox/2.0.0.4"
172.25.132.28 - - [06/Aug/2007:00:10:06 -0700] "GET /talks/3033/ HTTP/1.0" 200 6583 "-" "googlebot-mscrawl-moma"
10.1.40.113 - - [06/Aug/2007:00:05:41 -0700] "GET /feeds/talks/ HTTP/1.1" 302 528 "-" "googlebot-mscrawl-moma (Enterprise; S4-GH7K4HW9PSNAA; tjd@google.com)"
172.24.222.138 - - [06/Aug/2007:00:13:39 -0700] "GET /~nparlante/puzzle/place-bfhi-bbea.jpg HTTP/1.0" 302 2309 "-" "Mozilla/5.0 (Windows; U; Windows NT 5.1; en-US; rv:1.8.1.6) Gecko/20070725 Firefox/2.0.0.6"
172.24.6.37 - - [06/Aug/2007:00:15:30 -0700] "GET /~nparlante/puzzle/place-bgig-bahg.jpg HTTP/1.0" 200 18124 "-" "googlebot-mscrawl-moma (Enterprise; GIX-03752; gnat@google.com,kat@google.com,mattg@google.com,gopinath@google.com)"
172.25.132.28 - - [06/Aug/2007:00:06:08 -0700] "GET /talks/4959 HTTP/1.1" 302 528 "-" "Mozilla/5.0 (Windows; U; Windows NT 5.1; en-US; rv:1.8.1.6) Gecko/20070725 Firefox/2.0.0.6"
172.24.6.65 - - [06/Aug/2007:00:21:12 -0700] "GET /talks/4760/ HTTP/1.0" 302 3404 "-" "Mozilla/5.0 (Macintosh; U; Intel Mac OS X; en; rv:1.8.1.4) Gecko/20070509 Camino/1.5"
172.25.135.103 - - [06/Aug/2007:00:17:11 -0700] "GET /media/img/techtalk_logo.png HTTP/1.1" 302 539 "-" "googlebot-mscrawl-moma (Enterprise; GIX-03752; gnat@google.com,kat@google.com,mattg@google.com,gopinath@google.com)"
10.1.40.113 - - [06/Aug/2007:00:06:07 -0700] "GET /media/img/no_picture.jpg HTTP/1.1" 302 4681 "-" "googlebot-mscrawl-moma (Enterprise; C5-JFHFMDWZ6UJJS; gnat@google.com,kat@google.com,mattg@google.com,tjd@google.com)"
172.24.6.38 - - [06/Aug/2007:00:17:13 -0700] "GET /favicon.ico HTTP/1.0" 302 540 "-" "Mozilla/5.0 (Windows; U; Windows NT 5.1; en-US; rv:1.8.1.6) Gecko/20070725 Firefox/2.0.0.6"
172.25.132.28 - - [06/Aug/2007:00:13:49 -0700] "GET /~nparlante/puzzle/place-bihg-baed.jpg HTTP/1.0" 200 528 "-" "googlebot-mscrawl-moma (Enterprise; GIX-03752; gnat@google.com,kat@google.com,mattg@google.com,gopinath@google.com)"
172.18.90.28 - - [06/Aug/2007:00:17:08 -0700] "GET /talks/2300/ HTTP/1.0" 302 528 "-" "googlebot-mscrawl-moma (Enterprise; GIX-03752; gnat@google.com,kat@google.com,mattg@google.com,gopinath@google.com)"
172.24.222.138 - - [06/Aug/2007:00:10:06 -0700] "GET /~nparlante/puzzle/place-bgdh-bbee.jpg HTTP/1.0" 404 527 "-" "googlebot-mscrawl-moma (Enterprise; C5-JFHFMDWZ6UJJS; gnat@google.com,kat@google.com,mattg@google.com,tjd@google.com)"
172.24.222.138 - - [06/Aug/2007:00:12:19 -0700] "GET /favicon.ico HTTP/1.0" 302 525 "-" "Mozilla/5.0 (X11; U; Linux i686 (x86_64); en-US; rv:1.8.1.4) Gecko/20070515 Firefox/2.0.0.4"
172.24.222.138 - - [06/Aug/2007:00:20:27 -0700] "GET /talks/391/ HTTP/1.0" 302 414 "-" "Mozilla/5.0 (Windows; U; Windows NT 5.1; en-US; rv:1.8.1.6; Google-TR-5.1.706.29690-en) Gecko/20070725 Firefox/2.0.0.6"
172.24.222.138 - - [06/Aug/2007:00:21:12 -0700] "GET /talks/3442/ HTTP/1.0" 200 528 "-" "googlebot-mscrawl-moma (Enterprise; C5-JFHFMDWZ6UJJS; gnat@google.com,kat@google.com,mattg@google.com,tjd@google.com)"
172.25.132.28 - - [06/Aug/2007:00:20:27 -0700] "GET /~nparlante/puzzle/place-bhaj-baci.jpg HTTP/1.0" 302 1823 "-" "googlebot-mscrawl-moma (Enterprise; GIX-03752; gnat@google.com,kat@google.com,mattg@google.com,gopinath@google.com)"
172.24.222.138 - - [06/Aug/2007:00:12:17 -0700] "GET /talks/2139/ HTTP/1.0" 404 2309 "-" "googlebot-mscrawl-moma (Enterprise; GIX-03752; gnat@google.com,kat@google.com,mattg@google.com,gopinath@google.com)"
172.25.199.56 - - [06/Aug/2007:00:06:15 -0700] "GET /~nparlante/puzzle/place-bigj-bbah.jpg HTTP/1.0" 200 513 "-" "googlebot-mscrawl-moma (Enterprise; C5-JFHFMDWZ6UJJS; gnat@google.com,kat@google.com,mattg@google.com,tjd@google.com)"
172.19.243.193 - - [06/Aug/2007:00:06:15 -0700] "GET /talks/879/ HTTP/1.0" 200 6583 "-" "Mozilla/5.0 (Windows; U; Windows NT 5.1; en-US; rv:1.8) Gecko/20051111 Firefox/1.5"
172.18.117.242 - - [06/Aug/2007:00:09:55 -0700] "GET /talks/2785/ HTTP/1.0" 302 6962 "-" "Mozilla/5.0 (Windows; U; Windows NT 5.1; en-US; rv:1.8.1.6) Gecko/20070725 Firefox/2.0.0.6"
172.29.16.52 - - [06/Aug/2007:00:18:55 -0700] "GET /talks/4947 HTTP/1.0" 302 3404 "-" "googlebot-mscrawl-moma (Enterprise; GIX-03752; gnat@google.com,kat@google.com,mattg@google.com,gopinath@google.com)"
172.24.6.38 - - [06/Aug/2007:00:13:48 -0700] "GET /feeds/talks/ HTTP/1.1" 200 682 "-" "googlebot-mscrawl-moma (Enterprise; GIX-03752; gnat@google.com,kat@google.com,mattg@google.com,gopinath@google.com)"
172.19.250.29 - - [06/Aug/2007:00:06:22 -0700] "GET /talks/4535/ HTTP/1.0" 302 3404 "-" "Mozilla/5.0 (Windows; U; Windows NT 5.1; en-US; rv:1.8) Gecko/20051111 Firefox/1.5"
172.18.90.28 - - [06/Aug/2007:00:09:21 -0700] "GET /media/js_events/search.js HTTP/1.1" 200 402 "-" "Mozilla/5.0 (Windows; U; Windows NT 5.1; en-US; rv:1.8.0.12) Gecko/20070508 Firefox/1.5.0.12"
172.19.250.29 - - [06/Aug/2007:00:06:08 -0700] "GET / HTTP/1.0" 200 4880 "-" "Mozilla/5.0 (X11; U; Linux i686 (x86_64); en-US; rv:1.8.1.4) Gecko/20070515 Firefox/2.0.0.4"
172.19.250.81 - - [06/Aug/2007:00:15:30 -0700] "GET /talks/4959 HTTP/1.1" 302 18124 "-" "Mozilla/5.0 (Windows; U; Windows NT 5.1; en-US; rv:1.8.1.6) Gecko/20070725 Firefox/2.0.0.6"
172.25.135.103 - - [06/Aug/2007:00:13:27 -0700] "GET /talks/4708/ HTTP/1.0" 302 539 "-" "googlebot-mscrawl-moma (Enterprise; C5-JFHFMDWZ6UJJS; gnat@google.com,kat@google.com,mattg@google.com,tjd@google.com)"
172.19.252.112 - - [06/Aug/2007:00:10:04 -0700] "GET /~nparlante/puzzle/place-beih-baac.jpg HTTP/1.0" 200 10496 "-" "googlebot-mscrawl-moma (Enterprise; GIX-03752; gnat@google.com,kat@google.com,mattg@google.com,gopinath@google.com)"
172.24.222.138 - - [06/Aug/2007:00:07:22 -0700] "GET /media/img/techtalk_logo.png HTTP/1.1" 200 1823 "-" "Mozilla/5.0 (X11; U; Linux i686 (x86_64); en-US; rv:1.8.1.4) Gecko/20070515 Firefox/2.0.0.4"
10.1.40.113 - - [06/Aug/2007:00:13:48 -0700] "GET /?page=6 HTTP/1.0" 200 417 "-" "Mozilla/5.0 (X11; U; Linux i686 (x86_64); en-US; rv:1.8.1.4) Gecko/20070515 Firefox/2.0.0.4"
172.25.226.66 - - [06/Aug/2007:00:05:38 -0700] "GET /media/js_events/search.js HTTP/1.1" 200 10496 "-" "Mozilla/5.0 (Windows; U; Windows NT 5.1; en-US; rv:1.8.1.6) Gecko/20070725 Firefox/2.0.0.6"
172.25.132.28 - - [06/Aug/2007:00:14:06 -0700] "GET /talks/3907/ HTTP/1.0" 200 3341 "-" "Mozilla/5.0 (Windows; U; Windows NT 5.1; en-US; rv:1.8.1.6) Gecko/20070725 Firefox/2.0.0.6"
172.19.252.112 - - [06/Aug/2007:00:14:24 -0700] "GET /talks/3679/ HTTP/1.0" 302 528 "-" "googlebot-mscrawl-moma (Enterprise; GIX-03752; gnat@google.com,kat@google.com,mattg@google.com,gopinath@google.com)"
172.24.6.65 - - [06/Aug/2007:00:06:15 -0700] "GET /talks/3907/ HTTP/1.0" 404 528 "-" "Mozilla/5.0 (Windows; U; Windows NT 5.1; en-US; rv:1.8.1.6) Gecko/20070725 Firefox/2.0.0.6"
172.19.250.29 - - [06/Aug/2007:00:06:07 -0700] "GET /media/css/fish.css HTTP/1.1" 200 12969 "-" "googlebot-mscrawl-moma (Enterprise; C5-JFHFMDWZ6UJJS; gnat@google.com,kat@google.com,mattg@google.com,tjd@google.com)"
172.25.132.28 - - [06/Aug/2007:00:17:11 -0700] "GET /talks/47/ HTTP/1.0" 200 540 "-" "googlebot-mscrawl-moma (Enterprise; C5-JFHFMDWZ6UJJS; gnat@google.com,kat@google.com,mattg@google.com,tjd@google.com)"
172.24.222.138 - - [06/Aug/2007:00:17:11 -0700] "GET /~nparlante/puzzle/place-bjbb-baba.jpg HTTP/1.0" 200 18124 "-" "Mozilla/5.0 (X11; U; Linux i686 (x86_64); en-US; rv:1.8.1.4) Gecko/20070515 Firefox/2.0.0.4"
172.24.6.38 - - [06/Aug/2007:00:19:22 -0700] "GET /~nparlante/puzzle/place-bfbh-baca.jpg HTTP/1.0" 404 2309 "-" "Mozilla/5.0 (Windows; U; Windows NT 5.1; en-US; rv:1.8.1.6) Gecko/20070725 Firefox/2.0.0.6"
172.19.252.112 - - [06/Aug/2007:00:15:57 -0700] "GET /talks/2342 HTTP/1.0" 302 19130 "-" "Mozilla/5.0 (Windows; U; Windows NT 5.1; en-US; rv:1.8.1.6) Gecko/20070725 Firefox/2.0.0.6"
172.24.6.65 - - [06/Aug/2007:00:09:55 -0700] "GET /~nparlante/puzzle/place-baij-bbei.jpg HTTP/1.0" 200 5330 "-" "Mozilla/5.0 (Macintosh; U; PPC Mac OS X Mach-O; en-US; rv:1.8.0.1) Gecko/20060111 Firefox/1.5.0.1"
172.24.222.138 - - [06/Aug/2007:00:14:00 -0700] "GET /~nparlante/puzzle/place-bega-baad.jpg HTTP/1.0" 302 513 "-" "Mozilla/5.0 (X11; U; Linux i686 (x86_64); en-US; rv:1.8.1.4) Gecko/20070515 Firefox/2.0.0.4"
172.29.248.42 - - [06/Aug/2007:00:19:22 -0700] "GET / HTTP/1.1" 200 3404 "-" "googlebot-mscrawl-moma (Enterprise; C5-JFHFMDWZ6UJJS; gnat@google.com,kat@google.com,mattg@google.com,tjd@google.com)"
172.24.222.138 - - [06/Aug/2007:00:13:49 -0700] "GET /~nparlante/puzzle/place-bjij-baeh.jpg HTTP/1.0" 302 525 "-" "Mozilla/5.0 (Windows; U; Windows NT 5.1; en-US; rv:1.8.1.6) Gecko/20070725 Firefox/2.0.0.6"
172.25.226.66 - - [06/Aug/2007:00:13:56 -0700] "GET /talks/3907/ HTTP/1.0" 302 6962 "-" "Mozilla/5.0 (Windows; U; Windows NT 5.1; en-US; rv:1.8.1.6) Gecko/20070725 Firefox/2.0.0.6"
172.25.199.58 - - [06/Aug/2007:00:14:03 -0700] "GET /~nparlante/puzzle/place-bhif-bbae.jpg HTTP/1.0" 302 1823 "-" "googlebot-mscrawl-moma (Enterprise; S4-GH7K4HW9PSNAA; tjd@google.com)"
172.24.222.138 - - [06/Aug/2007:00:20:19 -0700] "GET /favicon.ico HTTP/1.1" 302 414 "-" "Mozilla/5.0 (Windows; U; Windows NT 5.1; en-US; rv:1.8.1.6) Gecko/20070725 Firefox/2.0.0.6"
172.25.135.103 - - [06/Aug/2007:00:06:15 -0700] "GET /talks/4931/ HTTP/1.0" 302 1823 "-" "Mozilla/5.0 (Macintosh; U; Intel Mac OS X; en; rv:1.8.1.4) Gecko/20070509 Camino/1.5"
10.1.40.113 - - [06/Aug/2007:00:18:55 -0700] "GET /talks/4535/ HTTP/1.0" 200 513 "-" "googlebot-mscrawl-moma (Enterprise; C5-JFHFMDWZ6UJJS; gnat@google.com,kat@google.com,mattg@google.com,tjd@google.com)"
172.29.16.52 - - [06/Aug/2007:00:06:22 -0700] "GET / HTTP/1.0" 302 5164 "-" "Mozilla/5.0 (Windows; U; Windows NT 5.1; en-US; rv:1.8.1.6) Gecko/20070725 Firefox/2.0.0.6"
172.24.222.138 - - [06/Aug/2007:00:06:08 -0700] "GET /talks/4947 HTTP/1.0" 200 528 "-" "googlebot-mscrawl-moma (Enterprise; GIX-03752; gnat@google.com,kat@google.com,mattg@google.com,gopinath@google.com)"
172.24.6.65 - - [06/Aug/2007:00:13:48 -0700] "GET / HTTP/1.1" 302 2309 "-" "Mozilla/5.0 (X11; U; Linux i686 (x86_64); en-US; rv:1.8.1.4) Gecko/20070515 Firefox/2.0.0.4"
172.24.6.38 - - [06/Aug/2007:00:09:18 -0700] "GET /favicon.ico HTTP/1.0" 200 528 "-" "Mozilla/5.0 (Windows; U; Windows NT 5.1; en-US; rv:1.8.1.6) Gecko/20070725 Firefox/2.0.0.6"
172.25.132.28 - - [06/Aug/2007:00:13:41 -0700] "GET /?qdetail=1&qid=243 HTTP/1.0" 200 6338 "-" "Mozilla/5.0 (Windows; U; Windows NT 5.1; en-US; rv:1.8.1.6) Gecko/20070725 Firefox/2.0.0.6"
172.25.199.58 - - [06/Aug/2007:00:06:08 -0700] "GET /talks/298/ HTTP/1.0" 200 2309 "-" "googlebot-mscrawl-moma (Enterprise; C5-JFHFMDWZ6UJJS; gnat@google.com,kat@google.com,mattg@google.com,tjd@google.com)"
10.1.40.113 - - [06/Aug/2007:00:09:18 -0700] "GET /~nparlante/puzzle/place-bgib-bbca.jpg HTTP/1.0" 200 6589 "-" "googlebot-mscrawl-moma (Enterprise; C5-JFHFMDWZ6UJJS; gnat@google.com,kat@google.com,mattg@google.com,tjd@google.com)"
172.24.6.65 - - [06/Aug/2007:00:20:27 -0700] "GET /media/img/no_picture.jpg HTTP/1.1" 200 513 "-" "googlebot-mscrawl-moma (Enterprise; GIX-03752; gnat@google.com,kat@google.com,mattg@google.com,gopinath@google.com)"
172.25.132.28 - - [06/Aug/2007:00:09:23 -0700] "GET /media/img/powered_by_engedu.png HTTP/1.1" 200 528 "-" "googlebot-mscrawl-moma (Enterprise; S4-GH7K4HW9PSNAA; tjd@google.com)"
172.25.132.28 - - [06/Aug/2007:00:17:08 -0700] "GET /talks/4917/ HTTP/1.0" 200 525 "-" "Mozilla/5.0 (Windows; U; Windows NT 5.1; en-US; rv:1.8.1.6) Gecko/20070725 Firefox/2.0.0.6"
172.25.132.28 - - [06/Aug/2007:00:20:27 -0700] "GET /talks/2754/ HTTP/1.0" 404 18124 "-" "Mozilla/5.0 (Windows; U; Windows NT 5.1; en-US; rv:1.8.1.6) Gecko/20070725 Firefox/2.0.0.6"
172.24.6.65 - - [06/Aug/2007:00:13:47 -0700] "GET /~nparlante/puzzle/place-bfbi-baef.jpg HTTP/1.0" 200 6962 "-" "Mozilla/5.0 (Windows; U; Windows NT 5.1; en-US; rv:1.8.0.12) Gecko/20070508 Firefox/1.5.0.12"
172.25.132.28 - - [06/Aug/2007:00:14:08 -0700] "GET /feeds/talks/ HTTP/1.1" 200 528 "-" "Mozilla/5.0 (X11; U; Linux i686 (x86_64); en-US; rv:1.8.1.4) Gecko/20070515 Firefox/2.0.0.4"
172.25.132.28 - - [06/Aug/2007:00:06:01 -0700] "GET /~nparlante/puzzle/place-bbgh-bbeb.jpg HTTP/1.0" 200 2309 "-" "Mozilla/5.0 (Windows; U; Windows NT 5.1; en-US; rv:1.8.1.6) Gecko/20070725 Firefox/2.0.0.6"
172.24.6.38 - - [06/Aug/2007:00:06:08 -0700] "GET /favicon.ico HTTP/1.0" 302 527 "-" "Mozilla/5.0 (Macintosh; U; Intel Mac OS X; en; rv:1.8.1.4) Gecko/20070509 Camino/1.5"
172.25.226.66 - - [06/Aug/2007:00:14:24 -0700] "GET /talks/4931/ HTTP/1.0" 302 1 "-" "Mozilla/5.0 (Windows; U; Windows NT 5.1; en-US; rv:1.8.1.6) Gecko/20070725 Firefox/2.0.0.6"
10.1.40.113 - - [06/Aug/2007:00:20:29 -0700] "GET /~nparlante/puzzle/place-bfeb-bagd.jpg HTTP/1.0" 302 1 "-" "googlebot-mscrawl-moma (Enterprise; GIX-03752; gnat@google.com,kat@google.com,mattg@google.com,gopinath@google.com)"
172.24.6.38 - - [06/Aug/2007:00:20:27 -0700] "GET /talks/4827/ HTTP/1.0" 302 528 "-" "googlebot-mscrawl-moma (Enterprise; C5-JFHFMDWZ6UJJS; gnat@google.com,kat@google.com,mattg@google.com,tjd@google.com)"
172.24.6.65 - - [06/Aug/2007:00:06:07 -0700] "GET /talks/3608/ HTTP/1.0" 302 4290 "-" "Mozilla/5.0 (Windows; U; Windows NT 5.1; en-US; rv:1.8.0.12) Gecko/20070508 Firefox/1.5.0.12"
172.28.125.176 - - [06/Aug/2007:00:05:29 -0700] "GET /talks/3901/ HTTP/1.0" 302 18840 "-" "Mozilla/5.0 (X11; U; Linux i686 (x86_64); en-US; rv:1.8.1.4) Gecko/20070515 Firefox/2.0.0.4"
