172.25.132.28 - - [06/Aug/2007:00:21:12 -0700] "GET /media/css/fish.css HTTP/1.1" 200 10496 "-" "Mozilla/5.0 (Windows; U; Windows NT 5.1; en-US; rv:1.8.1.6) Gecko/20070725 Firefox/2.0.0.6"
172.25.132.28 - - [06/Aug/2007:00:20:11 -0700] "GET /~nparlante/puzzle/place-babb-baee.jpg HTTP/1.0" 302 528 "-" "googlebot-mscrawl-moma (Enterprise; C5-JFHFMDWZ6UJJS; gnat@google.com,kat@google.com,mattg@google.com,tjd@google.com)"
172.24.222.138 - - [06/Aug/2007:00:18:52 -0700] "GET /robots.txt HTTP/1.0" 302 528 "-" "googlebot-mscrawl-moma (Enterprise; C5-JFHFMDWZ6UJJS; gnat@google.com,kat@google.com,mattg@google.com,tjd@google.com)"
172.25.132.28 - - [06/Aug/2007:00:18:55 -0700] "GET /talks/4827/ HTTP/1.1" 200 402 "-" "Mozilla/5.0 (Macintosh; U; PPC Mac OS X Mach-O; en-US; rv:1.8.1.6) Gecko/20070725 Firefox/2.0.0.6"
172.24.6.65 - - [06/Aug/2007:00:16:35 -0700] "GET /~nparlante/puzzle/place-bcfa-bbec.jpg HTTP/1.0" 302 6962 "-" "googlebot-mscrawl-moma (Enterprise; C5-JFHFMDWZ6UJJS; gnat@google.com,kat@google.com,mattg@google.com,tjd@google.com)"
172.24.222.138 - - [06/Aug/2007:00:06:27 -0700] "GET /talks/past/ HTTP/1.1" 302 3341 "-" "Mozilla/5.0 (Windows; U; Windows NT 5.1; en-US; rv:1.8.1.6) Gecko/20070725 Firefox/2.0.0.6"
172.25.132.28 - - [06/Aug/2007:00:17:08 -0700] "GET /talks/4727/ HTTP/1.1" 302 1823 "-" "Mozilla/5.0 (Macintosh; U; PPC Mac OS X Mach-O; en-US; rv:1.8.0.1; Google-TR-3) Gecko/20060111 Firefox/1.5.0.1"
172.19.250.29 - - [06/Aug/2007:00:14:03 -0700] "GET / HTTP/1.0" 200 540 "-" "googlebot-mscrawl-moma (Enterprise; GIX-03752; gnat@google.com,kat@google.com,mattg@google.com,gopinath@google.com)"
172.24.6.65 - - [06/Aug/2007:00:10:04 -0700] "GET /media/img/powered_by_engedu.png HTTP/1.1" 200 525 "-" "Mozilla/5.0 (Windows; U; Windows NT 5.1; en-US; rv:1.8) Gecko/20051111 Firefox/1.5"
172.24.6.65 - - [06/Aug/2007:00:11:13 -0700] "GET /favicon.ico HTTP/1.1" 404 513 "-" "Mozilla/5.0 (Windows; U; Windows NT 5.1; en-US; rv:1.8) Gecko/20051111 Firefox/1.5"
172.30.60.53 - - [06/Aug/2007:00:20:14 -0700] "GET /~nparlante/puzzle/place-bijh-bade.jpg HTTP/1.0" 200 528 "-" "Mozilla/5.0 (Windows; U; Windows NT 5.1; en-US; rv:1.8) Gecko/20051111 Firefox/1.5"
172.25.132.28 - - [06/Aug/2007:00:07:21 -0700] "GET /media/img/rss.png HTTP/1.1" 200 5910 "-" "Mozilla/5.0 (Windows; U; Windows NT 5.1; en-US; rv:1.8.1.6) Gecko/20070725 Firefox/2.0.0.6"
10.1.40.113 - - [06/Aug/2007:00:20:27 -0700] "GET /talks/3403 HTTP/1.0" 200 18840 "-" "Mozilla/5.0 (Windows; U; Windows NT 5.1; en-US; rv:1.8.1.6) Gecko/20070725 Firefox/2.0.0.6"
172.24.6.37 - - [06/Aug/2007:00:09:22 -0700] "GET /~nparlante/puzzle/place-bdea-bafa.jpg HTTP/1.0" 302 16320 "-" "Mozilla/5.0 (Macintosh; U; Intel Mac OS X; en; rv:1.8.1.4) Gecko/20070509 Camino/1.5"
172.19.252.112 - - [06/Aug/2007:00:13:47 -0700] "GET /~nparlante/puzzle/place-bibe-baaj.jpg HTTP/1.0" 302 528 "-" "googlebot-mscrawl-moma (Enterprise; GIX-03752; gnat@google.com,kat@google.com,mattg@google.com,gopinath@google.com)"
172.24.222.138 - - [06/Aug/2007:00:14:26 -0700] "GET /talks/2754/ HTTP/1.0" 302 528 "-" "googlebot-mscrawl-moma (Enterprise; C5-JFHFMDWZ6UJJS; gnat@google.com,kat@google.com,mattg@google.com,tjd@google.com)"
172.19.243.193 - - [06/Aug/2007:00:21:12 -0700] "GET /~nparlante/puzzle/place-bhhg-babe.jpg HTTP/1.0" 302 3936 "-" "Mozilla/5.0 (Macintosh; U; Intel Mac OS X; en; rv:1.8.1.4) Gecko/20070509 Camino/1.5"
172.25.132.28 - - [06/Aug/2007:00:14:06 -0700] "GET /media/css/fish.css HTTP/1.1" 302 10496 "-" "Mozilla/5.0 (Windows; U; Windows NT 5.1; en-US; rv:1.8.1.6) Gecko/20070725 Firefox/2.0.0.6"
172.24.222.138 - - [06/Aug/2007:00:06:42 -0700] "GET /talks/4535/ HTTP/1.0" 302 18124 "-" "Mozilla/5.0 (Windows; U; Windows NT 5.1; en-US; rv:1.8.0.12) Gecko/20070508 Firefox/1.5.0.12"
172.22.72.49 - - [06/Aug/2007:00:06:08 -0700] "GET /talks/4827/ HTTP/1.0" 302 2396 "-" "googlebot-mscrawl-moma (Enterprise; C5-JFHFMDWZ6UJJS; gnat@google.com,kat@google.com,mattg@google.com,tjd@google.com)"
172.25.132.28 - - [06/Aug/2007:00:06:42 -0700] "GET /talks/3805 HTTP/1.0" 200 2309 "-" "googlebot-mscrawl-moma (Enterprise; C5-JFHFMDWZ6UJJS; gnat@google.com,kat@google.com,mattg@google.com,tjd@google.com)"
172.19.243.193 - - [06/Aug/2007:00:13:49 -0700] "GET / HTTP/1.0" 302 528 "-" "Mozilla/5.0 (Windows; U; Windows NT 5.1; en-US; rv:1.8.0.12) Gecko/20070508 Firefox/1.5.0.12"
172.18.117.242 - - [06/Aug/2007:00:18:52 -0700] "GET / HTTP/1.1" 200 1823 "-" "Mozilla/5.0 (Windows; U; Windows NT 5.1; en-US; rv:1.8.1.6) Gecko/20070725 Firefox/2.0.0.6"
10.1.40.113 - - [06/Aug/2007:00:17:13 -0700] "GET / HTTP/1.0" 302 1823 "-" "Mozilla/5.0 (Macintosh; U; Intel Mac OS X; en; rv:1.8.1.4) Gecko/20070509 Camino/1.5"
172.24.222.138 - - [06/Aug/2007:00:06:08 -0700] "GET /~nparlante/puzzle/place-bfda-babg.jpg HTTP/1.0" 302 527 "-" "googlebot-mscrawl-moma (Enterprise; GIX-03752; gnat@google.com,kat@google.com,mattg@google.com,gopinath@google.com)"
172.30.60.53 - - [06/Aug/2007:00:16:34 -0700] "GET /media/js_events/search.js HTTP/1.1" 200 528 "-" "googlebot-mscrawl-moma (Enterprise; GIX-03752; gnat@google.com,kat@google.com,mattg@google.com,gopinath@google.com)"
172.24.6.38 - - [06/Aug/2007:00:15:57 -0700] "GET /talks/4914/ HTTP/1.0" 302 414 "-" "googlebot-mscrawl-moma (Enterprise; C5-JFHFMDWZ6UJJS; gnat@google.com,kat@google.com,mattg@google.com,tjd@google.com)"
172.24.6.38 - - [06/Aug/2007:00:17:08 -0700] "GET / HTTP/1.1" 200 414 "-" "Mozilla/5.0 (Windows; U; Windows NT 5.1; en-US; rv:1.8.0.12) Gecko/20070508 Firefox/1.5.0.12"
172.30.60.53 - - [06/Aug/2007:00:18:22 -0700] "GET /talks/342/ HTTP/1.0" 200 528 "-" "googlebot-mscrawl-moma (Enterprise; GIX-03752; gnat@google.com,kat@google.com,mattg@google.com,gopinath@google.com)"
172.24.6.65 - - [06/Aug/2007:00:14:26 -0700] "GET /media/img/no_picture.jpg HTTP/1.1" 302 4971 "-" "googlebot-mscrawl-moma (Enterprise; C5-JFHFMDWZ6UJJS; gnat@google.com,kat@google.com,mattg@google.com,tjd@google.com)"
172.19.252.112 - - [06/Aug/2007:00:12:19 -0700] "GET /talks/3403 HTTP/1.0" 200 3404 "-" "googlebot-mscrawl-moma (Enterprise; GIX-03752; gnat@google.com,kat@google.com,mattg@google.com,gopinath@google.com)"
172.24.6.38 - - [06/Aug/2007:00:17:12 -0700] "GET /media/img/no_picture.jpg HTTP/1.1" 200 1823 "-" "googlebot-mscrawl-moma (Enterprise; C5-JFHFMDWZ6UJJS; gnat@google.com,kat@google.com,mattg@google.com,tjd@google.com)"
10.1.40.113 - - [06/Aug/2007:00:13:27 -0700] "GET /~nparlante/puzzle/place-bfjj-baab.jpg HTTP/1.0" 302 3404 "-" "googlebot-mscrawl-moma (Enterprise; GIX-03752; gnat@google.com,kat@google.com,mattg@google.com,gopinath@google.com)"
172.18.117.242 - - [06/Aug/2007:00:10:03 -0700] "GET /~nparlante/puzzle/place-bcbi-bbba.jpg HTTP/1.0" 200 513 "-" "googlebot-mscrawl-moma (Enterprise; GIX-03752; gnat@google.com,kat@google.com,mattg@google.com,gopinath@google.com)"
172.19.250.81 - - [06/Aug/2007:00:13:48 -0700] "GET /~nparlante/puzzle/place-bfja-bagj.jpg HTTP/1.0" 404 3404 "-" "Mozilla/5.0 (Macintosh; U; Intel Mac OS X; en; rv:1.8.1.4) Gecko/20070509 Camino/1.5"
172.25.132.28 - - [06/Aug/2007:00:17:08 -0700] "GET /feeds/talks/ HTTP/1.1" 302 414 "-" "Mozilla/5.0 (Windows; U; Windows NT 5.1; en-US; rv:1.8.0.12) Gecko/20070508 Firefox/1.5.0.12"
172.24.222.138 - - [06/Aug/2007:00:06:22 -0700] "GET /~nparlante/puzzle/place-bgca-bacg.jpg HTTP/1.0" 302 528 "-" "googlebot-mscrawl-moma (Enterprise; GIX-03752; gnat@google.com,kat@google.com,mattg@google.com,gopinath@google.com)"
172.25.132.28 - - [06/Aug/2007:00:20:53 -0700] "GET /media/img/powered_by_engedu.png HTTP/1.1" 200 1823 "-" "googlebot-mscrawl-moma (Enterprise; GIX-03752; gnat@google.com,kat@google.com,mattg@google.com,gopinath@google.com)"
172.25.132.28 - - [06/Aug/2007:00:18:07 -0700] "GET / HTTP/1.0" 200 528 "-" "Mozilla/5.0 (X11; U; Linux i686 (x86_64); en-US; rv:1.8.1.4) Gecko/20070515 Firefox/2.0.0.4"
172.24.6.38 - - [06/Aug/2007:00:20:28 -0700] "GET /talks/4947/ HTTP/1.0" 302 528 "-" "Mozilla/5.0 (X11; U; Linux i686 (x86_64); en-US; rv:1.8.1.4) Gecko/20070515 Firefox/2.0.0.4"
10.1.40.113 - - [06/Aug/2007:00:11:14 -0700] "GET /?qdetail=1&qid=889 HTTP/1.0" 200 5910 "-" "googlebot-mscrawl-moma (Enterprise; GIX-03752; gnat@google.com,kat@google.com,mattg@google.com,gopinath@google.com)"
172.25.132.8 - - [06/Aug/2007:00:18:52 -0700] "GET /talks/4947/ HTTP/1.0" 302 3404 "-" "Mozilla/5.0 (X11; U; Linux i686 (x86_64); en-US; rv:1.8.1.4) Gecko/20070515 Firefox/2.0.0.4"
172.25.132.28 - - [06/Aug/2007:00:06:49 -0700] "GET /talks/4727/ HTTP/1.1" 200 4288 "-" "googlebot-mscrawl-moma (Enterprise; GIX-03752; gnat@google.com,kat@google.com,mattg@google.com,gopinath@google.com)"
172.19.252.112 - - [06/Aug/2007:00:21:12 -0700] "GET /~nparlante/puzzle/place-bifa-bafb.jpg HTTP/1.0" 200 525 "-" "Mozilla/5.0 (Windows; U; Windows NT 5.1; en-US; rv:1.8.1.6) Gecko/20070725 Firefox/2.0.0.6"
172.19.250.81 - - [06/Aug/2007:00:13:27 -0700] "GET /talks/4354/ HTTP/1.0" 200 540 "-" "Mozilla/5.0 (X11; U; Linux i686 (x86_64); en-US; rv:1.8.1.4) Gecko/20070515 Firefox/2.0.0.4"
172.24.6.65 - - [06/Aug/2007:00:06:16 -0700] "GET /feeds/talks/ HTTP/1.1" 302 414 "-" "Mozilla/5.0 (Windows; U; Windows NT 5.1; en-US; rv:1.8.1.6) Gecko/20070725 Firefox/2.0.0.6"
172.25.132.28 - - [06/Aug/2007:00:06:30 -0700] "GET /media/js_events/search.js HTTP/1.1" 200 527 "-" "googlebot-mscrawl-moma (Enterprise; GIX-03752; gnat@google.com,kat@google.com,mattg@google.com,gopinath@google.com)"
172.25.132.28 - - [06/Aug/2007:00:13:27 -0700] "GET /~nparlante/puzzle/place-bedh-baif.jpg HTTP/1.0" 200 1823 "-" "Mozilla/5.0 (Macintosh; U; PPC Mac OS X Mach-O; en-US; rv:1.8.1.6) Gecko/20070725 Firefox/2.0.0.6"
172.19.250.81 - - [06/Aug/2007:00:14:06 -0700] "GET /talks/4297/ HTTP/1.0" 200 3341 "-" "Mozilla/5.0 (X11; U; Linux i686 (x86_64); en-US; rv:1.8.1) Gecko/20061010 Firefox/2.0"
172.24.6.65 - - [06/Aug/2007:00:13:48 -0700] "GET /media/css/fish.css HTTP/1.1" 302 3404 "-" "googlebot-mscrawl-moma (Enterprise; C5-JFHFMDWZ6UJJS; gnat@google.com,kat@google.com,mattg@google.com,tjd@google.com)"
172.24.6.37 - - [06/Aug/2007:00:09:21 -0700] "GET /feeds/talks/ HTTP/1.1" 404 10496 "-" "googlebot-mscrawl-moma (Enterprise; C5-JFHFMDWZ6UJJS; gnat@google.com,kat@google.com,mattg@google.com,tjd@google.com)"
172.25.132.28 - - [06/Aug/2007:00:16:35 -0700] "GET /favicon.ico HTTP/1.0" 302 527 "-" "Mozilla/5.0 (Macintosh; U; Intel Mac OS X; en; rv:1.8.1.4) Gecko/20070509 Camino/1.5"
10.1.40.113 - - [06/Aug/2007:00:20:29 -0700] "GET /~nparlante/puzzle/place-bgib-bach.jpg HTTP/1.0" 200 528 "-" "googlebot-mscrawl-moma (Enterprise; C5-JFHFMDWZ6UJJS; gnat@google.com,kat@google.com,mattg@google.com,tjd@google.com)"
172.19.250.81 - - [06/Aug/2007:00:21:12 -0700] "GET /~nparlante/puzzle/place-bbea-bacj.jpg HTTP/1.0" 200 525 "-" "Mozilla/5.0 (Windows; U; Windows NT 5.1; en-US; rv:1.8.1.6) Gecko/20070725 Firefox/2.0.0.6"
172.24.222.138 - - [06/Aug/2007:00:13:27 -0700] "GET /~nparlante/puzzle/place-behe-bbab.jpg HTTP/1.0" 200 528 "-" "googlebot-mscrawl-moma (Enterprise; C5-JFHFMDWZ6UJJS; gnat@google.com,kat@google.com,mattg@google.com,tjd@google.com)"
172.18.90.28 - - [06/Aug/2007:00:13:41 -0700] "GET /~nparlante/puzzle/place-bbhd-bahe.jpg HTTP/1.0" 302 2309 "-" "Mozilla/5.0 (Macintosh; U; Intel Mac OS X; en; rv:1.8.1.4) Gecko/20070509 Camino/1.5"
10.1.40.113 - - [06/Aug/2007:00:13:48 -0700] "GET /talks/4533/ HTTP/1.0" 302 4610 "-" "Mozilla/5.0 (Macintosh; U; Intel Mac OS X; en; rv:1.8.1.4) Gecko/20070509 Camino/1.5"
172.24.6.38 - - [06/Aug/2007:00:18:07 -0700] "GET /?qdetail=1&qid=1894 HTTP/1.0" 302 540 "-" "googlebot-mscrawl-moma (Enterprise; C5-JFHFMDWZ6UJJS; gnat@google.com,kat@google.com,mattg@google.com,tjd@google.com)"
172.24.222.138 - - [06/Aug/2007:00:14:53 -0700] "GET /feeds/talks/ HTTP/1.1" 200 3404 "-" "Mozilla/5.0 (Windows; U; Windows NT 5.1; en-US; rv:1.8.0.12) Gecko/20070508 Firefox/1.5.0.12"
172.25.135.103 - - [06/Aug/2007:00:10:05 -0700] "GET /talks/4959/ HTTP/1.1" 200 2309 "-" "Mozilla/5.0 (Windows; U; Windows NT 5.1; en-US; rv:1.8.0.12) Gecko/20070508 Firefox/1.5.0.12"
172.24.6.38 - - [06/Aug/2007:00:13:49 -0700] "GET /~nparlante/puzzle/place-bbfc-baji.jpg HTTP/1.0" 302 528 "-" "Mozilla/5.0 (X11; U; Linux i686 (x86_64); en-US; rv:1.8.1.4) Gecko/20070515 Firefox/2.0.0.4"
172.18.90.28 - - [06/Aug/2007:00:21:13 -0700] "GET /favicon.ico HTTP/1.1" 302 528 "-" "Mozilla/5.0 (Windows; U; Windows NT 5.1; en-US; rv:1.8) Gecko/20051111 Firefox/1.5"
10.1.40.113 - - [06/Aug/2007:00:20:53 -0700] "GET /~nparlante/puzzle/place-bcjj-bbcj.jpg HTTP/1.0" 200 539 "-" "Mozilla/5.0 (Windows; U; Windows NT 5.1; en-US; rv:1.8.1.6) Gecko/20070725 Firefox/2.0.0.6"
172.24.6.65 - - [06/Aug/2007:00:13:39 -0700] "GET /talks/4931/ HTTP/1.0" 404 4880 "-" "Mozilla/5.0 (Windows; U; Windows NT 5.1; en-US; rv:1.8.1.6) Gecko/20070725 Firefox/2.0.0.6"
172.18.117.242 - - [06/Aug/2007:00:05:39 -0700] "GET /talks/3514 HTTP/1.0" 302 528 "-" "googlebot-mscrawl-moma (Enterprise; S4-GH7K4HW9PSNAA; tjd@google.com)"
10.1.40.113 - - [06/Aug/2007:00:18:52 -0700] "GET /talks/1890/ HTTP/1.0" 200 528 "-" "googlebot-mscrawl-moma (Enterprise; C5-JFHFMDWZ6UJJS; gnat@google.com,kat@google.com,mattg@google.com,tjd@google.com)"
172.25.132.28 - - [06/Aug/2007:00:06:17 -0700] "GET /?page=3 HTTP/1.0" 302 539 "-" "Mozilla/5.0 (Windows; U; Windows NT 5.1; en-US; rv:1.8.1.6) Gecko/20070725 Firefox/2.0.0.6"
172.24.222.138 - - [06/Aug/2007:00:06:22 -0700] "GET /talks/4931/ HTTP/1.0" 302 3341 "-" "Mozilla/5.0 (Macintosh; U; Intel Mac OS X; en; rv:1.8.1.4) Gecko/20070509 Camino/1.5"
172.19.250.81 - - [06/Aug/2007:00:13:27 -0700] "GET /~nparlante/puzzle/place-bjaj-badg.jpg HTTP/1.0" 200 6338 "-" "googlebot-mscrawl-moma (Enterprise; GIX-03752; gnat@google.com,kat@google.com,mattg@google.com,gopinath@google.com)"
172.25.132.28 - - [06/Aug/2007:00:13:47 -0700] "GET /talks/3072/ HTTP/1.0" 302 3404 "-" "googlebot-mscrawl-moma (Enterprise; C5-JFHFMDWZ6UJJS; gnat@google.com,kat@google.com,mattg@google.com,tjd@google.com)"
172.25.132.28 - - [06/Aug/2007:00:11:14 -0700] "GET /~nparlante/puzzle/place-bibd-bajb.jpg HTTP/1.0" 302 18124 "-" "googlebot-mscrawl-moma (Enterprise; C5-JFHFMDWZ6UJJS; gnat@google.com,kat@google.com,mattg@google.com,tjd@google.com)"
172.18.90.28 - - [06/Aug/2007:00:20:29 -0700] "GET / HTTP/1.0" 404 12969 "-" "googlebot-mscrawl-moma (Enterprise; C5-JFHFMDWZ6UJJS; gnat@google.com,kat@google.com,mattg@google.com,tjd@google.com)"
172.29.16.52 - - [06/Aug/2007:00:06:08 -0700] "GET /?page=6 HTTP/1.0" 200 7450 "-" "Mozilla/5.0 (Windows; U; Windows NT 5.1; en-US; rv:1.8.1.6) Gecko/20070725 Firefox/2.0.0.6"
172.25.132.28 - - [06/Aug/2007:00:21:12 -0700] "GET / HTTP/1.1" 302 16320 "-" "Mozilla/5.0 (X11; U; Linux i686 (x86_64); en-US; rv:1.8.1.4) Gecko/20070515 Firefox/2.0.0.4"
172.24.6.38 - - [06/Aug/2007:00:20:19 -0700] "GET /talks/4029/ HTTP/1.0" 302 3404 "-" "googlebot-mscrawl-moma (Enterprise; GIX-03752; gnat@google.com,kat@google.com,mattg@google.com,gopinath@google.com)"
172.18.117.242 - - [06/Aug/2007:00:13:29 -0700] "GET /~nparlante/puzzle/place-bcej-baag.jpg HTTP/1.0" 200 528 "-" "Mozilla/5.0 (X11; U; Linux i686 (x86_64); en-US; rv:1.8.1.4) Gecko/20070515 Firefox/2.0.0.4"
10.1.40.113 - - [06/Aug/2007:00:13:48 -0700] "GET /media/js_events/search.js HTTP/1.1" 200 528 "-" "Mozilla/5.0 (Macintosh; U; Intel Mac OS X; en; rv:1.8.1.4) Gecko/20070509 Camino/1.5"
172.22.105.112 - - [06/Aug/2007:00:09:49 -0700] "GET /media/js_events/search.js HTTP/1.1" 200 525 "-" "googlebot-mscrawl-moma (Enterprise; C5-JFHFMDWZ6UJJS; gnat@google.com,kat@google.com,mattg@google.com,tjd@google.com)"
172.25.199.58 - - [06/Aug/2007:00:06:07 -0700] "GET /media/img/rss.png HTTP/1.1" 200 540 "-" "Mozilla/5.0 (Windows; U; Windows NT 5.1; en-US; rv:1.8.1.6) Gecko/20070725 Firefox/2.0.0.6"
172.30.18.57 - - [06/Aug/2007:00:20:14 -0700] "GET /talks/4354/ HTTP/1.0" 404 5910 "-" "Mozilla/5.0 (Macintosh; U; PPC Mac OS X Mach-O; en-US; rv:1.8.0.1) Gecko/20060111 Firefox/1.5.0.1"
172.24.222.138 - - [06/Aug/2007:00:13:39 -0700] "GET /~nparlante/puzzle/place-bhae-babf.jpg HTTP/1.0" 200 528 "-" "googlebot-mscrawl-moma (Enterprise; C5-JFHFMDWZ6UJJS; gnat@google.com,kat@google.com,mattg@google.com,tjd@google.com)"
172.30.60.53 - - [06/Aug/2007:00:07:22 -0700] "GET /talks/1049/ HTTP/1.0" 200 528 "-" "googlebot-mscrawl-moma (Enterprise; C5-JFHFMDWZ6UJJS; gnat@google.com,kat@google.com,mattg@google.com,tjd@google.com)"
172.19.243.193 - - [06/Aug/2007:00:12:19 -0700] "GET /media/img/powered_by_engedu.png HTTP/1.1" 200 528 "-" "Mozilla/5.0 (Macintosh; U; PPC Mac OS X Mach-O; en-US; rv:1.8.1.6) Gecko/20070725 Firefox/2.0.0.6"
172.25.132.28 - - [06/Aug/2007:00:09:48 -0700] "GET /talks/4914/ HTTP/1.0" 302 540 "-" "Mozilla/5.0 (Macintosh; U; PPC Mac OS X Mach-O; en-US; rv:1.8.1.6) Gecko/20070725 Firefox/2.0.0.6"
172.24.222.138 - - [06/Aug/2007:00:11:14 -0700] "GET /talks/2659/ HTTP/1.0" 302 18124 "-" "Mozilla/5.0 (X11; U; Linux i686 (x86_64); en-US; rv:1.8.1.4) Gecko/20070515 Firefox/2.0.0.4"
172.18.90.28 - - [06/Aug/2007:00:06:49 -0700] "GET /~nparlante/puzzle/place-bdfd-babd.jpg HTTP/1.0" 200 526 "-" "Mozilla/5.0 (Windows; U; Windows NT 5.1; en-US; rv:1.8.1.6) Gecko/20070725 Firefox/2.0.0.6"
172.25.132.28 - - [06/Aug/2007:00:05:30 -0700] "GET /media/js_events/search.js HTTP/1.1" 302 528 "-" "Mozilla/5.0 (Windows; U; Windows NT 5.1; en-US; rv:1.8.1.6) Gecko/20070725 Firefox/2.0.0.6"
172.19.252.112 - - [06/Aug/2007:00:10:03 -0700] "GET /~nparlante/puzzle/place-baeh-baae.jpg HTTP/1.0" 200 16320 "-" "Mozilla/5.0 (Windows; U; Windows NT 5.1; en-US; rv:1.8.1.6) Gecko/20070725 Firefox/2.0.0.6"
172.24.222.138 - - [06/Aug/2007:00:19:09 -0700] "GET /talks/4297/ HTTP/1.0" 200 528 "-" "Mozilla/5.0 (Windows; U; Windows NT 5.1; en-US; rv:1.8.1.6) Gecko/20070725 Firefox/2.0.0.6"
172.25.132.28 - - [06/Aug/2007:00:06:27 -0700] "GET / HTTP/1.0" 302 5164 "-" "Mozilla/5.0 (Macintosh; U; Intel Mac OS X; en; rv:1.8.1.4) Gecko/20070509 Camino/1.5"
172.30.37.137 - - [06/Aug/2007:00:12:18 -0700] "GET /talks/search/metric%20system/?q=metric+system&proxystylesheet=internal&hq=talks&site=internal&access=a&client=internal&words=&output=xml_no_dtd HTTP/1.1" 302 528 "-" "Mozilla/5.0 (Windows; U; Windows NT 5.1; en-US; rv:1.8.1.6) Gecko/20070725 Firefox/2.0.0.6"
172.24.6.38 - - [06/Aug/2007:00:06:16 -0700] "GET /~nparlante/puzzle/place-bbig-bagg.jpg HTTP/1.0" 302 6275 "-" "Mozilla/5.0 (Windows; U; Windows NT 5.1; en-US; rv:1.8.1.6) Gecko/20070725 Firefox/2.0.0.6"
172.24.6.38 - - [06/Aug/2007:00:16:34 -0700] "GET / HTTP/1.0" 200 4237 "-" "googlebot-mscrawl-moma (Enterprise; GIX-03752; gnat@google.com,kat@google.com,mattg@google.com,gopinath@google.com)"
172.24.222.138 - - [06/Aug/2007:00:17:12 -0700] "GET /~nparlante/puzzle/place-beji-baej.jpg HTTP/1.0" 302 12969 "-" "Mozilla/5.0 (Windows; U; Windows NT 5.1; en-US; rv:1.8.1.6) Gecko/20070725 Firefox/2.0.0.6"
172.24.222.138 - - [06/Aug/2007:00:18:55 -0700] "GET /talks/1890/ HTTP/1.0" 200 528 "-" "googlebot-mscrawl-moma (Enterprise; C5-JFHFMDWZ6UJJS; gnat@google.com,kat@google.com,mattg@google.com,tjd@google.com)"
172.24.6.38 - - [06/Aug/2007:00:14:53 -0700] "GET /talks/4917/ HTTP/1.0" 404 513 "-" "googlebot-mscrawl-moma (Enterprise; GIX-03752; gnat@google.com,kat@google.com,mattg@google.com,gopinath@google.com)"
172.19.250.81 - - [06/Aug/2007:00:15:30 -0700] "GET /~nparlante/puzzle/place-bdib-bafj.jpg HTTP/1.0" 302 4977 "-" "googlebot-mscrawl-moma (Enterprise; GIX-03752; gnat@google.com,kat@google.com,mattg@google.com,gopinath@google.com)"
172.25.129.1 - - [06/Aug/2007:00:06:49 -0700] "GET / HTTP/1.1" 404 3341 "-" "Mozilla/5.0 (Windows; U; Windows NT 5.1; en-US; rv:1.8.1.6) Gecko/20070725 Firefox/2.0.0.6"
172.25.132.28 - - [06/Aug/2007:00:12:19 -0700] "GET /talks/2621/ HTTP/1.1" 200 6275 "-" "googlebot-mscrawl-moma (Enterprise; C5-JFHFMDWZ6UJJS; gnat@google.com,kat@google.com,mattg@google.com,tjd@google.com)"
172.24.222.138 - - [06/Aug/2007:00:06:22 -0700] "GET /talks/3824/ HTTP/1.0" 200 3404 "-" "Mozilla/5.0 (Macintosh; U; PPC Mac OS X Mach-O; en-US; rv:1.8.1.6) Gecko/20070725 Firefox/2.0.0.6"
172.19.243.193 - - [06/Aug/2007:00:18:07 -0700] "GET /feeds/courses/ HTTP/1.1" 302 2309 "-" "Mozilla/5.0 (Windows; U; Windows NT 5.1; en-US; rv:1.8.1.6) Gecko/20070725 Firefox/2.0.0.6"
172.24.222.138 - - [06/Aug/2007:00:13:48 -0700] "GET /talks/2659/ HTTP/1.0" 404 414 "-" "Mozilla/5.0 (Windows; U; Windows NT 5.1; en-US; rv:1.8.1.6) Gecko/20070725 Firefox/2.0.0.6"
172.24.82.149 - - [06/Aug/2007:00:13:49 -0700] "GET /talks/4519/ HTTP/1.0" 302 10496 "-" "googlebot-mscrawl-moma (Enterprise; GIX-03752; gnat@google.com,kat@google.com,mattg@google.com,gopinath@google.com)"
172.24.6.38 - - [06/Aug/2007:00:13:41 -0700] "GET /~nparlante/puzzle/place-bhjh-bacd.jpg HTTP/1.0" 200 525 "-" "googlebot-mscrawl-moma (Enterprise; C5-JFHFMDWZ6UJJS; gnat@google.com,kat@google.com,mattg@google.com,tjd@google.com)"
172.25.132.28 - - [06/Aug/2007:00:05:31 -0700] "GET /talks/4967 HTTP/1.0" 302 5910 "-" "googlebot-mscrawl-moma (Enterprise; C5-JFHFMDWZ6UJJS; gnat@google.com,kat@google.com,mattg@google.com,tjd@google.com)"
172.19.250.81 - - [06/Aug/2007:00:13:56 -0700] "GET /feeds/talks/ HTTP/1.0" 200 414 "-" "Mozilla/5.0 (Macintosh; U; Intel Mac OS X; en; rv:1.8.1.4) Gecko/20070509 Camino/1.5"
10.1.40.113 - - [06/Aug/2007:00:17:07 -0700] "GET /~nparlante/puzzle/place-bfab-bagb.jpg HTTP/1.0" 302 2309 "-" "Mozilla/5.0 (Macintosh; U; PPC Mac OS X Mach-O; en-US; rv:1.8.1.6) Gecko/20070725 Firefox/2.0.0.6"
172.24.222.138 - - [06/Aug/2007:00:06:49 -0700] "GET /talks/3824/ HTTP/1.0" 404 402 "-" "Mozilla/5.0 (Windows; U; Windows NT 5.1; en-US; rv:1.8.1.6) Gecko/20070725 Firefox/2.0.0.6"
172.25.132.28 - - [06/Aug/2007:00:13:49 -0700] "GET / HTTP/1.0" 200 6338 "-" "googlebot-mscrawl-moma (Enterprise; GIX-03752; gnat@google.com,kat@google.com,mattg@google.com,gopinath@google.com)"
172.19.250.29 - - [06/Aug/2007:00:21:13 -0700] "GET /?qdetail=1&qid=1894 HTTP/1.0" 404 10496 "-" "Mozilla/5.0 (Windows; U; Windows NT 5.1; en-US; rv:1.8.1.6) Gecko/20070725 Firefox/2.0.0.6"
172.24.6.38 - - [06/Aug/2007:00:13:48 -0700] "GET / HTTP/1.0" 200 528 "-" "googlebot-mscrawl-moma (Enterprise; C5-JFHFMDWZ6UJJS; gnat@google.com,kat@google.com,mattg@google.com,tjd@google.com)"
172.24.222.138 - - [06/Aug/2007:00:18:52 -0700] "GET /?qdetail=1&qid=889 HTTP/1.0" 302 3936 "-" "Mozilla/5.0 (Windows; U; Windows NT 5.1; en-US; rv:1.8.1.6) Gecko/20070725 Firefox/2.0.0.6"
172.24.222.138 - - [06/Aug/2007:00:13:48 -0700] "GET /media/css/fish.css HTTP/1.1" 200 4288 "-" "Mozilla/5.0 (Windows; U; Windows NT 5.1; en-US; rv:1.8.1.6) Gecko/20070725 Firefox/2.0.0.6"
172.28.125.176 - - [06/Aug/2007:00:11:14 -0700] "GET /talks/4884/ HTTP/1.0" 302 528 "-" "googlebot-mscrawl-moma (Enterprise; GIX-03752; gnat@google.com,kat@google.com,mattg@google.com,gopinath@google.com)"
172.24.222.138 - - [06/Aug/2007:00:19:19 -0700] "GET /talks/2621/ HTTP/1.1" 200 528 "-" "googlebot-mscrawl-moma (Enterprise; C5-JFHFMDWZ6UJJS; gnat@google.com,kat@google.com,mattg@google.com,tjd@google.com)"
172.18.90.28 - - [06/Aug/2007:00:13:52 -0700] "GET /media/img/no_picture.jpg HTTP/1.1" 200 18124 "-" "Mozilla/5.0 (Windows; U; Windows NT 5.1; en-US; rv:1.8.1.6) Gecko/20070725 Firefox/2.0.0.6"
172.24.222.138 - - [06/Aug/2007:00:11:25 -0700] "GET / HTTP/1.0" 404 18124 "-" "Mozilla/5.0 (Windows; U; Windows NT 5.1; en-US; rv:1.8.1.6) Gecko/20070725 Firefox/2.0.0.6"
172.25.132.28 - - [06/Aug/2007:00:11:15 -0700] "GET / HTTP/1.0" 200 513 "-" "googlebot-mscrawl-moma (Enterprise; GIX-03752; gnat@google.com,kat@google.com,mattg@google.com,gopinath@google.com)"
172.24.222.138 - - [06/Aug/2007:00:14:08 -0700] "GET /talks/4938/ HTTP/1.1" 200 414 "-" "googlebot-mscrawl-moma (Enterprise; GIX-03752; gnat@google.com,kat@google.com,mattg@google.com,gopinath@google.com)"
172.25.132.28 - - [06/Aug/2007:00:07:21 -0700] "GET /media/css/fish.css HTTP/1.1" 302 682 "-" "googlebot-mscrawl-moma (Enterprise; GIX-03752; gnat@google.com,kat@google.com,mattg@google.com,gopinath@google.com)"
172.24.222.138 - - [06/Aug/2007:00:20:02 -0700] "GET /talks/3907/ HTTP/1.0" 200 5330 "-" "Mozilla/5.0 (X11; U; Linux i686 (x86_64); en-US; rv:1.8.1.4) Gecko/20070515 Firefox/2.0.0.4"
172.19.243.193 - - [06/Aug/2007:00:13:48 -0700] "GET /talks/4884/ HTTP/1.0" 200 1823 "-" "Mozilla/5.0 (Windows; U; Windows NT 5.1; en-US; rv:1.8) Gecko/20051111 Firefox/1.5"
172.19.243.193 - - [06/Aug/2007:00:20:28 -0700] "GET /talks/4354/ HTTP/1.0" 200 513 "-" "Mozilla/5.0 (Windows; U; Windows NT 5.1; en-US; rv:1.8.1.6) Gecko/20070725 Firefox/2.0.0.6"
172.25.226.66 - - [06/Aug/2007:00:17:02 -0700] "GET /talks/4931/ HTTP/1.0" 200 19134 "-" "FeedTools/0.2.24 +http://www.sporkmonger.com/projects/feedtools/"
172.25.226.66 - - [06/Aug/2007:00:15:57 -0700] "GET /talks/4884/ HTTP/1.1" 200 2309 "-" "Mozilla/5.0 (Windows; U; Windows NT 5.1; en-US; rv:1.8.1.6) Gecko/20070725 Firefox/2.0.0.6"
172.24.6.38 - - [06/Aug/2007:00:10:05 -0700] "GET /~nparlante/puzzle/place-beid-bbad.jpg HTTP/1.0" 200 414 "-" "googlebot-mscrawl-moma (Enterprise; GIX-03752; gnat@google.com,kat@google.com,mattg@google.com,gopinath@google.com)"
172.29.16.52 - - [06/Aug/2007:00:06:42 -0700] "GET /favicon.ico HTTP/1.0" 302 18840 "-" "googlebot-mscrawl-moma (Enterprise; C5-JFHFMDWZ6UJJS; gnat@google.com,kat@google.com,mattg@google.com,tjd@google.com)"
10.1.40.113 - - [06/Aug/2007:00:13:40 -0700] "GET /~nparlante/puzzle/place-bjef-bajd.jpg HTTP/1.0" 302 528 "-" "Mozilla/5.0 (Macintosh; U; Intel Mac OS X; en; rv:1.8.1.4) Gecko/20070509 Camino/1.5"
172.25.132.28 - - [06/Aug/2007:00:18:55 -0700] "GET /?page=6 HTTP/1.0" 404 22950 "-" "Mozilla/5.0 (Windows; U; Windows NT 5.1; en-US; rv:1.8) Gecko/20051111 Firefox/1.5"
172.25.132.28 - - [06/Aug/2007:00:06:08 -0700] "GET /talks/4827/ HTTP/1.1" 302 306 "-" "Mozilla/5.0 (Windows; U; Windows NT 5.1; en-US; rv:1.8) Gecko/20051111 Firefox/1.5"
172.24.6.63 - - [06/Aug/2007:00:15:30 -0700] "GET /~nparlante/puzzle/place-baij-bbei.jpg HTTP/1.0" 200 528 "-" "googlebot-mscrawl-moma (Enterprise; C5-JFHFMDWZ6UJJS; gnat@google.com,kat@google.com,mattg@google.com,tjd@google.com)"
172.24.222.138 - - [06/Aug/2007:00:12:19 -0700] "GET /talks/1890/ HTTP/1.0" 302 3404 "-" "Mozilla/5.0 (X11; U; Linux i686 (x86_64); en-US; rv:1.8.1.4) Gecko/20070515 Firefox/2.0.0.4"
172.25.132.28 - - [06/Aug/2007:00:18:55 -0700] "GET /~nparlante/puzzle/place-bjhc-bafg.jpg HTTP/1.0" 200 3404 "-" "Mozilla/5.0 (Windows; U; Windows NT 5.1; en-US; rv:1.8.1.6) Gecko/20070725 Firefox/2.0.0.6"
172.24.6.38 - - [06/Aug/2007:00:06:07 -0700] "GET /media/js_events/search.js HTTP/1.1" 302 528 "-" "Mozilla/5.0 (Macintosh; U; Intel Mac OS X; en; rv:1.8.1.4) Gecko/20070509 Camino/1.5"
172.18.90.28 - - [06/Aug/2007:00:10:05 -0700] "GET /media/js_events/search.js HTTP/1.1" 301 3404 "-" "googlebot-mscrawl-moma (Enterprise; S4-GH7K4HW9PSNAA; tjd@google.com)"
172.25.226.66 - - [06/Aug/2007:00:13:29 -0700] "GET /talks/3608/ HTTP/1.0" 200 540 "-" "Mozilla/5.0 (Windows; U; Windows NT 5.1; en-US; rv:1.8.1.6) Gecko/20070725 Firefox/2.0.0.6"
172.25.132.28 - - [06/Aug/2007:00:11:14 -0700] "GET /talks/4917/ HTTP/1.0" 302 525 "-" "Mozilla/5.0 (Windows; U; Windows NT 5.1; en-US; rv:1.8.1.6) Gecko/20070725 Firefox/2.0.0.6"
172.24.6.38 - - [06/Aug/2007:00:17:08 -0700] "GET / HTTP/1.0" 302 528 "-" "Mozilla/5.0 (Windows; U; Windows NT 5.1; en-US; rv:1.8.1.6) Gecko/20070725 Firefox/2.0.0.6"
172.19.243.193 - - [06/Aug/2007:00:06:30 -0700] "GET /talks/4641/ HTTP/1.0" 200 4067 "-" "googlebot-mscrawl-moma (Enterprise; C5-JFHFMDWZ6UJJS; gnat@google.com,kat@google.com,mattg@google.com,tjd@google.com)"
172.24.6.65 - - [06/Aug/2007:00:06:27 -0700] "GET /talks/4053/ HTTP/1.0" 301 528 "-" "googlebot-mscrawl-moma (Enterprise; C5-JFHFMDWZ6UJJS; gnat@google.com,kat@google.com,mattg@google.com,tjd@google.com)"
172.19.250.81 - - [06/Aug/2007:00:13:49 -0700] "GET /talks/4914/ HTTP/1.0" 302 3404 "-" "googlebot-mscrawl-moma (Enterprise; C5-JFHFMDWZ6UJJS; gnat@google.com,kat@google.com,mattg@google.com,tjd@google.com)"
172.24.222.138 - - [06/Aug/2007:00:06:22 -0700] "GET /~nparlante/puzzle/place-bjii-bbcc.jpg HTTP/1.0" 200 414 "-" "Mozilla/5.0 (Windows; U; Windows NT 5.1; en-US; rv:1.8) Gecko/20051111 Firefox/1.5"
172.22.105.112 - - [06/Aug/2007:00:13:47 -0700] "GET /talks/4053/ HTTP/1.0" 200 539 "-" "googlebot-mscrawl-moma (Enterprise; GIX-03752; gnat@google.com,kat@google.com,mattg@google.com,gopinath@google.com)"
172.24.222.138 - - [06/Aug/2007:00:15:57 -0700] "GET / HTTP/1.1" 302 528 "-" "googlebot-mscrawl-moma (Enterprise; GIX-03752; gnat@google.com,kat@google.com,mattg@google.com,gopinath@google.com)"
172.25.226.66 - - [06/Aug/2007:00:06:22 -0700] "GET /media/css/fish.css HTTP/1.1" 302 7929 "-" "Mozilla/5.0 (Macintosh; U; Intel Mac OS X; en; rv:1.8.1.4) Gecko/20070509 Camino/1.5"
172.30.18.57 - - [06/Aug/2007:00:17:07 -0700] "GET /talks/4417/ HTTP/1.0" 200 2309 "-" "googlebot-mscrawl-moma (Enterprise; C5-JFHFMDWZ6UJJS; gnat@google.com,kat@google.com,mattg@google.com,tjd@google.com)"
172.18.90.28 - - [06/Aug/2007:00:10:04 -0700] "GET / HTTP/1.0" 302 6267 "-" "googlebot-mscrawl-moma (Enterprise; C5-JFHFMDWZ6UJJS; gnat@google.com,kat@google.com,mattg@google.com,tjd@google.com)"
172.24.222.138 - - [06/Aug/2007:00:18:55 -0700] "GET /~nparlante/puzzle/place-bgbd-bahd.jpg HTTP/1.0" 404 527 "-" "Mozilla/5.0 (Windows; U; Windows NT 5.1; en-US; rv:1.8.1.6) Gecko/20070725 Firefox/2.0.0.6"
172.24.6.38 - - [06/Aug/2007:00:11:14 -0700] "GET /talks/4914/ HTTP/1.0" 302 19124 "-" "Mozilla/5.0 (Windows; U; Windows NT 5.1; en-US; rv:1.8) Gecko/20051111 Firefox/1.5"
172.25.132.28 - - [06/Aug/2007:00:10:05 -0700] "GET /favicon.ico HTTP/1.1" 302 414 "-" "googlebot-mscrawl-moma (Enterprise; GIX-03752; gnat@google.com,kat@google.com,mattg@google.com,gopinath@google.com)"
172.24.222.138 - - [06/Aug/2007:00:18:20 -0700] "GET /talks/2139/ HTTP/1.0" 200 12969 "-" "Mozilla/5.0 (X11; U; Linux i686 (x86_64); en-US; rv:1.8.1.4) Gecko/20070515 Firefox/2.0.0.4"
172.25.226.66 - - [06/Aug/2007:00:10:04 -0700] "GET /?qdetail=1&qid=889 HTTP/1.0" 404 6267 "-" "Mozilla/5.0 (Windows; U; Windows NT 5.1; en-US; rv:1.8.1.6) Gecko/20070725 Firefox/2.0.0.6"
172.24.6.38 - - [06/Aug/2007:00:11:14 -0700] "GET /?qdetail=1&qid=243 HTTP/1.0" 302 19134 "-" "Mozilla/5.0 (X11; U; Linux i686 (x86_64); en-US; rv:1.8.1.4) Gecko/20070515 Firefox/2.0.0.4"
172.25.132.28 - - [06/Aug/2007:00:11:12 -0700] "GET /~nparlante/puzzle/place-babg-bajc.jpg HTTP/1.0" 302 6962 "-" "Mozilla/5.0 (X11; U; Linux i686 (x86_64); en-US; rv:1.8.1.4) Gecko/20070515 Firefox/2.0.0.4"
172.18.117.242 - - [06/Aug/2007:00:12:18 -0700] "GET /~nparlante/puzzle/place-baie-bajg.jpg HTTP/1.0" 302 3404 "-" "googlebot-mscrawl-moma (Enterprise; GIX-03752; gnat@google.com,kat@google.com,mattg@google.com,gopinath@google.com)"
172.29.16.52 - - [06/Aug/2007:00:10:05 -0700] "GET /~nparlante/puzzle/place-bfig-bbdb.jpg HTTP/1.0" 302 528 "-" "googlebot-mscrawl-moma (Enterprise; GIX-03752; gnat@google.com,kat@google.com,mattg@google.com,gopinath@google.com)"
172.24.6.38 - - [06/Aug/2007:00:12:19 -0700] "GET /talks/3805 HTTP/1.0" 302 6267 "-" "Mozilla/5.0 (Macintosh; U; PPC Mac OS X Mach-O; en-US; rv:1.8.0.1; Google-TR-3) Gecko/20060111 Firefox/1.5.0.1"
172.18.90.28 - - [06/Aug/2007:00:21:11 -0700] "GET /~nparlante/puzzle/place-bgdh-bbee.jpg HTTP/1.0" 200 528 "-" "googlebot-mscrawl-moma (Enterprise; GIX-03752; gnat@google.com,kat@google.com,mattg@google.com,gopinath@google.com)"
172.19.252.112 - - [06/Aug/2007:00:19:53 -0700] "GET /favicon.ico HTTP/1.1" 302 528 "-" "googlebot-mscrawl-moma (Enterprise; C5-JFHFMDWZ6UJJS; gnat@google.com,kat@google.com,mattg@google.com,tjd@google.com)"
172.24.6.38 - - [06/Aug/2007:00:13:49 -0700] "GET /talks/4650/ HTTP/1.0" 200 12969 "-" "googlebot-mscrawl-moma (Enterprise; C5-JFHFMDWZ6UJJS; gnat@google.com,kat@google.com,mattg@google.com,tjd@google.com)"
172.19.250.29 - - [06/Aug/2007:00:12:19 -0700] "GET /?page=4 HTTP/1.0" 404 6589 "-" "Mozilla/5.0 (X11; U; Linux i686 (x86_64); en-US; rv:1.8.1.4) Gecko/20070515 Firefox/2.0.0.4"
10.1.40.113 - - [06/Aug/2007:00:18:20 -0700] "GET / HTTP/1.1" 302 528 "-" "googlebot-mscrawl-moma (Enterprise; C5-JFHFMDWZ6UJJS; gnat@google.com,kat@google.com,mattg@google.com,tjd@google.com)"
172.19.250.29 - - [06/Aug/2007:00:17:12 -0700] "GET /~nparlante/puzzle/place-bbed-bafe.jpg HTTP/1.0" 302 528 "-" "Mozilla/5.0 (Windows; U; Windows NT 5.1; en-US; rv:1.8) Gecko/20051111 Firefox/1.5"
172.25.226.66 - - [06/Aug/2007:00:14:11 -0700] "GET /talks/3679/ HTTP/1.0" 302 528 "-" "Mozilla/5.0 (Windows; U; Windows NT 5.1; en-US; rv:1.8.1.6) Gecko/20070725 Firefox/2.0.0.6"
172.30.37.137 - - [06/Aug/2007:00:06:08 -0700] "GET /~nparlante/puzzle/place-babb-baee.jpg HTTP/1.0" 302 6962 "-" "googlebot-mscrawl-moma (Enterprise; GIX-03752; gnat@google.com,kat@google.com,mattg@google.com,gopinath@google.com)"
172.30.18.57 - - [06/Aug/2007:00:18:55 -0700] "GET /talks/1049/ HTTP/1.0" 302 4067 "-" "googlebot-mscrawl-moma (Enterprise; C5-JFHFMDWZ6UJJS; gnat@google.com,kat@google.com,mattg@google.com,tjd@google.com)"
172.25.199.58 - - [06/Aug/2007:00:14:53 -0700] "GET /talks/1890/ HTTP/1.0" 200 528 "-" "googlebot-mscrawl-moma (Enterprise; C5-JFHFMDWZ6UJJS; gnat@google.com,kat@google.com,mattg@google.com,tjd@google.com)"
172.19.252.112 - - [06/Aug/2007:00:13:27 -0700] "GET /talks/4947/ HTTP/1.0" 302 3341 "-" "googlebot-mscrawl-moma (Enterprise; GIX-03752; gnat@google.com,kat@google.com,mattg@google.com,gopinath@google.com)"
172.25.132.28 - - [06/Aug/2007:00:12:18 -0700] "GET /media/img/techtalk_logo.png HTTP/1.1" 200 2396 "-" "googlebot-mscrawl-moma (Enterprise; C5-JFHFMDWZ6UJJS; gnat@google.com,kat@google.com,mattg@google.com,tjd@google.com)"
172.24.6.37 - - [06/Aug/2007:00:05:31 -0700] "GET /talks/4650/ HTTP/1.0" 200 3341 "-" "Mozilla/5.0 (Windows; U; Windows NT 5.1; en-US; rv:1.8.1.6) Gecko/20070725 Firefox/2.0.0.6"
172.30.18.57 - - [06/Aug/2007:00:11:14 -0700] "GET /talks/4947 HTTP/1.0" 200 6338 "-" "Mozilla/5.0 (Windows; U; Windows NT 5.1; en-US; rv:1.8.1.6) Gecko/20070725 Firefox/2.0.0.6"
172.24.6.37 - - [06/Aug/2007:00:16:27 -0700] "GET /~nparlante/puzzle/place-bigj-bbah.jpg HTTP/1.0" 200 513 "-" "googlebot-mscrawl-moma (Enterprise; GIX-03752; gnat@google.com,kat@google.com,mattg@google.com,gopinath@google.com)"
172.19.250.81 - - [06/Aug/2007:00:12:18 -0700] "GET /talks/2792/ HTTP/1.0" 302 528 "-" "Mozilla/5.0 (X11; U; Linux i686 (x86_64); en-US; rv:1.8.1.4) Gecko/20070515 Firefox/2.0.0.4"
172.24.222.138 - - [06/Aug/2007:00:14:54 -0700] "GET /media/img/no_picture.jpg HTTP/1.1" 302 3936 "-" "googlebot-mscrawl-moma (Enterprise; C5-JFHFMDWZ6UJJS; gnat@google.com,kat@google.com,mattg@google.com,tjd@google.com)"
172.30.37.137 - - [06/Aug/2007:00:13:48 -0700] "GET /~nparlante/puzzle/place-bicj-baii.jpg HTTP/1.0" 200 6583 "-" "googlebot-mscrawl-moma (Enterprise; S4-GH7K4HW9PSNAA; tjd@google.com)"
172.24.6.38 - - [06/Aug/2007:00:18:55 -0700] "GET /talks/4827 HTTP/1.1" 200 528 "-" "Mozilla/5.0 (X11; U; Linux i686; en-US; rv:1.8.1.4) Gecko/20070515 Firefox/2.0.0.4"
172.19.252.112 - - [06/Aug/2007:00:17:13 -0700] "GET /favicon.ico HTTP/1.0" 302 19134 "-" "Mozilla/5.0 (Macintosh; U; Intel Mac OS X; en; rv:1.8.1.4) Gecko/20070509 Camino/1.5"
172.19.252.112 - - [06/Aug/2007:00:13:48 -0700] "GET /talks/4727/ HTTP/1.1" 302 4284 "-" "googlebot-mscrawl-moma (Enterprise; GIX-03752; gnat@google.com,kat@google.com,mattg@google.com,gopinath@google.com)"
172.25.132.28 - - [06/Aug/2007:00:09:21 -0700] "GET /~nparlante/puzzle/place-bbgi-bbdh.jpg HTTP/1.0" 302 528 "-" "googlebot-mscrawl-moma (Enterprise; C5-JFHFMDWZ6UJJS; gnat@google.com,kat@google.com,mattg@google.com,tjd@google.com)"
172.22.105.112 - - [06/Aug/2007:00:17:11 -0700] "GET /talks/4959/ HTTP/1.1" 302 3404 "-" "googlebot-mscrawl-moma (Enterprise; C5-JFHFMDWZ6UJJS; gnat@google.com,kat@google.com,mattg@google.com,tjd@google.com)"
172.19.250.29 - - [06/Aug/2007:00:18:20 -0700] "GET /talks/4827/ HTTP/1.0" 404 414 "-" "Mozilla/5.0 (Windows; U; Windows NT 5.1; en-US; rv:1.8.1.6) Gecko/20070725 Firefox/2.0.0.6"
172.24.222.138 - - [06/Aug/2007:00:06:01 -0700] "GET /media/img/powered_by_engedu.png HTTP/1.1" 302 414 "-" "Mozilla/5.0 (Windows; U; Windows NT 5.1; en-US; rv:1.8.1.6) Gecko/20070725 Firefox/2.0.0.6"
172.29.16.52 - - [06/Aug/2007:00:17:13 -0700] "GET /talks/3901/ HTTP/1.0" 302 417 "-" "googlebot-mscrawl-moma (Enterprise; GIX-03752; gnat@google.com,kat@google.com,mattg@google.com,gopinath@google.com)"
172.24.222.138 - - [06/Aug/2007:00:17:13 -0700] "GET /media/img/powered_by_engedu.png HTTP/1.1" 302 414 "-" "Mozilla/5.0 (Windows; U; Windows NT 5.1; en-US; rv:1.8.1.6) Gecko/20070725 Firefox/2.0.0.6"
10.1.40.113 - - [06/Aug/2007:00:20:19 -0700] "GET /talks/4931/ HTTP/1.0" 302 6589 "-" "Mozilla/5.0 (Windows; U; Windows NT 5.1; en-US; rv:1.8.1.6) Gecko/20070725 Firefox/2.0.0.6"
172.25.132.28 - - [06/Aug/2007:00:06:42 -0700] "GET /media/js_events/search.js HTTP/1.1" 404 527 "-" "Mozilla/5.0 (Windows; U; Windows NT 5.1; en-US; rv:1.8.1.6) Gecko/20070725 Firefox/2.0.0.6"
172.24.6.65 - - [06/Aug/2007:00:07:22 -0700] "GET /talks/172/ HTTP/1.0" 302 4237 "-" "googlebot-mscrawl-moma (Enterprise; GIX-03752; gnat@google.com,kat@google.com,mattg@google.com,gopinath@google.com)"
172.24.6.38 - - [06/Aug/2007:00:05:54 -0700] "GET /~nparlante/puzzle/place-bgda-bace.jpg HTTP/1.0" 404 18124 "-" "Mozilla/5.0 (Windows; U; Windows NT 5.1; en-US; rv:1.8.1.6) Gecko/20070725 Firefox/2.0.0.6"
172.24.6.65 - - [06/Aug/2007:00:21:12 -0700] "GET /~nparlante/puzzle/place-bfeb-bagd.jpg HTTP/1.0" 302 1823 "-" "Mozilla/5.0 (Windows; U; Windows NT 5.1; en-US; rv:1.8.1.6) Gecko/20070725 Firefox/2.0.0.6"
10.1.40.113 - - [06/Aug/2007:00:12:18 -0700] "GET /~nparlante/puzzle/place-bjfi-babj.jpg HTTP/1.0" 404 6962 "-" "Mozilla/5.0 (X11; U; Linux i686 (x86_64); en-US; rv:1.8.1.4) Gecko/20070515 Firefox/2.0.0.4"
172.24.222.138 - - [06/Aug/2007:00:09:23 -0700] "GET /talks/4947 HTTP/1.0" 200 402 "-" "Mozilla/5.0 (Windows; U; Windows NT 5.1; en-US; rv:1.8.1.6) Gecko/20070725 Firefox/2.0.0.6"
172.24.222.138 - - [06/Aug/2007:00:06:30 -0700] "GET /talks/391/ HTTP/1.0" 302 414 "-" "googlebot-mscrawl-moma (Enterprise; C5-JFHFMDWZ6UJJS; gnat@google.com,kat@google.com,mattg@google.com,tjd@google.com)"
172.25.199.58 - - [06/Aug/2007:00:08:12 -0700] "GET /~nparlante/puzzle/place-bdeh-baha.jpg HTTP/1.0" 200 10496 "-" "Mozilla/5.0 (Windows; U; Windows NT 5.1; en-US; rv:1.8.1.6) Gecko/20070725 Firefox/2.0.0.6"
172.24.6.38 - - [06/Aug/2007:00:13:41 -0700] "GET /favicon.ico HTTP/1.0" 200 3404 "-" "Mozilla/5.0 (Windows; U; Windows NT 5.1; en-US; rv:1.8.0.12) Gecko/20070508 Firefox/1.5.0.12"
172.25.132.28 - - [06/Aug/2007:00:21:12 -0700] "GET /media/img/powered_by_engedu.png HTTP/1.1" 302 6702 "-" "googlebot-mscrawl-moma (Enterprise; GIX-03752; gnat@google.com,kat@google.com,mattg@google.com,gopinath@google.com)"
172.24.222.138 - - [06/Aug/2007:00:16:34 -0700] "GET /onebox/?apiMaj=1&apiMin=0&oneboxName=techtalks&lang=en&ipAddr=172.30.62.67&dateTime=2007-08-06%3A00%3A18%3A22&query=tech%20talks&p0=&p1=tech&authType=none HTTP/1.1" 200 528 "-" "googlebot-mscrawl-moma (Enterprise; GIX-03752; gnat@google.com,kat@google.com,mattg@google.com,gopinath@google.com)"
172.24.222.138 - - [06/Aug/2007:00:05:39 -0700] "GET /~nparlante/puzzle/place-bahh-bada.jpg HTTP/1.0" 302 528 "-" "googlebot-mscrawl-moma"
172.25.132.28 - - [06/Aug/2007:00:15:30 -0700] "GET / HTTP/1.0" 302 528 "-" "googlebot-mscrawl-moma (Enterprise; GIX-03752; gnat@google.com,kat@google.com,mattg@google.com,gopinath@google.com)"
172.24.222.138 - - [06/Aug/2007:00:13:48 -0700] "GET /~nparlante/puzzle/place-bega-baja.jpg HTTP/1.0" 404 2309 "-" "googlebot-mscrawl-moma (Enterprise; GIX-03752; gnat@google.com,kat@google.com,mattg@google.com,gopinath@google.com)"
172.24.6.38 - - [06/Aug/2007:00:09:23 -0700] "GET /talks/4967/ HTTP/1.0" 200 528 "-" "Mozilla/5.0 (Windows; U; Windows NT 5.1; en-US; rv:1.8.0.12) Gecko/20070508 Firefox/1.5.0.12"
172.25.226.66 - - [06/Aug/2007:00:20:28 -0700] "GET /talks/4189/ HTTP/1.0" 302 18124 "-" "Mozilla/5.0 (Windows; U; Windows NT 5.1; en-US; rv:1.8.1.6) Gecko/20070725 Firefox/2.0.0.6"
172.19.250.81 - - [06/Aug/2007:00:12:19 -0700] "GET /~nparlante/puzzle/place-baie-bajg.jpg HTTP/1.0" 302 18124 "-" "googlebot-mscrawl-moma (Enterprise; C5-JFHFMDWZ6UJJS; gnat@google.com,kat@google.com,mattg@google.com,tjd@google.com)"
172.24.222.138 - - [06/Aug/2007:00:17:13 -0700] "GET /media/img/rss.png HTTP/1.0" 302 540 "-" "Mozilla/5.0 (X11; U; Linux i686 (x86_64); en-US; rv:1.8.1.4) Gecko/20070515 Firefox/2.0.0.4"
10.1.40.113 - - [06/Aug/2007:00:13:28 -0700] "GET /feeds/talks/ HTTP/1.1" 200 1 "-" "Mozilla/5.0 (Macintosh; U; Intel Mac OS X; en; rv:1.8.1.4) Gecko/20070509 Camino/1.5"
172.24.222.138 - - [06/Aug/2007:00:05:31 -0700] "GET /~nparlante/puzzle/place-bcbi-bbba.jpg HTTP/1.0" 200 12969 "-" "Mozilla/5.0 (Macintosh; U; PPC Mac OS X Mach-O; en-US; rv:1.8.0.1; Google-TR-3) Gecko/20060111 Firefox/1.5.0.1"
172.24.6.65 - - [06/Aug/2007:00:06:49 -0700] "GET /talks/4727/ HTTP/1.1" 200 6267 "-" "Mozilla/5.0 (Macintosh; U; Intel Mac OS X; en; rv:1.8.1.4) Gecko/20070509 Camino/1.5"
172.25.226.66 - - [06/Aug/2007:00:06:27 -0700] "GET /?page=4 HTTP/1.0" 200 528 "-" "googlebot-mscrawl-moma (Enterprise; GIX-03752; gnat@google.com,kat@google.com,mattg@google.com,gopinath@google.com)"
172.25.132.28 - - [06/Aug/2007:00:06:16 -0700] "GET /?qdetail=1&qid=243 HTTP/1.0" 302 6267 "-" "Mozilla/5.0 (Windows; U; Windows NT 5.1; en-US; rv:1.8.1.6) Gecko/20070725 Firefox/2.0.0.6"
172.24.222.138 - - [06/Aug/2007:00:20:28 -0700] "GET /talks/2300/ HTTP/1.0" 302 19134 "-" "googlebot-mscrawl-moma (Enterprise; C5-JFHFMDWZ6UJJS; gnat@google.com,kat@google.com,mattg@google.com,tjd@google.com)"
172.24.82.149 - - [06/Aug/2007:00:17:12 -0700] "GET /talks/2792/ HTTP/1.0" 200 527 "-" "googlebot-mscrawl-moma (Enterprise; GIX-03752; gnat@google.com,kat@google.com,mattg@google.com,gopinath@google.com)"
172.19.250.81 - - [06/Aug/2007:00:11:12 -0700] "GET / HTTP/1.0" 404 18124 "-" "Mozilla/5.0 (Windows; U; Windows NT 5.1; en-US; rv:1.8.1.6) Gecko/20070725 Firefox/2.0.0.6"
172.24.6.38 - - [06/Aug/2007:00:06:01 -0700] "GET /?page=4 HTTP/1.0" 302 528 "-" "googlebot-mscrawl-moma (Enterprise; GIX-03752; gnat@google.com,kat@google.com,mattg@google.com,gopinath@google.com)"
172.25.132.28 - - [06/Aug/2007:00:13:40 -0700] "GET /robots.txt HTTP/1.0" 302 10496 "-" "googlebot-mscrawl-moma (Enterprise; GIX-03752; gnat@google.com,kat@google.com,mattg@google.com,gopinath@google.com)"
172.24.6.38 - - [06/Aug/2007:00:09:22 -0700] "GET / HTTP/1.0" 302 10496 "-" "googlebot-mscrawl-moma (Enterprise; C5-JFHFMDWZ6UJJS; gnat@google.com,kat@google.com,mattg@google.com,tjd@google.com)"
172.24.222.138 - - [06/Aug/2007:00:14:11 -0700] "GET /talks/2659/ HTTP/1.0" 302 10496 "-" "googlebot-mscrawl-moma (Enterprise; GIX-03752; gnat@google.com,kat@google.com,mattg@google.com,gopinath@google.com)"
172.19.250.29 - - [06/Aug/2007:00:13:49 -0700] "GET /talks/4641/ HTTP/1.0" 200 414 "-" "Mozilla/5.0 (Macintosh; U; Intel Mac OS X; en; rv:1.8.1.4) Gecko/20070509 Camino/1.5"
172.25.132.28 - - [06/Aug/2007:00:13:41 -0700] "GET /favicon.ico HTTP/1.1" 200 12969 "-" "googlebot-mscrawl-moma (Enterprise; C5-JFHFMDWZ6UJJS; gnat@google.com,kat@google.com,mattg@google.com,tjd@google.com)"
172.19.252.112 - - [06/Aug/2007:00:06:07 -0700] "GET /?qdetail=1&qid=1978 HTTP/1.0" 302 528 "-" "googlebot-mscrawl-moma (Enterprise; C5-JFHFMDWZ6UJJS; gnat@google.com,kat@google.com,mattg@google.com,tjd@google.com)"
172.29.248.42 - - [06/Aug/2007:00:20:14 -0700] "GET /feeds/talks/ HTTP/1.1" 302 528 "-" "Mozilla/5.0 (Windows; U; Windows NT 5.1; en-US; rv:1.8.1.6) Gecko/20070725 Firefox/2.0.0.6"
172.24.222.138 - - [06/Aug/2007:00:06:51 -0700] "GET /media/js_events/search.js HTTP/1.1" 302 19130 "-" "Mozilla/5.0 (Windows; U; Windows NT 5.1; en-US; rv:1.8.1.6) Gecko/20070725 Firefox/2.0.0.6"
172.19.252.112 - - [06/Aug/2007:00:09:22 -0700] "GET /~nparlante/puzzle/place-bbff-bahc.jpg HTTP/1.0" 200 19130 "-" "Mozilla/5.0 (X11; U; Linux i686; en-US; rv:1.8.1.4) Gecko/20070515 Firefox/2.0.0.4"
172.25.226.66 - - [06/Aug/2007:00:06:17 -0700] "GET /talks/4708/ HTTP/1.0" 302 528 "-" "Mozilla/5.0 (Macintosh; U; PPC Mac OS X Mach-O; en-US; rv:1.8.0.1; Google-TR-3) Gecko/20060111 Firefox/1.5.0.1"
172.19.243.193 - - [06/Aug/2007:00:18:53 -0700] "GET /talks/search/zurich/?q=zurich&proxystylesheet=internal&hq=talks&site=internal&access=a&client=internal&words=&output=xml_no_dtd HTTP/1.0" 404 528 "-" "googlebot-mscrawl-moma (Enterprise; GIX-03752; gnat@google.com,kat@google.com,mattg@google.com,gopinath@google.com)"
172.18.117.242 - - [06/Aug/2007:00:19:53 -0700] "GET /talks/4947 HTTP/1.0" 200 5164 "-" "Mozilla/5.0 (Windows; U; Windows NT 5.1; en-US; rv:1.8) Gecko/20051111 Firefox/1.5"
172.24.222.138 - - [06/Aug/2007:00:19:09 -0700] "GET /~nparlante/puzzle/place-bcjj-bbcj.jpg HTTP/1.0" 200 528 "-" "Mozilla/5.0 (Macintosh; U; PPC Mac OS X Mach-O; en-US; rv:1.8.0.1) Gecko/20060111 Firefox/1.5.0.1"
172.24.6.38 - - [06/Aug/2007:00:13:41 -0700] "GET /feeds/talks/ HTTP/1.0" 302 3404 "-" "googlebot-mscrawl-moma"
172.19.243.193 - - [06/Aug/2007:00:09:49 -0700] "GET / HTTP/1.0" 200 10496 "-" "googlebot-mscrawl-moma (Enterprise; C5-JFHFMDWZ6UJJS; gnat@google.com,kat@google.com,mattg@google.com,tjd@google.com)"
172.19.250.81 - - [06/Aug/2007:00:11:05 -0700] "GET /feeds/talks/ HTTP/1.1" 302 415 "-" "Mozilla/5.0 (Windows; U; Windows NT 5.1; en-US; rv:1.8.1.6) Gecko/20070725 Firefox/2.0.0.6"
172.24.6.65 - - [06/Aug/2007:00:06:07 -0700] "GET /talks/3805 HTTP/1.0" 200 18124 "-" "googlebot-mscrawl-moma (Enterprise; GIX-03752; gnat@google.com,kat@google.com,mattg@google.com,gopinath@google.com)"
172.24.222.138 - - [06/Aug/2007:00:18:55 -0700] "GET /~nparlante/puzzle/place-bfgd-bbci.jpg HTTP/1.0" 200 528 "-" "-"
172.24.6.38 - - [06/Aug/2007:00:10:03 -0700] "GET /~nparlante/puzzle/place-beji-baej.jpg HTTP/1.0" 404 414 "-" "googlebot-mscrawl-moma (Enterprise; C5-JFHFMDWZ6UJJS; gnat@google.com,kat@google.com,mattg@google.com,tjd@google.com)"
172.25.132.28 - - [06/Aug/2007:00:18:52 -0700] "GET /talks/2754/ HTTP/1.0" 302 6267 "-" "Mozilla/5.0 (Windows; U; Windows NT 5.1; en-US; rv:1.8) Gecko/20051111 Firefox/1.5"
172.19.243.193 - - [06/Aug/2007:00:18:53 -0700] "GET /talks/4708/ HTTP/1.0" 200 513 "-" "googlebot-mscrawl-moma (Enterprise; C5-JFHFMDWZ6UJJS; gnat@google.com,kat@google.com,mattg@google.com,tjd@google.com)"
172.19.250.29 - - [06/Aug/2007:00:10:05 -0700] "GET /media/img/no_picture.jpg HTTP/1.1" 302 539 "-" "Mozilla/5.0 (Windows; U; Windows NT 5.1; en-US; rv:1.8.1.6) Gecko/20070725 Firefox/2.0.0.6"
172.19.243.193 - - [06/Aug/2007:00:21:12 -0700] "GET /talks/search/metric%20system/?q=metric+system&proxystylesheet=internal&hq=talks&site=internal&access=a&client=internal&words=&output=xml_no_dtd HTTP/1.1" 302 10496 "-" "Mozilla/5.0 (X11; U; Linux i686 (x86_64); en-US; rv:1.8.1.4) Gecko/20070515 Firefox/2.0.0.4"
10.1.40.113 - - [06/Aug/2007:00:06:42 -0700] "GET /favicon.ico HTTP/1.0" 302 527 "-" "Mozilla/5.0 (Windows; U; Windows NT 5.1; en-US; rv:1.8) Gecko/20051111 Firefox/1.5"
172.24.6.38 - - [06/Aug/2007:00:13:27 -0700] "GET /talks/3969/ HTTP/1.0" 200 4284 "-" "Mozilla/5.0 (Windows; U; Windows NT 5.1; en-US; rv:1.8.1.6) Gecko/20070725 Firefox/2.0.0.6"
10.1.40.113 - - [06/Aug/2007:00:15:30 -0700] "GET /~nparlante/puzzle/place-bbff-bbbg.jpg HTTP/1.0" 200 528 "-" "googlebot-mscrawl-moma (Enterprise; GIX-03752; gnat@google.com,kat@google.com,mattg@google.com,gopinath@google.com)"
172.25.135.103 - - [06/Aug/2007:00:06:16 -0700] "GET /?page=3 HTTP/1.0" 200 6702 "-" "Mozilla/5.0 (Macintosh; U; Intel Mac OS X; en; rv:1.8.1.4) Gecko/20070509 Camino/1.5"
172.24.222.138 - - [06/Aug/2007:00:13:48 -0700] "GET /~nparlante/puzzle/place-bchb-bbbf.jpg HTTP/1.0" 302 528 "-" "googlebot-mscrawl-moma (Enterprise; GIX-03752; gnat@google.com,kat@google.com,mattg@google.com,gopinath@google.com)"
172.24.222.138 - - [06/Aug/2007:00:20:27 -0700] "GET /~nparlante/puzzle/place-bbhd-bahe.jpg HTTP/1.0" 302 528 "-" "Mozilla/5.0 (Windows; U; Windows NT 5.1; en-US; rv:1.8.1.6) Gecko/20070725 Firefox/2.0.0.6"
172.18.90.28 - - [06/Aug/2007:00:13:47 -0700] "GET /media/img/powered_by_engedu.png HTTP/1.1" 200 528 "-" "Mozilla/5.0 (Windows; U; Windows NT 5.1; en-US; rv:1.8) Gecko/20051111 Firefox/1.5"
172.28.125.176 - - [06/Aug/2007:00:20:19 -0700] "GET /~nparlante/puzzle/place-bbbe-bbbi.jpg HTTP/1.0" 302 528 "-" "Mozilla/5.0 (Windows; U; Windows NT 5.1; en-US; rv:1.8.1.6) Gecko/20070725 Firefox/2.0.0.6"
172.24.82.149 - - [06/Aug/2007:00:13:27 -0700] "GET /media/img/no_picture.jpg HTTP/1.1" 302 12969 "-" "googlebot-mscrawl-moma (Enterprise; C5-JFHFMDWZ6UJJS; gnat@google.com,kat@google.com,mattg@google.com,tjd@google.com)"
172.25.226.66 - - [06/Aug/2007:00:10:05 -0700] "GET /media/img/no_picture.jpg HTTP/1.1" 200 527 "-" "googlebot-mscrawl-moma (Enterprise; C5-JFHFMDWZ6UJJS; gnat@google.com,kat@google.com,mattg@google.com,tjd@google.com)"
172.19.250.81 - - [06/Aug/2007:00:06:07 -0700] "GET /talks/4660 HTTP/1.0" 200 4898 "-" "googlebot-mscrawl-moma (Enterprise; GIX-03752; gnat@google.com,kat@google.com,mattg@google.com,gopinath@google.com)"
172.24.222.138 - - [06/Aug/2007:00:20:28 -0700] "GET /media/css/fish.css HTTP/1.1" 200 525 "-" "Mozilla/5.0 (Macintosh; U; Intel Mac OS X; en; rv:1.8.1.4) Gecko/20070509 Camino/1.5"
172.30.18.57 - - [06/Aug/2007:00:05:29 -0700] "GET /talks/2877/ HTTP/1.0" 302 6962 "-" "Mozilla/5.0 (Windows; U; Windows NT 5.1; en-US; rv:1.8.1.6) Gecko/20070725 Firefox/2.0.0.6"
172.24.6.63 - - [06/Aug/2007:00:09:53 -0700] "GET /media/img/powered_by_engedu.png HTTP/1.1" 302 3407 "-" "Mozilla/5.0 (X11; U; Linux i686 (x86_64); en-US; rv:1.8.1.4) Gecko/20070515 Firefox/2.0.0.4"
172.24.6.65 - - [06/Aug/2007:00:09:22 -0700] "GET /favicon.ico HTTP/1.0" 404 528 "-" "googlebot-mscrawl-moma (Enterprise; C5-JFHFMDWZ6UJJS; gnat@google.com,kat@google.com,mattg@google.com,tjd@google.com)"
172.18.90.28 - - [06/Aug/2007:00:12:18 -0700] "GET /talks/4534/ HTTP/1.0" 200 18124 "-" "Mozilla/5.0 (X11; U; Linux i686 (x86_64); en-US; rv:1.8.1.4) Gecko/20070515 Firefox/2.0.0.4"
