172.25.132.28 - - [06/Aug/2007:00:14:53 -0700] "GET /?page=4 HTTP/1.0" 200 527 "-" "Mozilla/5.0 (Windows; U; Windows NT 5.1; en-US; rv:1.8.1.6) Gecko/20070725 Firefox/2.0.0.6"
172.24.222.138 - - [06/Aug/2007:00:20:19 -0700] "GET /talks/4727 HTTP/1.1" 200 528 "-" "Mozilla/5.0 (Windows; U; Windows NT 5.1; en-US; rv:1.8.1.6) Gecko/20070725 Firefox/2.0.0.6"
172.24.6.38 - - [06/Aug/2007:00:06:15 -0700] "GET /media/img/no_picture.jpg HTTP/1.1" 200 12969 "-" "Mozilla/5.0 (Macintosh; U; Intel Mac OS X; en; rv:1.8.1.4) Gecko/20070509 Camino/1.5"
172.30.18.57 - - [06/Aug/2007:00:10:05 -0700] "GET /~nparlante/puzzle/place-bcfa-bbec.jpg HTTP/1.0" 302 1823 "-" "Mozilla/5.0 (Macintosh; U; PPC Mac OS X Mach-O; en-US; rv:1.8.1.6) Gecko/20070725 Firefox/2.0.0.6"
10.1.40.113 - - [06/Aug/2007:00:12:18 -0700] "GET /feeds/talks/ HTTP/1.1" 404 402 "-" "Mozilla/5.0 (Macintosh; U; Intel Mac OS X; en; rv:1.8.1.4) Gecko/20070509 Camino/1.5"
172.24.90.94 - - [06/Aug/2007:00:19:22 -0700] "GET /media/img/powered_by_engedu.png HTTP/1.1" 200 528 "-" "googlebot-mscrawl-moma (Enterprise; C5-JFHFMDWZ6UJJS; gnat@google.com,kat@google.com,mattg@google.com,tjd@google.com)"
172.18.117.242 - - [06/Aug/2007:00:20:53 -0700] "GET /talks/2785/ HTTP/1.0" 200 4284 "-" "Mozilla/5.0 (X11; U; Linux i686 (x86_64); en-US; rv:1.8.1.4) Gecko/20070515 Firefox/2.0.0.4"
172.18.90.28 - - [06/Aug/2007:00:20:29 -0700] "GET /talks/4884/ HTTP/1.1" 302 12969 "-" "Mozilla/5.0 (Windows; U; Windows NT 5.1; en-US; rv:1.8.1.6; Google-TR-5.1.707.6657-en) Gecko/20070725 Firefox/2.0.0.6"
172.19.243.193 - - [06/Aug/2007:00:13:27 -0700] "GET /favicon.ico HTTP/1.0" 200 4610 "-" "googlebot-mscrawl-moma (Enterprise; S4-GH7K4HW9PSNAA; tjd@google.com)"
172.18.90.28 - - [06/Aug/2007:00:15:01 -0700] "GET /talks/4533/ HTTP/1.1" 200 513 "-" "googlebot-mscrawl-moma (Enterprise; GIX-03752; gnat@google.com,kat@google.com,mattg@google.com,gopinath@google.com)"
172.18.90.28 - - [06/Aug/2007:00:05:41 -0700] "GET /talks/4827/ HTTP/1.1" 200 12969 "-" "googlebot-mscrawl-moma (Enterprise; C5-JFHFMDWZ6UJJS; gnat@google.com,kat@google.com,mattg@google.com,tjd@google.com)"
172.24.6.65 - - [06/Aug/2007:00:21:12 -0700] "GET /talks/4884 HTTP/1.0" 302 528 "-" "Mozilla/5.0 (Windows; U; Windows NT 5.1; en-US; rv:1.8.1.6) Gecko/20070725 Firefox/2.0.0.6"
172.25.226.66 - - [06/Aug/2007:00:13:48 -0700] "GET /feeds/talks/ HTTP/1.1" 200 4284 "-" "Mozilla/5.0 (X11; U; Linux i686 (x86_64); en-US; rv:1.8.1.4) Gecko/20070515 Firefox/2.0.0.4"
172.24.6.37 - - [06/Aug/2007:00:20:27 -0700] "GET /talks/2904/ HTTP/1.0" 302 528 "-" "Mozilla/5.0 (Macintosh; U; Intel Mac OS X; en; rv:1.8.1.4) Gecko/20070509 Camino/1.5"
172.24.6.65 - - [06/Aug/2007:00:09:21 -0700] "GET /favicon.ico HTTP/1.1" 302 1823 "-" "Mozilla/5.0 (Macintosh; U; Intel Mac OS X; en; rv:1.8.1.4) Gecko/20070509 Camino/1.5"
172.19.250.29 - - [06/Aug/2007:00:11:14 -0700] "GET /media/img/powered_by_engedu.png HTTP/1.1" 200 342 "-" "googlebot-mscrawl-moma (Enterprise; C5-JFHFMDWZ6UJJS; gnat@google.com,kat@google.com,mattg@google.com,tjd@google.com)"
172.19.243.193 - - [06/Aug/2007:00:09:22 -0700] "GET /robots.txt HTTP/1.0" 302 528 "-" "Mozilla/5.0 (Windows; U; Windows NT 5.1; en-US; rv:1.8.0.12) Gecko/20070508 Firefox/1.5.0.12"
172.19.250.29 - - [06/Aug/2007:00:12:18 -0700] "GET /talks/4641/ HTTP/1.0" 302 3407 "-" "googlebot-mscrawl-moma (Enterprise; C5-JFHFMDWZ6UJJS; gnat@google.com,kat@google.com,mattg@google.com,tjd@google.com)"
172.24.222.138 - - [06/Aug/2007:00:21:13 -0700] "GET /media/img/techtalk_logo.png HTTP/1.1" 302 1823 "-" "Mozilla/5.0 (X11; U; Linux i686 (x86_64); en-US; rv:1.8.1.4) Gecko/20070515 Firefox/2.0.0.4"
172.25.132.28 - - [06/Aug/2007:00:05:41 -0700] "GET /talks/4967/ HTTP/1.0" 200 528 "-" "googlebot-mscrawl-moma"
172.24.222.138 - - [06/Aug/2007:00:09:22 -0700] "GET /talks/4053/ HTTP/1.0" 302 6583 "-" "Mozilla/5.0 (Windows; U; Windows NT 5.1; en-US; rv:1.8) Gecko/20051111 Firefox/1.5"
172.25.132.28 - - [06/Aug/2007:00:08:12 -0700] "GET /media/img/powered_by_engedu.png HTTP/1.1" 302 414 "-" "Mozilla/5.0 (Windows; U; Windows NT 5.1; en-US; rv:1.8.1.6) Gecko/20070725 Firefox/2.0.0.6"
172.30.18.57 - - [06/Aug/2007:00:06:07 -0700] "GET /~nparlante/puzzle/place-bcgd-baig.jpg HTTP/1.0" 302 10496 "-" "Mozilla/5.0 (Windows; U; Windows NT 5.1; en-US; rv:1.8.1.6) Gecko/20070725 Firefox/2.0.0.6"
172.19.243.193 - - [06/Aug/2007:00:13:41 -0700] "GET /~nparlante/puzzle/place-bjhi-bbcf.jpg HTTP/1.0" 302 4880 "-" "Mozilla/5.0 (X11; U; Linux i686 (x86_64); en-US; rv:1.8.1.4) Gecko/20070515 Firefox/2.0.0.4"
172.24.6.65 - - [06/Aug/2007:00:20:53 -0700] "GET /~nparlante/puzzle/place-bgca-bacg.jpg HTTP/1.0" 200 3407 "-" "Mozilla/5.0 (X11; U; Linux i686 (x86_64); en-US; rv:1.8.1.4) Gecko/20070515 Firefox/2.0.0.4"
172.24.222.138 - - [06/Aug/2007:00:17:02 -0700] "GET /talks/2754/ HTTP/1.0" 302 3404 "-" "googlebot-mscrawl-moma (Enterprise; C5-JFHFMDWZ6UJJS; gnat@google.com,kat@google.com,mattg@google.com,tjd@google.com)"
172.18.90.28 - - [06/Aug/2007:00:18:55 -0700] "GET /~nparlante/puzzle/place-bfga-baah.jpg HTTP/1.0" 200 528 "-" "googlebot-mscrawl-moma (Enterprise; GIX-03752; gnat@google.com,kat@google.com,mattg@google.com,gopinath@google.com)"
172.29.16.52 - - [06/Aug/2007:00:19:44 -0700] "GET /talks/3679/ HTTP/1.0" 302 4898 "-" "Mozilla/5.0 (X11; U; Linux i686 (x86_64); en-US; rv:1.8.1.4) Gecko/20070515 Firefox/2.0.0.4"
10.1.40.113 - - [06/Aug/2007:00:13:47 -0700] "GET /~nparlante/puzzle/place-bjdd-bagc.jpg HTTP/1.0" 302 18124 "-" "Mozilla/5.0 (Macintosh; U; Intel Mac OS X; en; rv:1.8.1.4) Gecko/20070509 Camino/1.5"
172.25.132.28 - - [06/Aug/2007:00:06:51 -0700] "GET /~nparlante/puzzle/place-bjdd-bagc.jpg HTTP/1.0" 302 10496 "-" "googlebot-mscrawl-moma (Enterprise; C5-JFHFMDWZ6UJJS; gnat@google.com,kat@google.com,mattg@google.com,tjd@google.com)"
172.30.18.57 - - [06/Aug/2007:00:13:48 -0700] "GET /feeds/talks/ HTTP/1.1" 302 528 "-" "googlebot-mscrawl-moma (Enterprise; GIX-03752; gnat@google.com,kat@google.com,mattg@google.com,gopinath@google.com)"
172.29.16.52 - - [06/Aug/2007:00:12:19 -0700] "GET /talks/4053/ HTTP/1.0" 302 1 "-" "Mozilla/5.0 (Macintosh; U; Intel Mac OS X; en; rv:1.8.1.4) Gecko/20070509 Camino/1.5"
172.24.222.138 - - [06/Aug/2007:00:12:19 -0700] "GET /talks/914/ HTTP/1.0" 302 18124 "-" "Mozilla/5.0 (Windows; U; Windows NT 5.1; en-US; rv:1.8.0.12) Gecko/20070508 Firefox/1.5.0.12"
10.1.40.113 - - [06/Aug/2007:00:13:49 -0700] "GET /favicon.ico HTTP/1.1" 200 4288 "-" "Mozilla/5.0 (Macintosh; U; Intel Mac OS X; en; rv:1.8.1.4) Gecko/20070509 Camino/1.5"
172.19.250.120 - - [06/Aug/2007:00:21:12 -0700] "GET /~nparlante/puzzle/place-biga-bbdf.jpg HTTP/1.0" 302 513 "-" "Mozilla/5.0 (Macintosh; U; Intel Mac OS X; en; rv:1.8.1.4) Gecko/20070509 Camino/1.5"
172.18.117.242 - - [06/Aug/2007:00:20:02 -0700] "GET /~nparlante/puzzle/place-bbhe-bbaa.jpg HTTP/1.0" 200 4681 "-" "Mozilla/5.0 (Windows; U; Windows NT 5.1; en-US; rv:1.8.1.6) Gecko/20070725 Firefox/2.0.0.6"
172.25.199.58 - - [06/Aug/2007:00:05:39 -0700] "GET /~nparlante/puzzle/place-biga-bbdf.jpg HTTP/1.0" 200 528 "-" "Mozilla/5.0 (Macintosh; U; Intel Mac OS X; en; rv:1.8.1.4) Gecko/20070509 Camino/1.5"
172.19.252.112 - - [06/Aug/2007:00:11:14 -0700] "GET /talks/4947/ HTTP/1.0" 200 528 "-" "Mozilla/5.0 (Macintosh; U; Intel Mac OS X; en; rv:1.8.1.4) Gecko/20070509 Camino/1.5"
172.24.222.138 - - [06/Aug/2007:00:17:08 -0700] "GET /~nparlante/puzzle/place-baeg-bbai.jpg HTTP/1.0" 302 528 "-" "Mozilla/5.0 (Windows; U; Windows NT 5.1; en-US; rv:1.8.1.6) Gecko/20070725 Firefox/2.0.0.6"
172.18.90.28 - - [06/Aug/2007:00:20:27 -0700] "GET /?qdetail=1&qid=1978 HTTP/1.0" 302 4898 "-" "Mozilla/5.0 (Windows; U; Windows NT 5.1; en-US; rv:1.8.1.6) Gecko/20070725 Firefox/2.0.0.6"
172.24.6.37 - - [06/Aug/2007:00:18:53 -0700] "GET /~nparlante/puzzle/place-bieg-babi.jpg HTTP/1.0" 200 3404 "-" "googlebot-mscrawl-moma (Enterprise; GIX-03752; gnat@google.com,kat@google.com,mattg@google.com,gopinath@google.com)"
10.1.40.113 - - [06/Aug/2007:00:17:13 -0700] "GET / HTTP/1.0" 302 4290 "-" "Mozilla/5.0 (Windows; U; Windows NT 5.1; en-US; rv:1.8.1.6) Gecko/20070725 Firefox/2.0.0.6"
172.19.243.193 - - [06/Aug/2007:00:07:05 -0700] "GET /favicon.ico HTTP/1.0" 302 5330 "-" "googlebot-mscrawl-moma (Enterprise; C5-JFHFMDWZ6UJJS; gnat@google.com,kat@google.com,mattg@google.com,tjd@google.com)"
172.24.6.65 - - [06/Aug/2007:00:13:27 -0700] "GET /talks/47/ HTTP/1.0" 302 539 "-" "Mozilla/5.0 (Windows; U; Windows NT 5.1; en-US; rv:1.8) Gecko/20051111 Firefox/1.5"
172.25.132.28 - - [06/Aug/2007:00:18:22 -0700] "GET / HTTP/1.1" 302 1823 "-" "googlebot-mscrawl-moma (Enterprise; C5-JFHFMDWZ6UJJS; gnat@google.com,kat@google.com,mattg@google.com,tjd@google.com)"
172.19.250.81 - - [06/Aug/2007:00:17:12 -0700] "GET /talks/4535/ HTTP/1.0" 200 4971 "-" "Mozilla/5.0 (X11; U; Linux i686 (x86_64); en-US; rv:1.8.1.4) Gecko/20070515 Firefox/2.0.0.4"
172.25.132.28 - - [06/Aug/2007:00:06:15 -0700] "GET /~nparlante/puzzle/place-bhjg-bbef.jpg HTTP/1.0" 302 402 "-" "Mozilla/5.0 (Windows; U; Windows NT 5.1; en-US; rv:1.8.1.6) Gecko/20070725 Firefox/2.0.0.6"
172.24.6.63 - - [06/Aug/2007:00:10:04 -0700] "GET / HTTP/1.0" 200 18124 "-" "googlebot-mscrawl-moma (Enterprise; GIX-03752; gnat@google.com,kat@google.com,mattg@google.com,gopinath@google.com)"
172.24.222.138 - - [06/Aug/2007:00:12:19 -0700] "GET /talks/2359/ HTTP/1.0" 200 6485 "-" "googlebot-mscrawl-moma (Enterprise; GIX-03752; gnat@google.com,kat@google.com,mattg@google.com,gopinath@google.com)"
172.24.6.38 - - [06/Aug/2007:00:21:13 -0700] "GET /media/js_events/search.js HTTP/1.1" 200 4288 "-" "googlebot-mscrawl-moma (Enterprise; C5-JFHFMDWZ6UJJS; gnat@google.com,kat@google.com,mattg@google.com,tjd@google.com)"
172.25.226.66 - - [06/Aug/2007:00:19:22 -0700] "GET /~nparlante/puzzle/place-baii-bafc.jpg HTTP/1.0" 302 528 "-" "Mozilla/5.0 (Windows; U; Windows NT 5.1; en-US; rv:1.8.1.6) Gecko/20070725 Firefox/2.0.0.6"
172.24.6.65 - - [06/Aug/2007:00:17:12 -0700] "GET /feeds/courses/ HTTP/1.1" 200 3404 "-" "Mozilla/5.0 (Windows; U; Windows NT 5.1; en-US; rv:1.8.1.6) Gecko/20070725 Firefox/2.0.0.6"
172.19.243.193 - - [06/Aug/2007:00:14:54 -0700] "GET /media/img/techtalk_logo.png HTTP/1.1" 200 18124 "-" "Mozilla/5.0 (Windows; U; Windows NT 5.1; en-US; rv:1.8) Gecko/20051111 Firefox/1.5"
172.24.222.138 - - [06/Aug/2007:00:17:13 -0700] "GET /talks/4931/ HTTP/1.0" 302 415 "-" "Mozilla/5.0 (Windows; U; Windows NT 5.1; en-US; rv:1.8.1.6) Gecko/20070725 Firefox/2.0.0.6"
172.24.222.138 - - [06/Aug/2007:00:06:22 -0700] "GET /talks/4967 HTTP/1.0" 200 2309 "-" "Mozilla/5.0 (Windows; U; Windows NT 5.1; en-US; rv:1.8.0.12) Gecko/20070508 Firefox/1.5.0.12"
172.19.243.193 - - [06/Aug/2007:00:10:05 -0700] "GET /feeds/talks/ HTTP/1.1" 404 18124 "-" "googlebot-mscrawl-moma (Enterprise; C5-JFHFMDWZ6UJJS; gnat@google.com,kat@google.com,mattg@google.com,tjd@google.com)"
172.25.132.28 - - [06/Aug/2007:00:13:48 -0700] "GET /talks/4938/ HTTP/1.1" 302 3404 "-" "Mozilla/5.0 (Windows; U; Windows NT 5.1; en-US; rv:1.8.1.6) Gecko/20070725 Firefox/2.0.0.6"
172.24.222.138 - - [06/Aug/2007:00:12:19 -0700] "GET /~nparlante/puzzle/place-bfdi-baib.jpg HTTP/1.0" 302 3404 "-" "Mozilla/5.0 (Windows; U; Windows NT 5.1; en-US; rv:1.8.1.6) Gecko/20070725 Firefox/2.0.0.6"
172.19.250.29 - - [06/Aug/2007:00:09:22 -0700] "GET / HTTP/1.0" 200 22950 "-" "Mozilla/5.0 (Windows; U; Windows NT 5.1; en-US; rv:1.8.1.6; Google-TR-5.1.707.6657-en) Gecko/20070725 Firefox/2.0.0.6"
172.19.243.193 - - [06/Aug/2007:00:13:47 -0700] "GET /~nparlante/puzzle/place-bjhd-baih.jpg HTTP/1.0" 302 18124 "-" "FeedTools/0.2.24 +http://www.sporkmonger.com/projects/feedtools/"
172.22.105.112 - - [06/Aug/2007:00:21:12 -0700] "GET /?qdetail=1&qid=1298 HTTP/1.0" 200 342 "-" "googlebot-mscrawl-moma (Enterprise; GIX-03752; gnat@google.com,kat@google.com,mattg@google.com,gopinath@google.com)"
172.24.6.65 - - [06/Aug/2007:00:09:22 -0700] "GET /talks/4354/ HTTP/1.0" 200 682 "-" "Mozilla/5.0 (X11; U; Linux i686 (x86_64); en-US; rv:1.8.1.4) Gecko/20070515 Firefox/2.0.0.4"
172.25.199.58 - - [06/Aug/2007:00:13:27 -0700] "GET /talks/4967/ HTTP/1.0" 302 15617 "-" "googlebot-mscrawl-moma (Enterprise; GIX-03752; gnat@google.com,kat@google.com,mattg@google.com,gopinath@google.com)"
10.1.40.113 - - [06/Aug/2007:00:19:44 -0700] "GET /talks/4884/ HTTP/1.1" 302 402 "-" "Mozilla/5.0 (Windows; U; Windows NT 5.1; en-US; rv:1.8.1.6) Gecko/20070725 Firefox/2.0.0.6"
172.30.18.57 - - [06/Aug/2007:00:14:11 -0700] "GET /feeds/talks/ HTTP/1.1" 200 18124 "-" "Mozilla/5.0 (Windows; U; Windows NT 5.1; en-US; rv:1.8.1.6) Gecko/20070725 Firefox/2.0.0.6"
10.1.40.113 - - [06/Aug/2007:00:10:06 -0700] "GET /talks/past/ HTTP/1.1" 302 19124 "-" "googlebot-mscrawl-moma (Enterprise; C5-JFHFMDWZ6UJJS; gnat@google.com,kat@google.com,mattg@google.com,tjd@google.com)"
172.25.132.28 - - [06/Aug/2007:00:10:06 -0700] "GET /~nparlante/puzzle/place-bcej-baaf.jpg HTTP/1.0" 302 3404 "-" "Mozilla/5.0 (X11; U; Linux i686 (x86_64); en-US; rv:1.8.1.4) Gecko/20070515 Firefox/2.0.0.4"
172.24.222.138 - - [06/Aug/2007:00:13:56 -0700] "GET /~nparlante/puzzle/place-bidi-baeb.jpg HTTP/1.0" 302 540 "-" "Mozilla/5.0 (Windows; U; Windows NT 5.1; en-US; rv:1.8.0.12) Gecko/20070508 Firefox/1.5.0.12"
172.19.250.81 - - [06/Aug/2007:00:11:15 -0700] "GET /~nparlante/puzzle/place-bche-bafh.jpg HTTP/1.0" 302 6962 "-" "googlebot-mscrawl-moma (Enterprise; C5-JFHFMDWZ6UJJS; gnat@google.com,kat@google.com,mattg@google.com,tjd@google.com)"
172.25.135.103 - - [06/Aug/2007:00:11:08 -0700] "GET /~nparlante/puzzle/place-bbch-bajf.jpg HTTP/1.0" 302 306 "-" "Mozilla/5.0 (Windows; U; Windows NT 5.1; en-US; rv:1.8.1.6) Gecko/20070725 Firefox/2.0.0.6"
172.24.6.38 - - [06/Aug/2007:00:13:47 -0700] "GET /media/img/no_picture.jpg HTTP/1.1" 302 18840 "-" "Mozilla/5.0 (Windows; U; Windows NT 5.1; en-US; rv:1.8) Gecko/20051111 Firefox/1.5"
172.30.84.85 - - [06/Aug/2007:00:20:27 -0700] "GET /talks/search/gloal%20infrastructure/?q=gloal+infrastructure&proxystylesheet=internal&hq=talks&site=internal&access=a&client=internal&words=&output=xml_no_dtd HTTP/1.1" 302 4880 "-" "googlebot-mscrawl-moma (Enterprise; C5-JFHFMDWZ6UJJS; gnat@google.com,kat@google.com,mattg@google.com,tjd@google.com)"
172.22.72.49 - - [06/Aug/2007:00:14:06 -0700] "GET /talks/4931/ HTTP/1.0" 200 1823 "-" "Mozilla/5.0 (Windows; U; Windows NT 5.1; en-US; rv:1.8.0.12) Gecko/20070508 Firefox/1.5.0.12"
172.24.222.138 - - [06/Aug/2007:00:10:05 -0700] "GET /talks/3901/ HTTP/1.0" 302 1823 "-" "googlebot-mscrawl-moma (Enterprise; GIX-03752; gnat@google.com,kat@google.com,mattg@google.com,gopinath@google.com)"
172.24.6.37 - - [06/Aug/2007:00:13:48 -0700] "GET /feeds/courses/ HTTP/1.1" 200 528 "-" "googlebot-mscrawl-moma (Enterprise; GIX-03752; gnat@google.com,kat@google.com,mattg@google.com,gopinath@google.com)"
172.19.250.120 - - [06/Aug/2007:00:20:29 -0700] "GET /?qdetail=1&qid=1978 HTTP/1.0" 200 527 "-" "googlebot-mscrawl-moma (Enterprise; C5-JFHFMDWZ6UJJS; gnat@google.com,kat@google.com,mattg@google.com,tjd@google.com)"
172.24.6.38 - - [06/Aug/2007:00:13:27 -0700] "GET /talks/4827 HTTP/1.1" 302 528 "-" "Mozilla/5.0 (Windows; U; Windows NT 5.1; en-US; rv:1.8.1.6) Gecko/20070725 Firefox/2.0.0.6"
172.24.6.65 - - [06/Aug/2007:00:11:13 -0700] "GET /~nparlante/puzzle/place-bbej-bajj.jpg HTTP/1.0" 200 342 "-" "Mozilla/5.0 (X11; U; Linux i686 (x86_64); en-US; rv:1.8.1.4) Gecko/20070515 Firefox/2.0.0.4"
172.19.250.81 - - [06/Aug/2007:00:10:05 -0700] "GET /favicon.ico HTTP/1.1" 302 16320 "-" "Mozilla/5.0 (Windows; U; Windows NT 5.1; en-US; rv:1.8.1.6) Gecko/20070725 Firefox/2.0.0.6"
172.30.84.85 - - [06/Aug/2007:00:14:08 -0700] "GET /talks/4760/ HTTP/1.0" 200 3936 "-" "googlebot-mscrawl-moma (Enterprise; GIX-03752; gnat@google.com,kat@google.com,mattg@google.com,gopinath@google.com)"
172.24.222.138 - - [06/Aug/2007:00:12:19 -0700] "GET /favicon.ico HTTP/1.1" 302 3404 "-" "googlebot-mscrawl-moma (Enterprise; C5-JFHFMDWZ6UJJS; gnat@google.com,kat@google.com,mattg@google.com,tjd@google.com)"
172.24.222.138 - - [06/Aug/2007:00:05:39 -0700] "GET /talks/4884/ HTTP/1.1" 302 528 "-" "googlebot-mscrawl-moma (Enterprise; C5-JFHFMDWZ6UJJS; gnat@google.com,kat@google.com,mattg@google.com,tjd@google.com)"
172.25.199.58 - - [06/Aug/2007:00:20:27 -0700] "GET /talks/4803/ HTTP/1.1" 302 3404 "-" "googlebot-mscrawl-moma (Enterprise; GIX-03752; gnat@google.com,kat@google.com,mattg@google.com,gopinath@google.com)"
172.25.132.28 - - [06/Aug/2007:00:13:41 -0700] "GET /media/css/fish.css HTTP/1.1" 302 402 "-" "googlebot-mscrawl-moma (Enterprise; GIX-03752; gnat@google.com,kat@google.com,mattg@google.com,gopinath@google.com)"
172.24.222.138 - - [06/Aug/2007:00:17:13 -0700] "GET / HTTP/1.0" 200 1823 "-" "googlebot-mscrawl-moma (Enterprise; C5-JFHFMDWZ6UJJS; gnat@google.com,kat@google.com,mattg@google.com,tjd@google.com)"
172.29.16.52 - - [06/Aug/2007:00:20:14 -0700] "GET / HTTP/1.0" 200 2309 "-" "Mozilla/5.0 (Windows; U; Windows NT 5.1; en-US; rv:1.8.1.6) Gecko/20070725 Firefox/2.0.0.6"
172.19.250.29 - - [06/Aug/2007:00:06:07 -0700] "GET /~nparlante/puzzle/place-bafc-babh.jpg HTTP/1.0" 200 6702 "-" "googlebot-mscrawl-moma (Enterprise; C5-JFHFMDWZ6UJJS; gnat@google.com,kat@google.com,mattg@google.com,tjd@google.com)"
172.24.222.138 - - [06/Aug/2007:00:18:55 -0700] "GET /~nparlante/puzzle/place-bddd-bage.jpg HTTP/1.0" 200 528 "-" "googlebot-mscrawl-moma (Enterprise; C5-JFHFMDWZ6UJJS; gnat@google.com,kat@google.com,mattg@google.com,tjd@google.com)"
172.25.132.28 - - [06/Aug/2007:00:13:41 -0700] "GET /feeds/talks/ HTTP/1.1" 302 16320 "-" "googlebot-mscrawl-moma (Enterprise; C5-JFHFMDWZ6UJJS; gnat@google.com,kat@google.com,mattg@google.com,tjd@google.com)"
172.24.222.138 - - [06/Aug/2007:00:17:13 -0700] "GET /?page=4 HTTP/1.0" 200 414 "-" "Mozilla/5.0 (Windows; U; Windows NT 5.1; en-US; rv:1.8.1.6) Gecko/20070725 Firefox/2.0.0.6"
172.19.250.81 - - [06/Aug/2007:00:17:08 -0700] "GET /~nparlante/puzzle/place-bfab-bagb.jpg HTTP/1.0" 302 528 "-" "Mozilla/5.0 (X11; U; Linux i686 (x86_64); en-US; rv:1.8.1.4) Gecko/20070515 Firefox/2.0.0.4"
172.24.222.138 - - [06/Aug/2007:00:18:55 -0700] "GET / HTTP/1.0" 302 682 "-" "Mozilla/5.0 (Macintosh; U; Intel Mac OS X; en; rv:1.8.1.4) Gecko/20070509 Camino/1.5"
10.1.40.113 - - [06/Aug/2007:00:20:28 -0700] "GET /talks/3403 HTTP/1.0" 200 2309 "-" "googlebot-mscrawl-moma (Enterprise; C5-JFHFMDWZ6UJJS; gnat@google.com,kat@google.com,mattg@google.com,tjd@google.com)"
172.22.105.112 - - [06/Aug/2007:00:21:11 -0700] "GET /favicon.ico HTTP/1.1" 200 528 "-" "googlebot-mscrawl-moma (Enterprise; C5-JFHFMDWZ6UJJS; gnat@google.com,kat@google.com,mattg@google.com,tjd@google.com)"
10.1.40.113 - - [06/Aug/2007:00:06:16 -0700] "GET /~nparlante/puzzle/place-bhga-bbed.jpg HTTP/1.0" 302 528 "-" "Mozilla/5.0 (Macintosh; U; Intel Mac OS X; en; rv:1.8.1.4) Gecko/20070509 Camino/1.5"
172.25.199.58 - - [06/Aug/2007:00:15:01 -0700] "GET /talks/3679/ HTTP/1.0" 404 12969 "-" "googlebot-mscrawl-moma (Enterprise; GIX-03752; gnat@google.com,kat@google.com,mattg@google.com,gopinath@google.com)"
172.24.222.138 - - [06/Aug/2007:00:16:34 -0700] "GET /feeds/talks/ HTTP/1.0" 302 414 "-" "Mozilla/5.0 (Windows; U; Windows NT 5.1; en-US; rv:1.8.1.6) Gecko/20070725 Firefox/2.0.0.6"
172.19.250.29 - - [06/Aug/2007:00:06:42 -0700] "GET /media/img/techtalk_logo.png HTTP/1.1" 302 528 "-" "googlebot-mscrawl-moma (Enterprise; GIX-03752; gnat@google.com,kat@google.com,mattg@google.com,gopinath@google.com)"
10.1.40.42 - - [06/Aug/2007:00:06:16 -0700] "GET /favicon.ico HTTP/1.1" 302 15617 "-" "Mozilla/5.0 (Windows; U; Windows NT 5.1; en-US; rv:1.8.0.12) Gecko/20070508 Firefox/1.5.0.12"
172.24.222.138 - - [06/Aug/2007:00:14:54 -0700] "GET /media/img/techtalk_logo.png HTTP/1.1" 302 6485 "-" "Mozilla/5.0 (Windows; U; Windows NT 5.1; en-US; rv:1.8.1.6) Gecko/20070725 Firefox/2.0.0.6"
172.19.252.112 - - [06/Aug/2007:00:13:48 -0700] "GET /~nparlante/puzzle/place-bfih-bbbe.jpg HTTP/1.0" 200 414 "-" "googlebot-mscrawl-moma (Enterprise; GIX-03752; gnat@google.com,kat@google.com,mattg@google.com,gopinath@google.com)"
172.25.132.28 - - [06/Aug/2007:00:13:27 -0700] "GET /favicon.ico HTTP/1.0" 200 526 "-" "googlebot-mscrawl-moma (Enterprise; GIX-03752; gnat@google.com,kat@google.com,mattg@google.com,gopinath@google.com)"
172.24.6.65 - - [06/Aug/2007:00:18:52 -0700] "GET / HTTP/1.0" 200 3404 "-" "googlebot-mscrawl-moma (Enterprise; GIX-03752; gnat@google.com,kat@google.com,mattg@google.com,gopinath@google.com)"
10.1.40.113 - - [06/Aug/2007:00:13:48 -0700] "GET /?qdetail=1&qid=1999 HTTP/1.0" 200 528 "-" "googlebot-mscrawl-moma (Enterprise; C5-JFHFMDWZ6UJJS; gnat@google.com,kat@google.com,mattg@google.com,tjd@google.com)"
172.24.222.138 - - [06/Aug/2007:00:17:13 -0700] "GET /feeds/talks/ HTTP/1.1" 302 528 "-" "googlebot-mscrawl-moma (Enterprise; GIX-03752; gnat@google.com,kat@google.com,mattg@google.com,gopinath@google.com)"
172.24.222.138 - - [06/Aug/2007:00:13:27 -0700] "GET /~nparlante/puzzle/place-bifa-bafb.jpg HTTP/1.0" 200 2309 "-" "Mozilla/5.0 (X11; U; Linux i686 (x86_64); en-US; rv:1.8.1.4) Gecko/20070515 Firefox/2.0.0.4"
172.25.199.58 - - [06/Aug/2007:00:21:13 -0700] "GET /~nparlante/puzzle/place-bigg-badj.jpg HTTP/1.0" 302 525 "-" "Mozilla/5.0 (Windows; U; Windows NT 5.1; en-US; rv:1.8.1.6) Gecko/20070725 Firefox/2.0.0.6"
172.29.16.52 - - [06/Aug/2007:00:17:02 -0700] "GET /feeds/talks/ HTTP/1.1" 200 528 "-" "googlebot-mscrawl-moma (Enterprise; C5-JFHFMDWZ6UJJS; gnat@google.com,kat@google.com,mattg@google.com,tjd@google.com)"
172.25.132.28 - - [06/Aug/2007:00:14:00 -0700] "GET /~nparlante/puzzle/place-bjhd-baih.jpg HTTP/1.0" 302 18124 "-" "googlebot-mscrawl-moma (Enterprise; C5-JFHFMDWZ6UJJS; gnat@google.com,kat@google.com,mattg@google.com,tjd@google.com)"
172.30.60.53 - - [06/Aug/2007:00:18:52 -0700] "GET /~nparlante/puzzle/place-bghb-badf.jpg HTTP/1.0" 302 415 "-" "Mozilla/5.0 (X11; U; Linux i686; en-US; rv:1.8.1.4) Gecko/20070515 Firefox/2.0.0.4"
172.24.222.138 - - [06/Aug/2007:00:06:27 -0700] "GET /~nparlante/puzzle/place-bfga-baah.jpg HTTP/1.0" 302 528 "-" "Mozilla/5.0 (Macintosh; U; PPC Mac OS X Mach-O; en-US; rv:1.8.0.1) Gecko/20060111 Firefox/1.5.0.1"
172.19.252.112 - - [06/Aug/2007:00:13:28 -0700] "GET /talks/4967 HTTP/1.0" 200 10496 "-" "Mozilla/5.0 (Windows; U; Windows NT 5.1; en-US; rv:1.8.1.6) Gecko/20070725 Firefox/2.0.0.6"
172.24.6.65 - - [06/Aug/2007:00:06:15 -0700] "GET /talks/4931/ HTTP/1.0" 302 18124 "-" "googlebot-mscrawl-moma (Enterprise; GIX-03752; gnat@google.com,kat@google.com,mattg@google.com,gopinath@google.com)"
172.24.222.138 - - [06/Aug/2007:00:14:53 -0700] "GET / HTTP/1.0" 302 6962 "-" "Mozilla/5.0 (Macintosh; U; Intel Mac OS X; en; rv:1.8.1.4) Gecko/20070509 Camino/1.5"
172.19.250.29 - - [06/Aug/2007:00:14:24 -0700] "GET /talks/3901/ HTTP/1.0" 200 528 "-" "googlebot-mscrawl-moma (Enterprise; C5-JFHFMDWZ6UJJS; gnat@google.com,kat@google.com,mattg@google.com,tjd@google.com)"
172.25.226.66 - - [06/Aug/2007:00:13:27 -0700] "GET / HTTP/1.0" 302 6275 "-" "Mozilla/5.0 (X11; U; Linux i686 (x86_64); en-US; rv:1.8.1.4) Gecko/20070515 Firefox/2.0.0.4"
172.30.37.137 - - [06/Aug/2007:00:11:14 -0700] "GET /talks/3266/ HTTP/1.0" 200 6962 "-" "Mozilla/5.0 (X11; U; Linux i686 (x86_64); en-US; rv:1.8.1.4) Gecko/20070515 Firefox/2.0.0.4"
172.24.6.38 - - [06/Aug/2007:00:13:48 -0700] "GET /feeds/talks/ HTTP/1.1" 200 528 "-" "googlebot-mscrawl-moma (Enterprise; C5-JFHFMDWZ6UJJS; gnat@google.com,kat@google.com,mattg@google.com,tjd@google.com)"
172.25.132.28 - - [06/Aug/2007:00:20:14 -0700] "GET /talks/4931/ HTTP/1.0" 200 3404 "-" "Mozilla/5.0 (X11; U; Linux i686 (x86_64); en-US; rv:1.8.1.4) Gecko/20070515 Firefox/2.0.0.4"
172.19.250.29 - - [06/Aug/2007:00:19:19 -0700] "GET /talks/3403 HTTP/1.0" 200 3341 "-" "Mozilla/5.0 (Windows; U; Windows NT 5.1; en-US; rv:1.8.1.6) Gecko/20070725 Firefox/2.0.0.6"
172.24.6.65 - - [06/Aug/2007:00:17:13 -0700] "GET /feeds/courses/ HTTP/1.1" 302 3407 "-" "Mozilla/5.0 (Macintosh; U; Intel Mac OS X; en; rv:1.8.1.4) Gecko/20070509 Camino/1.5"
172.25.132.28 - - [06/Aug/2007:00:13:41 -0700] "GET /talks/4966/ HTTP/1.1" 200 513 "-" "Mozilla/5.0 (Windows; U; Windows NT 5.1; en-US; rv:1.8.1.6) Gecko/20070725 Firefox/2.0.0.6"
172.24.222.138 - - [06/Aug/2007:00:21:13 -0700] "GET /~nparlante/puzzle/place-bhga-bbed.jpg HTTP/1.0" 200 528 "-" "googlebot-mscrawl-moma (Enterprise; C5-JFHFMDWZ6UJJS; gnat@google.com,kat@google.com,mattg@google.com,tjd@google.com)"
172.24.222.138 - - [06/Aug/2007:00:06:22 -0700] "GET /?qdetail=1&qid=1894 HTTP/1.0" 200 12969 "-" "Mozilla/5.0 (Windows; U; Windows NT 5.1; en-US; rv:1.8) Gecko/20051111 Firefox/1.5"
10.1.40.113 - - [06/Aug/2007:00:18:22 -0700] "GET /talks/4533/ HTTP/1.0" 404 6583 "-" "Mozilla/5.0 (Windows; U; Windows NT 5.1; en-US; rv:1.8.1.6) Gecko/20070725 Firefox/2.0.0.6"
172.29.16.52 - - [06/Aug/2007:00:13:48 -0700] "GET /talks/4534/ HTTP/1.0" 404 528 "-" "googlebot-mscrawl-moma (Enterprise; GIX-03752; gnat@google.com,kat@google.com,mattg@google.com,gopinath@google.com)"
172.25.199.58 - - [06/Aug/2007:00:06:42 -0700] "GET /~nparlante/puzzle/place-bghc-bacc.jpg HTTP/1.0" 200 513 "-" "googlebot-mscrawl-moma (Enterprise; GIX-03752; gnat@google.com,kat@google.com,mattg@google.com,gopinath@google.com)"
172.19.250.120 - - [06/Aug/2007:00:14:26 -0700] "GET /talks/search/metric%20system/?q=metric+system&proxystylesheet=internal&hq=talks&site=internal&access=a&client=internal&words=&output=xml_no_dtd HTTP/1.1" 200 12969 "-" "Mozilla/5.0 (X11; U; Linux i686 (x86_64); en-US; rv:1.8.1.4) Gecko/20070515 Firefox/2.0.0.4"
172.24.6.37 - - [06/Aug/2007:00:07:05 -0700] "GET /media/img/no_picture.jpg HTTP/1.1" 302 528 "-" "Mozilla/5.0 (Windows; U; Windows NT 5.1; en-US; rv:1.8) Gecko/20051111 Firefox/1.5"
172.25.226.66 - - [06/Aug/2007:00:18:07 -0700] "GET /~nparlante/puzzle/place-bfgc-bagh.jpg HTTP/1.0" 302 528 "-" "Mozilla/5.0 (X11; U; Linux i686 (x86_64); en-US; rv:1.8.1.4) Gecko/20070515 Firefox/2.0.0.4"
172.25.132.28 - - [06/Aug/2007:00:18:55 -0700] "GET /talks/4534/ HTTP/1.0" 302 5164 "-" "Mozilla/5.0 (Windows; U; Windows NT 5.1; en-US; rv:1.8.1.6) Gecko/20070725 Firefox/2.0.0.6"
172.18.117.242 - - [06/Aug/2007:00:13:56 -0700] "GET /media/img/techtalk_logo.png HTTP/1.1" 200 528 "-" "googlebot-mscrawl-moma (Enterprise; C5-JFHFMDWZ6UJJS; gnat@google.com,kat@google.com,mattg@google.com,tjd@google.com)"
172.25.132.28 - - [06/Aug/2007:00:15:30 -0700] "GET /talks/2754/ HTTP/1.0" 200 540 "-" "FeedTools/0.2.24 +http://www.sporkmonger.com/projects/feedtools/"
172.24.6.37 - - [06/Aug/2007:00:20:00 -0700] "GET /~nparlante/puzzle/place-baeg-bbai.jpg HTTP/1.0" 302 528 "-" "googlebot-mscrawl-moma (Enterprise; C5-JFHFMDWZ6UJJS; gnat@google.com,kat@google.com,mattg@google.com,tjd@google.com)"
172.24.6.37 - - [06/Aug/2007:00:06:17 -0700] "GET /talks/494/ HTTP/1.0" 200 3341 "-" "Mozilla/5.0 (Windows; U; Windows NT 5.1; en-US; rv:1.8) Gecko/20051111 Firefox/1.5"
172.19.250.29 - - [06/Aug/2007:00:18:20 -0700] "GET / HTTP/1.0" 302 7929 "-" "Mozilla/5.0 (Windows; U; Windows NT 5.1; en-US; rv:1.8.1.6) Gecko/20070725 Firefox/2.0.0.6"
172.29.16.52 - - [06/Aug/2007:00:13:28 -0700] "GET /media/img/techtalk_logo.png HTTP/1.1" 302 2309 "-" "googlebot-mscrawl-moma (Enterprise; C5-JFHFMDWZ6UJJS; gnat@google.com,kat@google.com,mattg@google.com,tjd@google.com)"
172.19.250.29 - - [06/Aug/2007:00:09:53 -0700] "GET /~nparlante/puzzle/place-bche-bafh.jpg HTTP/1.0" 302 417 "-" "Mozilla/5.0 (Windows; U; Windows NT 5.1; en-US; rv:1.8.0.12) Gecko/20070508 Firefox/1.5.0.12"
172.24.222.138 - - [06/Aug/2007:00:13:56 -0700] "GET / HTTP/1.0" 200 12969 "-" "googlebot-mscrawl-moma (Enterprise; C5-JFHFMDWZ6UJJS; gnat@google.com,kat@google.com,mattg@google.com,tjd@google.com)"
172.19.250.81 - - [06/Aug/2007:00:11:25 -0700] "GET /favicon.ico HTTP/1.1" 302 528 "-" "googlebot-mscrawl-moma (Enterprise; C5-JFHFMDWZ6UJJS; gnat@google.com,kat@google.com,mattg@google.com,tjd@google.com)"
172.24.222.138 - - [06/Aug/2007:00:06:08 -0700] "GET /~nparlante/puzzle/place-bhhg-babe.jpg HTTP/1.0" 302 2309 "-" "Mozilla/5.0 (X11; U; Linux i686 (x86_64); en-US; rv:1.8.1.4) Gecko/20070515 Firefox/2.0.0.4"
172.25.129.1 - - [06/Aug/2007:00:13:47 -0700] "GET /talks/4641/ HTTP/1.0" 200 4971 "-" "-"
172.24.6.65 - - [06/Aug/2007:00:20:11 -0700] "GET /~nparlante/puzzle/place-bfgd-bbci.jpg HTTP/1.0" 200 3341 "-" "Mozilla/5.0 (Windows; U; Windows NT 5.1; en-US; rv:1.8.1.6) Gecko/20070725 Firefox/2.0.0.6"
172.24.222.138 - - [06/Aug/2007:00:13:41 -0700] "GET /talks/4533/ HTTP/1.1" 404 525 "-" "Mozilla/5.0 (Windows; U; Windows NT 5.1; en-US; rv:1.8.0.12) Gecko/20070508 Firefox/1.5.0.12"
172.22.105.112 - - [06/Aug/2007:00:06:52 -0700] "GET /talks/4417/ HTTP/1.0" 302 16320 "-" "Mozilla/5.0 (Windows; U; Windows NT 5.1; en-US; rv:1.8.1.6) Gecko/20070725 Firefox/2.0.0.6"
172.24.6.38 - - [06/Aug/2007:00:13:49 -0700] "GET /media/js_events/search.js HTTP/1.1" 302 414 "-" "googlebot-mscrawl-moma (Enterprise; GIX-03752; gnat@google.com,kat@google.com,mattg@google.com,gopinath@google.com)"
172.24.222.138 - - [06/Aug/2007:00:20:00 -0700] "GET /media/img/rss.png HTTP/1.0" 302 528 "-" "Mozilla/5.0 (Windows; U; Windows NT 5.1; en-US; rv:1.8.1.6) Gecko/20070725 Firefox/2.0.0.6"
172.24.222.138 - - [06/Aug/2007:00:07:05 -0700] "GET /talks/4533/ HTTP/1.1" 200 525 "-" "Mozilla/5.0 (Windows; U; Windows NT 5.1; en-US; rv:1.8.1.6; Google-TR-5.1.706.29690-en) Gecko/20070725 Firefox/2.0.0.6"
172.19.243.193 - - [06/Aug/2007:00:20:08 -0700] "GET /favicon.ico HTTP/1.0" 200 528 "-" "googlebot-mscrawl-moma (Enterprise; GIX-03752; gnat@google.com,kat@google.com,mattg@google.com,gopinath@google.com)"
172.25.132.28 - - [06/Aug/2007:00:11:15 -0700] "GET /favicon.ico HTTP/1.1" 302 3940 "-" "Mozilla/5.0 (Windows; U; Windows NT 5.1; en-US; rv:1.8.1.6) Gecko/20070725 Firefox/2.0.0.6"
172.18.117.242 - - [06/Aug/2007:00:12:19 -0700] "GET /talks/3263/ HTTP/1.0" 200 414 "-" "Mozilla/5.0 (Windows; U; Windows NT 5.1; en-US; rv:1.8.1.6) Gecko/20070725 Firefox/2.0.0.6"
172.25.132.28 - - [06/Aug/2007:00:16:34 -0700] "GET /talks/4947/ HTTP/1.1" 200 18124 "-" "googlebot-mscrawl-moma (Enterprise; GIX-03752; gnat@google.com,kat@google.com,mattg@google.com,gopinath@google.com)"
172.24.222.138 - - [06/Aug/2007:00:20:27 -0700] "GET /talks/4959/ HTTP/1.1" 302 513 "-" "Mozilla/5.0 (Windows; U; Windows NT 5.1; en-US; rv:1.8) Gecko/20051111 Firefox/1.5"
10.1.40.113 - - [06/Aug/2007:00:21:13 -0700] "GET /talks/4708/ HTTP/1.0" 302 3404 "-" "Mozilla/5.0 (X11; U; Linux i686 (x86_64); en-US; rv:1.8.1.4) Gecko/20070515 Firefox/2.0.0.4"
172.25.132.28 - - [06/Aug/2007:00:12:19 -0700] "GET /~nparlante/puzzle/place-behe-bbab.jpg HTTP/1.0" 302 18124 "-" "googlebot-mscrawl-moma (Enterprise; GIX-03752; gnat@google.com,kat@google.com,mattg@google.com,gopinath@google.com)"
10.1.40.113 - - [06/Aug/2007:00:06:49 -0700] "GET /talks/172/ HTTP/1.0" 200 3404 "-" "Mozilla/5.0 (Macintosh; U; Intel Mac OS X; en; rv:1.8.1.4) Gecko/20070509 Camino/1.5"
172.25.132.28 - - [06/Aug/2007:00:14:26 -0700] "GET /talks/4840/ HTTP/1.0" 200 7450 "-" "googlebot-mscrawl-moma (Enterprise; C5-JFHFMDWZ6UJJS; gnat@google.com,kat@google.com,mattg@google.com,tjd@google.com)"
172.25.132.28 - - [06/Aug/2007:00:17:12 -0700] "GET /onebox/?apiMaj=1&apiMin=0&oneboxName=techtalks&lang=en&ipAddr=172.30.62.67&dateTime=2007-08-06%3A00%3A18%3A22&query=tech%20talks&p0=&p1=tech&authType=none HTTP/1.1" 302 414 "-" "googlebot-mscrawl-moma (Enterprise; GIX-03752; gnat@google.com,kat@google.com,mattg@google.com,gopinath@google.com)"
172.18.117.242 - - [06/Aug/2007:00:14:26 -0700] "GET /talks/2785/ HTTP/1.0" 200 19124 "-" "Mozilla/5.0 (Windows; U; Windows NT 5.1; en-US; rv:1.8.1.6; Google-TR-5.1.706.29690-en) Gecko/20070725 Firefox/2.0.0.6"
10.1.40.113 - - [06/Aug/2007:00:17:13 -0700] "GET /talks/3514 HTTP/1.0" 302 6962 "-" "Mozilla/5.0 (Windows; U; Windows NT 5.1; en-US; rv:1.8.1.6) Gecko/20070725 Firefox/2.0.0.6"
172.25.132.28 - - [06/Aug/2007:00:09:10 -0700] "GET /media/img/powered_by_engedu.png HTTP/1.1" 200 527 "-" "Mozilla/5.0 (Windows; U; Windows NT 5.1; en-US; rv:1.8.1.6) Gecko/20070725 Firefox/2.0.0.6"
172.25.132.28 - - [06/Aug/2007:00:18:55 -0700] "GET /?page=3 HTTP/1.0" 302 414 "-" "Mozilla/5.0 (Windows; U; Windows NT 5.1; en-US; rv:1.8.1.6) Gecko/20070725 Firefox/2.0.0.6"
172.25.199.58 - - [06/Aug/2007:00:21:12 -0700] "GET /talks/4962/ HTTP/1.1" 200 4977 "-" "googlebot-mscrawl-moma (Enterprise; C5-JFHFMDWZ6UJJS; gnat@google.com,kat@google.com,mattg@google.com,tjd@google.com)"
172.24.222.138 - - [06/Aug/2007:00:05:29 -0700] "GET /talks/3969/ HTTP/1.0" 302 527 "-" "googlebot-mscrawl-moma (Enterprise; C5-JFHFMDWZ6UJJS; gnat@google.com,kat@google.com,mattg@google.com,tjd@google.com)"
10.1.40.113 - - [06/Aug/2007:00:19:34 -0700] "GET /~nparlante/puzzle/place-bdag-baff.jpg HTTP/1.0" 200 525 "-" "Mozilla/5.0 (Windows; U; Windows NT 5.1; en-US; rv:1.8.1.6) Gecko/20070725 Firefox/2.0.0.6"
172.18.90.28 - - [06/Aug/2007:00:12:18 -0700] "GET /~nparlante/puzzle/place-bidi-baeb.jpg HTTP/1.0" 200 528 "-" "googlebot-mscrawl-moma (Enterprise; GIX-03752; gnat@google.com,kat@google.com,mattg@google.com,gopinath@google.com)"
172.19.250.29 - - [06/Aug/2007:00:10:04 -0700] "GET / HTTP/1.0" 302 528 "-" "googlebot-mscrawl-moma (Enterprise; C5-JFHFMDWZ6UJJS; gnat@google.com,kat@google.com,mattg@google.com,tjd@google.com)"
172.24.222.138 - - [06/Aug/2007:00:16:34 -0700] "GET / HTTP/1.0" 200 402 "-" "googlebot-mscrawl-moma (Enterprise; C5-JFHFMDWZ6UJJS; gnat@google.com,kat@google.com,mattg@google.com,tjd@google.com)"
172.24.6.37 - - [06/Aug/2007:00:13:41 -0700] "GET /talks/2342 HTTP/1.0" 302 513 "-" "googlebot-mscrawl-moma (Enterprise; C5-JFHFMDWZ6UJJS; gnat@google.com,kat@google.com,mattg@google.com,tjd@google.com)"
172.24.6.38 - - [06/Aug/2007:00:10:03 -0700] "GET /talks/3403 HTTP/1.0" 302 16320 "-" "Mozilla/5.0 (X11; U; Linux i686 (x86_64); en-US; rv:1.8.1.4) Gecko/20070515 Firefox/2.0.0.4"
172.29.16.52 - - [06/Aug/2007:00:17:13 -0700] "GET /media/css/fish.css HTTP/1.1" 200 10496 "-" "googlebot-mscrawl-moma (Enterprise; C5-JFHFMDWZ6UJJS; gnat@google.com,kat@google.com,mattg@google.com,tjd@google.com)"
172.25.132.28 - - [06/Aug/2007:00:11:08 -0700] "GET /?page=4 HTTP/1.0" 302 6962 "-" "Mozilla/5.0 (Windows; U; Windows NT 5.1; en-US; rv:1.8.1.6) Gecko/20070725 Firefox/2.0.0.6"
172.24.222.138 - - [06/Aug/2007:00:18:55 -0700] "GET /?page=6 HTTP/1.0" 302 528 "-" "googlebot-mscrawl-moma (Enterprise; C5-JFHFMDWZ6UJJS; gnat@google.com,kat@google.com,mattg@google.com,tjd@google.com)"
172.19.252.112 - - [06/Aug/2007:00:16:27 -0700] "GET /~nparlante/puzzle/place-bjhf-bbcg.jpg HTTP/1.0" 302 415 "-" "googlebot-mscrawl-moma (Enterprise; GIX-03752; gnat@google.com,kat@google.com,mattg@google.com,gopinath@google.com)"
10.1.40.113 - - [06/Aug/2007:00:20:28 -0700] "GET /media/img/techtalk_logo.png HTTP/1.1" 200 414 "-" "Mozilla/5.0 (Windows; U; Windows NT 5.1; en-US; rv:1.8.1.6) Gecko/20070725 Firefox/2.0.0.6"
172.25.132.28 - - [06/Aug/2007:00:12:19 -0700] "GET /media/img/powered_by_engedu.png HTTP/1.1" 302 4294 "-" "googlebot-mscrawl-moma (Enterprise; GIX-03752; gnat@google.com,kat@google.com,mattg@google.com,gopinath@google.com)"
172.29.16.52 - - [06/Aug/2007:00:09:48 -0700] "GET /talks/342/ HTTP/1.0" 200 18124 "-" "googlebot-mscrawl-moma (Enterprise; GIX-03752; gnat@google.com,kat@google.com,mattg@google.com,gopinath@google.com)"
172.25.132.28 - - [06/Aug/2007:00:11:14 -0700] "GET / HTTP/1.0" 200 4290 "-" "googlebot-mscrawl-moma (Enterprise; GIX-03752; gnat@google.com,kat@google.com,mattg@google.com,gopinath@google.com)"
172.25.132.28 - - [06/Aug/2007:00:17:11 -0700] "GET /feeds/talks/ HTTP/1.1" 200 17937 "-" "googlebot-mscrawl-moma (Enterprise; C5-JFHFMDWZ6UJJS; gnat@google.com,kat@google.com,mattg@google.com,tjd@google.com)"
172.24.222.138 - - [06/Aug/2007:00:17:08 -0700] "GET /favicon.ico HTTP/1.1" 302 7929 "-" "googlebot-mscrawl-moma (Enterprise; S4-GH7K4HW9PSNAA; tjd@google.com)"
172.18.90.28 - - [06/Aug/2007:00:10:04 -0700] "GET /~nparlante/puzzle/place-bhjh-bacd.jpg HTTP/1.0" 302 402 "-" "Mozilla/5.0 (Macintosh; U; Intel Mac OS X; en; rv:1.8.1.4) Gecko/20070509 Camino/1.5"
172.18.90.28 - - [06/Aug/2007:00:13:47 -0700] "GET /talks/4947/ HTTP/1.0" 200 3341 "-" "googlebot-mscrawl-moma (Enterprise; GIX-03752; gnat@google.com,kat@google.com,mattg@google.com,gopinath@google.com)"
172.19.252.112 - - [06/Aug/2007:00:14:26 -0700] "GET /~nparlante/puzzle/place-bfig-bbdb.jpg HTTP/1.0" 200 527 "-" "Mozilla/5.0 (Windows; U; Windows NT 5.1; en-US; rv:1.8.1.6) Gecko/20070725 Firefox/2.0.0.6"
172.18.117.242 - - [06/Aug/2007:00:21:12 -0700] "GET /talks/4840/ HTTP/1.0" 302 2396 "-" "Mozilla/5.0 (X11; U; Linux i686 (x86_64); en-US; rv:1.8.1.4) Gecko/20070515 Firefox/2.0.0.4"
172.25.199.56 - - [06/Aug/2007:00:20:00 -0700] "GET /~nparlante/puzzle/place-bgcb-babc.jpg HTTP/1.0" 302 18124 "-" "Mozilla/5.0 (Windows; U; Windows NT 5.1; en-US; rv:1.8) Gecko/20051111 Firefox/1.5"
172.25.132.28 - - [06/Aug/2007:00:06:07 -0700] "GET /talks/4947 HTTP/1.0" 302 402 "-" "googlebot-mscrawl-moma (Enterprise; C5-JFHFMDWZ6UJJS; gnat@google.com,kat@google.com,mattg@google.com,tjd@google.com)"
172.19.252.112 - - [06/Aug/2007:00:06:07 -0700] "GET / HTTP/1.0" 200 528 "-" "googlebot-mscrawl-moma (Enterprise; C5-JFHFMDWZ6UJJS; gnat@google.com,kat@google.com,mattg@google.com,tjd@google.com)"
172.24.222.138 - - [06/Aug/2007:00:06:17 -0700] "GET /talks/298/ HTTP/1.0" 302 10496 "-" "Mozilla/5.0 (Windows; U; Windows NT 5.1; en-US; rv:1.8.1.6) Gecko/20070725 Firefox/2.0.0.6"
172.19.250.120 - - [06/Aug/2007:00:05:30 -0700] "GET /talks/4519/ HTTP/1.0" 200 528 "-" "-"
172.19.252.112 - - [06/Aug/2007:00:11:14 -0700] "GET /talks/3906/ HTTP/1.0" 302 22950 "-" "googlebot-mscrawl-moma (Enterprise; C5-JFHFMDWZ6UJJS; gnat@google.com,kat@google.com,mattg@google.com,tjd@google.com)"
10.1.40.113 - - [06/Aug/2007:00:20:29 -0700] "GET /talks/4938/ HTTP/1.1" 200 3404 "-" "Mozilla/5.0 (Windows; U; Windows NT 5.1; en-US; rv:1.8.1.6) Gecko/20070725 Firefox/2.0.0.6"
172.25.226.66 - - [06/Aug/2007:00:16:35 -0700] "GET /~nparlante/puzzle/place-bgjc-bbch.jpg HTTP/1.0" 200 12969 "-" "googlebot-mscrawl-moma (Enterprise; GIX-03752; gnat@google.com,kat@google.com,mattg@google.com,gopinath@google.com)"
172.24.222.138 - - [06/Aug/2007:00:12:17 -0700] "GET /favicon.ico HTTP/1.0" 302 539 "-" "Mozilla/5.0 (X11; U; Linux i686 (x86_64); en-US; rv:1.8.1.4) Gecko/20070515 Firefox/2.0.0.4"
172.25.226.66 - - [06/Aug/2007:00:12:19 -0700] "GET /media/js_events/search.js HTTP/1.1" 200 402 "-" "Mozilla/5.0 (Macintosh; U; PPC Mac OS X Mach-O; en-US; rv:1.8.1.6) Gecko/20070725 Firefox/2.0.0.6"
172.18.117.242 - - [06/Aug/2007:00:06:22 -0700] "GET /talks/2300/ HTTP/1.0" 200 1823 "-" "Mozilla/5.0 (Windows; U; Windows NT 5.1; en-US; rv:1.8.1.6) Gecko/20070725 Firefox/2.0.0.6"
172.24.90.94 - - [06/Aug/2007:00:20:27 -0700] "GET /talks/4962 HTTP/1.1" 200 22950 "-" "googlebot-mscrawl-moma (Enterprise; C5-JFHFMDWZ6UJJS; gnat@google.com,kat@google.com,mattg@google.com,tjd@google.com)"
172.24.6.37 - - [06/Aug/2007:00:12:17 -0700] "GET / HTTP/1.1" 200 525 "-" "googlebot-mscrawl-moma (Enterprise; GIX-03752; gnat@google.com,kat@google.com,mattg@google.com,gopinath@google.com)"
172.25.132.28 - - [06/Aug/2007:00:17:13 -0700] "GET /talks/4519/ HTTP/1.0" 200 528 "-" "Mozilla/5.0 (Macintosh; U; Intel Mac OS X; en; rv:1.8.1.4) Gecko/20070509 Camino/1.5"
10.1.40.42 - - [06/Aug/2007:00:17:11 -0700] "GET /favicon.ico HTTP/1.0" 302 18124 "-" "googlebot-mscrawl-moma (Enterprise; GIX-03752; gnat@google.com,kat@google.com,mattg@google.com,gopinath@google.com)"
172.25.132.28 - - [06/Aug/2007:00:06:15 -0700] "GET /~nparlante/puzzle/place-bcej-baaf.jpg HTTP/1.0" 302 1823 "-" "Mozilla/5.0 (Windows; U; Windows NT 5.1; en-US; rv:1.8.0.12) Gecko/20070508 Firefox/1.5.0.12"
172.29.248.42 - - [06/Aug/2007:00:13:41 -0700] "GET / HTTP/1.0" 302 2309 "-" "googlebot-mscrawl-moma (Enterprise; GIX-03752; gnat@google.com,kat@google.com,mattg@google.com,gopinath@google.com)"
172.24.6.63 - - [06/Aug/2007:00:11:13 -0700] "GET /talks/3667 HTTP/1.0" 302 402 "-" "googlebot-mscrawl-moma (Enterprise; C5-JFHFMDWZ6UJJS; gnat@google.com,kat@google.com,mattg@google.com,tjd@google.com)"
172.25.132.28 - - [06/Aug/2007:00:05:55 -0700] "GET /talks/3072/ HTTP/1.0" 302 539 "-" "googlebot-mscrawl-moma (Enterprise; C5-JFHFMDWZ6UJJS; gnat@google.com,kat@google.com,mattg@google.com,tjd@google.com)"
172.24.6.63 - - [06/Aug/2007:00:10:05 -0700] "GET /?qdetail=1&qid=1978 HTTP/1.0" 200 18124 "-" "Mozilla/5.0 (Windows; U; Windows NT 5.1; en-US; rv:1.8.0.12) Gecko/20070508 Firefox/1.5.0.12"
172.24.222.138 - - [06/Aug/2007:00:13:48 -0700] "GET /favicon.ico HTTP/1.0" 302 528 "-" "Mozilla/5.0 (Windows; U; Windows NT 5.1; en-US; rv:1.8.1.6) Gecko/20070725 Firefox/2.0.0.6"
172.25.132.28 - - [06/Aug/2007:00:20:14 -0700] "GET /talks/2785/ HTTP/1.0" 302 528 "-" "googlebot-mscrawl-moma (Enterprise; GIX-03752; gnat@google.com,kat@google.com,mattg@google.com,gopinath@google.com)"
172.19.252.112 - - [06/Aug/2007:00:13:48 -0700] "GET /talks/4931/ HTTP/1.0" 302 5694 "-" "Mozilla/5.0 (Windows; U; Windows NT 5.1; en-US; rv:1.8.1.6) Gecko/20070725 Firefox/2.0.0.6"
172.30.60.53 - - [06/Aug/2007:00:14:54 -0700] "GET / HTTP/1.0" 302 19130 "-" "googlebot-mscrawl-moma (Enterprise; C5-JFHFMDWZ6UJJS; gnat@google.com,kat@google.com,mattg@google.com,tjd@google.com)"
172.19.250.81 - - [06/Aug/2007:00:19:53 -0700] "GET / HTTP/1.0" 200 4288 "-" "Mozilla/5.0 (Windows; U; Windows NT 5.1; en-US; rv:1.8.1.6) Gecko/20070725 Firefox/2.0.0.6"
172.24.6.38 - - [06/Aug/2007:00:11:14 -0700] "GET /favicon.ico HTTP/1.0" 302 2309 "-" "Mozilla/5.0 (Windows; U; Windows NT 5.1; en-US; rv:1.8.1.6) Gecko/20070725 Firefox/2.0.0.6"
172.19.250.29 - - [06/Aug/2007:00:05:41 -0700] "GET /favicon.ico HTTP/1.0" 200 18124 "-" "Mozilla/5.0 (Windows; U; Windows NT 5.1; en-US; rv:1.8.1.6) Gecko/20070725 Firefox/2.0.0.6"
172.24.222.138 - - [06/Aug/2007:00:06:27 -0700] "GET /talks/3033/ HTTP/1.0" 200 540 "-" "Mozilla/5.0 (Windows; U; Windows NT 5.1; en-US; rv:1.8.1.6) Gecko/20070725 Firefox/2.0.0.6"
10.1.40.113 - - [06/Aug/2007:00:17:02 -0700] "GET /talks/4931/ HTTP/1.0" 302 6962 "-" "Mozilla/5.0 (Windows; U; Windows NT 5.1; en-US; rv:1.8.1.6) Gecko/20070725 Firefox/2.0.0.6"
172.22.105.74 - - [06/Aug/2007:00:06:08 -0700] "GET /talks/4841/ HTTP/1.0" 302 526 "-" "Mozilla/5.0 (Windows; U; Windows NT 5.1; en-US; rv:1.8) Gecko/20051111 Firefox/1.5"
172.24.222.138 - - [06/Aug/2007:00:21:13 -0700] "GET /~nparlante/puzzle/place-bjgg-baic.jpg HTTP/1.0" 200 528 "-" "Mozilla/5.0 (Windows; U; Windows NT 5.1; en-US; rv:1.8) Gecko/20051111 Firefox/1.5"
172.22.105.74 - - [06/Aug/2007:00:14:11 -0700] "GET /talks/3266/ HTTP/1.0" 200 2309 "-" "Mozilla/5.0 (Macintosh; U; PPC Mac OS X Mach-O; en-US; rv:1.8.1.6) Gecko/20070725 Firefox/2.0.0.6"
172.19.243.193 - - [06/Aug/2007:00:11:14 -0700] "GET /feeds/talks/ HTTP/1.1" 302 1823 "-" "Mozilla/5.0 (Macintosh; U; PPC Mac OS X Mach-O; en-US; rv:1.8.0.1; Google-TR-3) Gecko/20060111 Firefox/1.5.0.1"
172.30.18.57 - - [06/Aug/2007:00:20:08 -0700] "GET /?qdetail=1&qid=1999 HTTP/1.0" 200 527 "-" "googlebot-mscrawl-moma (Enterprise; C5-JFHFMDWZ6UJJS; gnat@google.com,kat@google.com,mattg@google.com,tjd@google.com)"
172.19.250.81 - - [06/Aug/2007:00:17:08 -0700] "GET /~nparlante/puzzle/place-bicj-badd.jpg HTTP/1.0" 200 4067 "-" "googlebot-mscrawl-moma (Enterprise; C5-JFHFMDWZ6UJJS; gnat@google.com,kat@google.com,mattg@google.com,tjd@google.com)"
172.19.252.112 - - [06/Aug/2007:00:14:11 -0700] "GET /?page=5 HTTP/1.0" 302 19134 "-" "Mozilla/5.0 (Windows; U; Windows NT 5.1; en-US; rv:1.8.0.12) Gecko/20070508 Firefox/1.5.0.12"
172.24.6.37 - - [06/Aug/2007:00:13:29 -0700] "GET /talks/2904/ HTTP/1.0" 200 513 "-" "Mozilla/5.0 (X11; U; Linux i686 (x86_64); en-US; rv:1.8.1.4) Gecko/20070515 Firefox/2.0.0.4"
172.24.82.149 - - [06/Aug/2007:00:13:41 -0700] "GET /talks/past/ HTTP/1.1" 302 342 "-" "googlebot-mscrawl-moma (Enterprise; C5-JFHFMDWZ6UJJS; gnat@google.com,kat@google.com,mattg@google.com,tjd@google.com)"
172.25.132.28 - - [06/Aug/2007:00:13:29 -0700] "GET /media/js_events/search.js HTTP/1.1" 200 528 "-" "Mozilla/5.0 (Windows; U; Windows NT 5.1; en-US; rv:1.8.1.6) Gecko/20070725 Firefox/2.0.0.6"
172.29.16.52 - - [06/Aug/2007:00:13:52 -0700] "GET /talks/4660 HTTP/1.0" 200 4610 "-" "FeedTools/0.2.24 +http://www.sporkmonger.com/projects/feedtools/"
172.24.6.65 - - [06/Aug/2007:00:10:05 -0700] "GET /~nparlante/puzzle/place-bjaf-bbaj.jpg HTTP/1.0" 302 526 "-" "googlebot-mscrawl-moma (Enterprise; C5-JFHFMDWZ6UJJS; gnat@google.com,kat@google.com,mattg@google.com,tjd@google.com)"
172.25.132.28 - - [06/Aug/2007:00:10:04 -0700] "GET / HTTP/1.0" 200 526 "-" "Mozilla/5.0 (Windows; U; Windows NT 5.1; en-US; rv:1.8.1.6) Gecko/20070725 Firefox/2.0.0.6"
172.25.132.28 - - [06/Aug/2007:00:19:44 -0700] "GET /media/img/no_picture.jpg HTTP/1.1" 200 528 "-" "googlebot-mscrawl-moma (Enterprise; GIX-03752; gnat@google.com,kat@google.com,mattg@google.com,gopinath@google.com)"
10.1.40.113 - - [06/Aug/2007:00:20:19 -0700] "GET /talks/4534/ HTTP/1.0" 302 4237 "-" "googlebot-mscrawl-moma (Enterprise; GIX-03752; gnat@google.com,kat@google.com,mattg@google.com,gopinath@google.com)"
172.19.252.112 - - [06/Aug/2007:00:20:08 -0700] "GET /talks/391/ HTTP/1.0" 200 2396 "-" "googlebot-mscrawl-moma (Enterprise; C5-JFHFMDWZ6UJJS; gnat@google.com,kat@google.com,mattg@google.com,tjd@google.com)"
172.24.222.138 - - [06/Aug/2007:00:13:27 -0700] "GET /media/img/no_picture.jpg HTTP/1.1" 302 5694 "-" "Mozilla/5.0 (X11; U; Linux i686 (x86_64); en-US; rv:1.8.1.4) Gecko/20070515 Firefox/2.0.0.4"
172.19.252.112 - - [06/Aug/2007:00:12:19 -0700] "GET /~nparlante/puzzle/place-bbae-bbcb.jpg HTTP/1.0" 200 18124 "-" "googlebot-mscrawl-moma (Enterprise; C5-JFHFMDWZ6UJJS; gnat@google.com,kat@google.com,mattg@google.com,tjd@google.com)"
172.18.117.242 - - [06/Aug/2007:00:13:49 -0700] "GET /?qdetail=1&qid=1894 HTTP/1.0" 302 3404 "-" "googlebot-mscrawl-moma (Enterprise; C5-JFHFMDWZ6UJJS; gnat@google.com,kat@google.com,mattg@google.com,tjd@google.com)"
172.25.132.28 - - [06/Aug/2007:00:13:27 -0700] "GET /talks/2139/ HTTP/1.0" 200 4288 "-" "googlebot-mscrawl-moma (Enterprise; C5-JFHFMDWZ6UJJS; gnat@google.com,kat@google.com,mattg@google.com,tjd@google.com)"
172.24.90.94 - - [06/Aug/2007:00:10:03 -0700] "GET /favicon.ico HTTP/1.0" 302 16320 "-" "Mozilla/5.0 (Windows; U; Windows NT 5.1; en-US; rv:1.8.1.6) Gecko/20070725 Firefox/2.0.0.6"
172.24.6.38 - - [06/Aug/2007:00:19:19 -0700] "GET /talks/3403 HTTP/1.0" 200 18124 "-" "googlebot-mscrawl-moma (Enterprise; GIX-03752; gnat@google.com,kat@google.com,mattg@google.com,gopinath@google.com)"
172.24.222.138 - - [06/Aug/2007:00:13:28 -0700] "GET /media/img/powered_by_engedu.png HTTP/1.1" 302 528 "-" "Mozilla/5.0 (Windows; U; Windows NT 5.1; en-US; rv:1.8.1.6; Google-TR-5.1.706.29690-en) Gecko/20070725 Firefox/2.0.0.6"
172.25.132.28 - - [06/Aug/2007:00:21:12 -0700] "GET /~nparlante/puzzle/place-bcbi-bbbh.jpg HTTP/1.0" 200 513 "-" "Mozilla/5.0 (Macintosh; U; Intel Mac OS X; en; rv:1.8.1.4) Gecko/20070509 Camino/1.5"
172.19.250.81 - - [06/Aug/2007:00:14:54 -0700] "GET /talks/4417/ HTTP/1.0" 302 528 "-" "Mozilla/5.0 (Windows; U; Windows NT 5.1; en-US; rv:1.8.1.6) Gecko/20070725 Firefox/2.0.0.6"
172.19.243.193 - - [06/Aug/2007:00:11:13 -0700] "GET /talks/4841/ HTTP/1.0" 200 18124 "-" "Mozilla/5.0 (Macintosh; U; Intel Mac OS X; en; rv:1.8.1.4) Gecko/20070509 Camino/1.5"
10.1.40.113 - - [06/Aug/2007:00:17:13 -0700] "GET /talks/4417/ HTTP/1.0" 302 402 "-" "googlebot-mscrawl-moma (Enterprise; C5-JFHFMDWZ6UJJS; gnat@google.com,kat@google.com,mattg@google.com,tjd@google.com)"
172.24.222.138 - - [06/Aug/2007:00:06:52 -0700] "GET / HTTP/1.0" 200 3341 "-" "Mozilla/5.0 (Macintosh; U; Intel Mac OS X; en; rv:1.8.1.4) Gecko/20070509 Camino/1.5"
172.19.250.81 - - [06/Aug/2007:00:05:54 -0700] "GET /feeds/talks/ HTTP/1.1" 200 513 "-" "googlebot-mscrawl-moma (Enterprise; C5-JFHFMDWZ6UJJS; gnat@google.com,kat@google.com,mattg@google.com,tjd@google.com)"
172.18.117.242 - - [06/Aug/2007:00:16:35 -0700] "GET /talks/4884/ HTTP/1.1" 302 540 "-" "Mozilla/5.0 (Windows; U; Windows NT 5.1; en-US; rv:1.8.1.6) Gecko/20070725 Firefox/2.0.0.6"
172.24.6.65 - - [06/Aug/2007:00:21:13 -0700] "GET /?qdetail=1&qid=1999 HTTP/1.0" 302 1823 "-" "Mozilla/5.0 (Windows; U; Windows NT 5.1; en-US; rv:1.8.1.6) Gecko/20070725 Firefox/2.0.0.6"
172.22.105.74 - - [06/Aug/2007:00:12:19 -0700] "GET /favicon.ico HTTP/1.0" 302 18840 "-" "googlebot-mscrawl-moma (Enterprise; C5-JFHFMDWZ6UJJS; gnat@google.com,kat@google.com,mattg@google.com,tjd@google.com)"
172.25.132.28 - - [06/Aug/2007:00:16:35 -0700] "GET /~nparlante/puzzle/place-bbfi-bbbc.jpg HTTP/1.0" 302 18124 "-" "googlebot-mscrawl-moma (Enterprise; GIX-03752; gnat@google.com,kat@google.com,mattg@google.com,gopinath@google.com)"
172.24.6.38 - - [06/Aug/2007:00:10:04 -0700] "GET /media/js_events/search.js HTTP/1.1" 404 528 "-" "Mozilla/5.0 (X11; U; Linux i686 (x86_64); en-US; rv:1.8.1.4) Gecko/20070515 Firefox/2.0.0.4"
10.1.40.113 - - [06/Aug/2007:00:13:49 -0700] "GET /media/css/fish.css HTTP/1.1" 302 1823 "-" "googlebot-mscrawl-moma (Enterprise; C5-JFHFMDWZ6UJJS; gnat@google.com,kat@google.com,mattg@google.com,tjd@google.com)"
172.24.222.138 - - [06/Aug/2007:00:10:04 -0700] "GET /talks/2904/ HTTP/1.0" 200 513 "-" "Mozilla/5.0 (X11; U; Linux i686 (x86_64); en-US; rv:1.8.1) Gecko/20061010 Firefox/2.0"
172.29.16.52 - - [06/Aug/2007:00:16:34 -0700] "GET /talks/4962/ HTTP/1.1" 302 528 "-" "Mozilla/5.0 (X11; U; Linux i686 (x86_64); en-US; rv:1.8.1.4) Gecko/20070515 Firefox/2.0.0.4"
172.19.243.193 - - [06/Aug/2007:00:15:01 -0700] "GET /?qdetail=1&qid=1978 HTTP/1.0" 302 12969 "-" "Mozilla/5.0 (X11; U; Linux i686 (x86_64); en-US; rv:1.8.1.4) Gecko/20070515 Firefox/2.0.0.4"
172.24.6.37 - - [06/Aug/2007:00:06:22 -0700] "GET /~nparlante/puzzle/place-bhja-bbce.jpg HTTP/1.0" 302 528 "-" "Mozilla/5.0 (Windows; U; Windows NT 5.1; en-US; rv:1.8.1.6) Gecko/20070725 Firefox/2.0.0.6"
